Archive member included to satisfy reference by file (symbol)

C:/ST/STM32CubeCLT_1.18.0/GNU-tools-for-STM32/bin/../lib/gcc/arm-none-eabi/13.3.1/../../../../arm-none-eabi/lib/thumb/v7e-m+fp/hard\libc_nano.a(libc_a-exit.o)
                              C:/ST/STM32CubeCLT_1.18.0/GNU-tools-for-STM32/bin/../lib/gcc/arm-none-eabi/13.3.1/../../../../arm-none-eabi/lib/thumb/v7e-m+fp/hard/crt0.o (exit)
C:/ST/STM32CubeCLT_1.18.0/GNU-tools-for-STM32/bin/../lib/gcc/arm-none-eabi/13.3.1/../../../../arm-none-eabi/lib/thumb/v7e-m+fp/hard\libc_nano.a(libc_a-malloc.o)
                              build/debug/usbh_cdc.o (malloc)
C:/ST/STM32CubeCLT_1.18.0/GNU-tools-for-STM32/bin/../lib/gcc/arm-none-eabi/13.3.1/../../../../arm-none-eabi/lib/thumb/v7e-m+fp/hard\libc_nano.a(libc_a-mallocr.o)
                              C:/ST/STM32CubeCLT_1.18.0/GNU-tools-for-STM32/bin/../lib/gcc/arm-none-eabi/13.3.1/../../../../arm-none-eabi/lib/thumb/v7e-m+fp/hard\libc_nano.a(libc_a-malloc.o) (_malloc_r)
C:/ST/STM32CubeCLT_1.18.0/GNU-tools-for-STM32/bin/../lib/gcc/arm-none-eabi/13.3.1/../../../../arm-none-eabi/lib/thumb/v7e-m+fp/hard\libc_nano.a(libc_a-mlock.o)
                              C:/ST/STM32CubeCLT_1.18.0/GNU-tools-for-STM32/bin/../lib/gcc/arm-none-eabi/13.3.1/../../../../arm-none-eabi/lib/thumb/v7e-m+fp/hard\libc_nano.a(libc_a-mallocr.o) (__malloc_lock)
C:/ST/STM32CubeCLT_1.18.0/GNU-tools-for-STM32/bin/../lib/gcc/arm-none-eabi/13.3.1/../../../../arm-none-eabi/lib/thumb/v7e-m+fp/hard\libc_nano.a(libc_a-findfp.o)
                              C:/ST/STM32CubeCLT_1.18.0/GNU-tools-for-STM32/bin/../lib/gcc/arm-none-eabi/13.3.1/../../../../arm-none-eabi/lib/thumb/v7e-m+fp/hard\libc_nano.a(libc_a-exit.o) (__stdio_exit_handler)
C:/ST/STM32CubeCLT_1.18.0/GNU-tools-for-STM32/bin/../lib/gcc/arm-none-eabi/13.3.1/../../../../arm-none-eabi/lib/thumb/v7e-m+fp/hard\libc_nano.a(libc_a-fwalk.o)
                              C:/ST/STM32CubeCLT_1.18.0/GNU-tools-for-STM32/bin/../lib/gcc/arm-none-eabi/13.3.1/../../../../arm-none-eabi/lib/thumb/v7e-m+fp/hard\libc_nano.a(libc_a-findfp.o) (_fwalk_sglue)
C:/ST/STM32CubeCLT_1.18.0/GNU-tools-for-STM32/bin/../lib/gcc/arm-none-eabi/13.3.1/../../../../arm-none-eabi/lib/thumb/v7e-m+fp/hard\libc_nano.a(libc_a-stdio.o)
                              C:/ST/STM32CubeCLT_1.18.0/GNU-tools-for-STM32/bin/../lib/gcc/arm-none-eabi/13.3.1/../../../../arm-none-eabi/lib/thumb/v7e-m+fp/hard\libc_nano.a(libc_a-findfp.o) (__sread)
C:/ST/STM32CubeCLT_1.18.0/GNU-tools-for-STM32/bin/../lib/gcc/arm-none-eabi/13.3.1/../../../../arm-none-eabi/lib/thumb/v7e-m+fp/hard\libc_nano.a(libc_a-memset.o)
                              C:/ST/STM32CubeCLT_1.18.0/GNU-tools-for-STM32/bin/../lib/gcc/arm-none-eabi/13.3.1/../../../../arm-none-eabi/lib/thumb/v7e-m+fp/hard/crt0.o (memset)
C:/ST/STM32CubeCLT_1.18.0/GNU-tools-for-STM32/bin/../lib/gcc/arm-none-eabi/13.3.1/../../../../arm-none-eabi/lib/thumb/v7e-m+fp/hard\libc_nano.a(libc_a-closer.o)
                              C:/ST/STM32CubeCLT_1.18.0/GNU-tools-for-STM32/bin/../lib/gcc/arm-none-eabi/13.3.1/../../../../arm-none-eabi/lib/thumb/v7e-m+fp/hard\libc_nano.a(libc_a-stdio.o) (_close_r)
C:/ST/STM32CubeCLT_1.18.0/GNU-tools-for-STM32/bin/../lib/gcc/arm-none-eabi/13.3.1/../../../../arm-none-eabi/lib/thumb/v7e-m+fp/hard\libc_nano.a(libc_a-reent.o)
                              C:/ST/STM32CubeCLT_1.18.0/GNU-tools-for-STM32/bin/../lib/gcc/arm-none-eabi/13.3.1/../../../../arm-none-eabi/lib/thumb/v7e-m+fp/hard\libc_nano.a(libc_a-closer.o) (errno)
C:/ST/STM32CubeCLT_1.18.0/GNU-tools-for-STM32/bin/../lib/gcc/arm-none-eabi/13.3.1/../../../../arm-none-eabi/lib/thumb/v7e-m+fp/hard\libc_nano.a(libc_a-impure.o)
                              C:/ST/STM32CubeCLT_1.18.0/GNU-tools-for-STM32/bin/../lib/gcc/arm-none-eabi/13.3.1/../../../../arm-none-eabi/lib/thumb/v7e-m+fp/hard\libc_nano.a(libc_a-malloc.o) (_impure_ptr)
C:/ST/STM32CubeCLT_1.18.0/GNU-tools-for-STM32/bin/../lib/gcc/arm-none-eabi/13.3.1/../../../../arm-none-eabi/lib/thumb/v7e-m+fp/hard\libc_nano.a(libc_a-lseekr.o)
                              C:/ST/STM32CubeCLT_1.18.0/GNU-tools-for-STM32/bin/../lib/gcc/arm-none-eabi/13.3.1/../../../../arm-none-eabi/lib/thumb/v7e-m+fp/hard\libc_nano.a(libc_a-stdio.o) (_lseek_r)
C:/ST/STM32CubeCLT_1.18.0/GNU-tools-for-STM32/bin/../lib/gcc/arm-none-eabi/13.3.1/../../../../arm-none-eabi/lib/thumb/v7e-m+fp/hard\libc_nano.a(libc_a-readr.o)
                              C:/ST/STM32CubeCLT_1.18.0/GNU-tools-for-STM32/bin/../lib/gcc/arm-none-eabi/13.3.1/../../../../arm-none-eabi/lib/thumb/v7e-m+fp/hard\libc_nano.a(libc_a-stdio.o) (_read_r)
C:/ST/STM32CubeCLT_1.18.0/GNU-tools-for-STM32/bin/../lib/gcc/arm-none-eabi/13.3.1/../../../../arm-none-eabi/lib/thumb/v7e-m+fp/hard\libc_nano.a(libc_a-sbrkr.o)
                              C:/ST/STM32CubeCLT_1.18.0/GNU-tools-for-STM32/bin/../lib/gcc/arm-none-eabi/13.3.1/../../../../arm-none-eabi/lib/thumb/v7e-m+fp/hard\libc_nano.a(libc_a-mallocr.o) (_sbrk_r)
[...]
Memory Configuration

Name             Origin             Length             Attributes
RAM              0x20000000         0x00020000         xrw
CCMRAM           0x10000000         0x00010000         xrw
FLASH            0x08000000         0x00100000         xr
*default*        0x00000000         0xffffffff

Linker script and memory map

LOAD C:/ST/STM32CubeCLT_1.18.0/GNU-tools-for-STM32/bin/../lib/gcc/arm-none-eabi/13.3.1/thumb/v7e-m+fp/hard/crti.o
LOAD C:/ST/STM32CubeCLT_1.18.0/GNU-tools-for-STM32/bin/../lib/gcc/arm-none-eabi/13.3.1/thumb/v7e-m+fp/hard/crtbegin.o
LOAD C:/ST/STM32CubeCLT_1.18.0/GNU-tools-for-STM32/bin/../lib/gcc/arm-none-eabi/13.3.1/../../../../arm-none-eabi/lib/thumb/v7e-m+fp/hard/crt0.o
LOAD build/debug/main.o
LOAD build/debug/stm32f4xx_hal.o
LOAD build/debug/stm32f4xx_hal_cortex.o
LOAD build/debug/stm32f4xx_hal_dma.o
LOAD build/debug/stm32f4xx_hal_dma_ex.o
LOAD build/debug/stm32f4xx_hal_exti.o
LOAD build/debug/stm32f4xx_hal_flash.o
LOAD build/debug/stm32f4xx_hal_flash_ex.o
LOAD build/debug/stm32f4xx_hal_flash_ramfunc.o
LOAD build/debug/stm32f4xx_hal_gpio.o
LOAD build/debug/stm32f4xx_hal_hcd.o
LOAD build/debug/stm32f4xx_hal_i2c.o
LOAD build/debug/stm32f4xx_hal_i2c_ex.o
LOAD build/debug/stm32f4xx_hal_i2s.o
LOAD build/debug/stm32f4xx_hal_i2s_ex.o
LOAD build/debug/stm32f4xx_hal_msp.o
LOAD build/debug/stm32f4xx_hal_pwr.o
LOAD build/debug/stm32f4xx_hal_pwr_ex.o
LOAD build/debug/stm32f4xx_hal_rcc.o
LOAD build/debug/stm32f4xx_hal_rcc_ex.o
LOAD build/debug/stm32f4xx_hal_spi.o
LOAD build/debug/stm32f4xx_it.o
LOAD build/debug/stm32f4xx_ll_usb.o
LOAD build/debug/syscalls.o
LOAD build/debug/sysmem.o
LOAD build/debug/system_stm32f4xx.o
LOAD build/debug/usb_host.o
LOAD build/debug/usbh_cdc.o
LOAD build/debug/usbh_conf.o
LOAD build/debug/usbh_core.o
LOAD build/debug/usbh_ctlreq.o
LOAD build/debug/usbh_ioreq.o
LOAD build/debug/usbh_pipes.o
LOAD build/debug/usbh_platform.o
LOAD build/debug/startup_stm32f407xx.o
LOAD C:/ST/STM32CubeCLT_1.18.0/GNU-tools-for-STM32/bin/../lib/gcc/arm-none-eabi/13.3.1/../../../../arm-none-eabi/lib/thumb/v7e-m+fp/hard\libc_nano.a
LOAD C:/ST/STM32CubeCLT_1.18.0/GNU-tools-for-STM32/bin/../lib/gcc/arm-none-eabi/13.3.1/../../../../arm-none-eabi/lib/thumb/v7e-m+fp/hard\libm.a
LOAD C:/ST/STM32CubeCLT_1.18.0/GNU-tools-for-STM32/bin/../lib/gcc/arm-none-eabi/13.3.1/../../../../arm-none-eabi/lib/thumb/v7e-m+fp/hard\libnosys.a
START GROUP
LOAD C:/ST/STM32CubeCLT_1.18.0/GNU-tools-for-STM32/bin/../lib/gcc/arm-none-eabi/13.3.1/thumb/v7e-m+fp/hard\libgcc.a
LOAD C:/ST/STM32CubeCLT_1.18.0/GNU-tools-for-STM32/bin/../lib/gcc/arm-none-eabi/13.3.1/../../../../arm-none-eabi/lib/thumb/v7e-m+fp/hard\libc_nano.a
END GROUP
START GROUP
LOAD C:/ST/STM32CubeCLT_1.18.0/GNU-tools-for-STM32/bin/../lib/gcc/arm-none-eabi/13.3.1/thumb/v7e-m+fp/hard\libgcc.a
LOAD C:/ST/STM32CubeCLT_1.18.0/GNU-tools-for-STM32/bin/../lib/gcc/arm-none-eabi/13.3.1/../../../../arm-none-eabi/lib/thumb/v7e-m+fp/hard\libc_nano.a
END GROUP
LOAD C:/ST/STM32CubeCLT_1.18.0/GNU-tools-for-STM32/bin/../lib/gcc/arm-none-eabi/13.3.1/thumb/v7e-m+fp/hard/crtend.o
LOAD C:/ST/STM32CubeCLT_1.18.0/GNU-tools-for-STM32/bin/../lib/gcc/arm-none-eabi/13.3.1/thumb/v7e-m+fp/hard/crtn.o
                0x20020000                        _estack = (ORIGIN (RAM) + LENGTH (RAM))
                0x00000200                        _Min_Heap_Size = 0x200
                0x00000400                        _Min_Stack_Size = 0x400

.isr_vector     0x08000000      0x188
                0x08000000                        . = ALIGN (0x4)
 *(.isr_vector)
 .isr_vector    0x08000000      0x188 build/debug/startup_stm32f407xx.o
                0x08000000                g_pfnVectors
                0x08000188                        . = ALIGN (0x4)

.text           0x08000188     0x51b0
                0x08000188                        . = ALIGN (0x4)
 *(.text)
 .text          0x08000188       0x40 C:/ST/STM32CubeCLT_1.18.0/GNU-tools-for-STM32/bin/../lib/gcc/arm-none-eabi/13.3.1/thumb/v7e-m+fp/hard/crtbegin.o
 .text          0x080001c8       0x30 C:/ST/STM32CubeCLT_1.18.0/GNU-tools-for-STM32/bin/../lib/gcc/arm-none-eabi/13.3.1/thumb/v7e-m+fp/hard\libgcc.a(_aeabi_uldivmod.o)
                0x080001c8                __aeabi_uldivmod
 .text          0x080001f8      0x2f8 C:/ST/STM32CubeCLT_1.18.0/GNU-tools-for-STM32/bin/../lib/gcc/arm-none-eabi/13.3.1/thumb/v7e-m+fp/hard\libgcc.a(_udivmoddi4.o)
                0x080001f8                __udivmoddi4
 .text          0x080004f0        0x4 C:/ST/STM32CubeCLT_1.18.0/GNU-tools-for-STM32/bin/../lib/gcc/arm-none-eabi/13.3.1/thumb/v7e-m+fp/hard\libgcc.a(_dvmd_tls.o)
                0x080004f0                __aeabi_idiv0
                0x080004f0                __aeabi_ldiv0
 *(.text*)
 .text.MX_GPIO_Init
                0x080004f4      0x188 build/debug/main.o
 .text.Error_Handler
                0x0800067c        0x4 build/debug/main.o
                0x0800067c                Error_Handler
 .text.MX_I2C1_Init
                0x08000680       0x38 build/debug/main.o
 .text.MX_I2S3_Init
                0x080006b8       0x38 build/debug/main.o
 .text.MX_SPI1_Init
                0x080006f0       0x40 build/debug/main.o
 .text.SystemClock_Config
                0x08000730       0xac build/debug/main.o
                0x08000730                SystemClock_Config
 .text.main     0x080007dc       0x34 build/debug/main.o
                0x080007dc                main
 .text.HAL_InitTick
                0x08000810       0x4c build/debug/stm32f4xx_hal.o
                0x08000810                HAL_InitTick
 .text.HAL_Init
                0x0800085c       0x34 build/debug/stm32f4xx_hal.o
                0x0800085c                HAL_Init
 .text.HAL_IncTick
                0x08000890       0x18 build/debug/stm32f4xx_hal.o
                0x08000890                HAL_IncTick
 .text.HAL_GetTick
                0x080008a8        0xc build/debug/stm32f4xx_hal.o
                0x080008a8                HAL_GetTick
 .text.HAL_Delay
                0x080008b4       0x28 build/debug/stm32f4xx_hal.o
                0x080008b4                HAL_Delay
 .text.__NVIC_EnableIRQ
                0x080008dc       0x1c build/debug/stm32f4xx_hal_cortex.o
 .text.__NVIC_SetPriority
                0x080008f8       0x28 build/debug/stm32f4xx_hal_cortex.o
 .text.NVIC_EncodePriority
                0x08000920       0x3e build/debug/stm32f4xx_hal_cortex.o
 *fill*         0x0800095e        0x2 
 .text.HAL_NVIC_SetPriorityGrouping
                0x08000960       0x24 build/debug/stm32f4xx_hal_cortex.o
                0x08000960                HAL_NVIC_SetPriorityGrouping
 .text.HAL_NVIC_SetPriority
                0x08000984       0x20 build/debug/stm32f4xx_hal_cortex.o
                0x08000984                HAL_NVIC_SetPriority
 .text.HAL_NVIC_EnableIRQ
                0x080009a4        0x8 build/debug/stm32f4xx_hal_cortex.o
                0x080009a4                HAL_NVIC_EnableIRQ
 .text.HAL_SYSTICK_Config
                0x080009ac       0x28 build/debug/stm32f4xx_hal_cortex.o
                0x080009ac                HAL_SYSTICK_Config
 .text.HAL_GPIO_Init
                0x080009d4      0x1ec build/debug/stm32f4xx_hal_gpio.o
                0x080009d4                HAL_GPIO_Init
 .text.HAL_GPIO_WritePin
                0x08000bc0        0xc build/debug/stm32f4xx_hal_gpio.o
                0x08000bc0                HAL_GPIO_WritePin
 .text.HCD_RXQLVL_IRQHandler
                0x08000bcc       0xac build/debug/stm32f4xx_hal_hcd.o
 .text.HAL_HCD_HC_Halt
                0x08000c78       0x24 build/debug/stm32f4xx_hal_hcd.o
                0x08000c78                HAL_HCD_HC_Halt
 .text.HAL_HCD_Init
                0x08000c9c       0x8e build/debug/stm32f4xx_hal_hcd.o
                0x08000c9c                HAL_HCD_Init
 .text.HAL_HCD_HC_SubmitRequest
                0x08000d2a      0x1ce build/debug/stm32f4xx_hal_hcd.o
                0x08000d2a                HAL_HCD_HC_SubmitRequest
 .text.HCD_Port_IRQHandler
                0x08000ef8       0xb0 build/debug/stm32f4xx_hal_hcd.o
 .text.HCD_HC_IN_IRQHandler
                0x08000fa8      0x5bc build/debug/stm32f4xx_hal_hcd.o
 .text.HCD_HC_OUT_IRQHandler
                0x08001564      0x48c build/debug/stm32f4xx_hal_hcd.o
 .text.HAL_HCD_IRQHandler
                0x080019f0      0x15c build/debug/stm32f4xx_hal_hcd.o
                0x080019f0                HAL_HCD_IRQHandler
 .text.HAL_HCD_Start
                0x08001b4c       0x2a build/debug/stm32f4xx_hal_hcd.o
                0x08001b4c                HAL_HCD_Start
 .text.HAL_HCD_Stop
                0x08001b76       0x24 build/debug/stm32f4xx_hal_hcd.o
                0x08001b76                HAL_HCD_Stop
 .text.HAL_HCD_ResetPort
                0x08001b9a        0xa build/debug/stm32f4xx_hal_hcd.o
                0x08001b9a                HAL_HCD_ResetPort
 .text.HAL_HCD_HC_GetURBState
                0x08001ba4        0xe build/debug/stm32f4xx_hal_hcd.o
                0x08001ba4                HAL_HCD_HC_GetURBState
 .text.HAL_HCD_HC_GetXferCount
                0x08001bb2        0xc build/debug/stm32f4xx_hal_hcd.o
                0x08001bb2                HAL_HCD_HC_GetXferCount
 .text.HAL_HCD_GetCurrentFrame
                0x08001bbe        0xa build/debug/stm32f4xx_hal_hcd.o
                0x08001bbe                HAL_HCD_GetCurrentFrame
 .text.HAL_HCD_GetCurrentSpeed
                0x08001bc8        0xa build/debug/stm32f4xx_hal_hcd.o
                0x08001bc8                HAL_HCD_GetCurrentSpeed
 .text.HAL_HCD_HC_ClearHubInfo
                0x08001bd2       0x18 build/debug/stm32f4xx_hal_hcd.o
                0x08001bd2                HAL_HCD_HC_ClearHubInfo
 .text.HAL_HCD_HC_Init
                0x08001bea       0xca build/debug/stm32f4xx_hal_hcd.o
                0x08001bea                HAL_HCD_HC_Init
 .text.HAL_I2C_Init
                0x08001cb4      0x1bc build/debug/stm32f4xx_hal_i2c.o
                0x08001cb4                HAL_I2C_Init
 .text.HAL_I2S_Init
                0x08001e70      0x19c build/debug/stm32f4xx_hal_i2s.o
                0x08001e70                HAL_I2S_Init
 .text.HAL_I2S_TxCpltCallback
                0x0800200c        0x2 build/debug/stm32f4xx_hal_i2s.o
                0x0800200c                HAL_I2S_TxCpltCallback
 .text.I2S_Transmit_IT
                0x0800200e       0x38 build/debug/stm32f4xx_hal_i2s.o
 .text.HAL_I2S_RxCpltCallback
                0x08002046        0x2 build/debug/stm32f4xx_hal_i2s.o
                0x08002046                HAL_I2S_RxCpltCallback
 .text.I2S_Receive_IT
                0x08002048       0x38 build/debug/stm32f4xx_hal_i2s.o
 .text.HAL_I2S_ErrorCallback
                0x08002080        0x2 build/debug/stm32f4xx_hal_i2s.o
                0x08002080                HAL_I2S_ErrorCallback
 .text.I2S_IRQHandler
                0x08002082       0xd0 build/debug/stm32f4xx_hal_i2s.o
 .text.HAL_I2SEx_TxRxCpltCallback
                0x08002152        0x2 build/debug/stm32f4xx_hal_i2s_ex.o
                0x08002152                HAL_I2SEx_TxRxCpltCallback
 .text.I2SEx_TxISR_I2S
                0x08002154       0x3c build/debug/stm32f4xx_hal_i2s_ex.o
 .text.I2SEx_RxISR_I2SExt
                0x08002190       0x64 build/debug/stm32f4xx_hal_i2s_ex.o
 .text.I2SEx_TxISR_I2SExt
                0x080021f4       0x64 build/debug/stm32f4xx_hal_i2s_ex.o
 .text.I2SEx_RxISR_I2S
                0x08002258       0x3c build/debug/stm32f4xx_hal_i2s_ex.o
 .text.HAL_I2SEx_FullDuplex_IRQHandler
                0x08002294      0x1d8 build/debug/stm32f4xx_hal_i2s_ex.o
                0x08002294                HAL_I2SEx_FullDuplex_IRQHandler
 .text.HAL_MspInit
                0x0800246c       0x40 build/debug/stm32f4xx_hal_msp.o
                0x0800246c                HAL_MspInit
 .text.HAL_I2C_MspInit
                0x080024ac       0x70 build/debug/stm32f4xx_hal_msp.o
                0x080024ac                HAL_I2C_MspInit
 .text.HAL_I2S_MspInit
                0x0800251c       0xc0 build/debug/stm32f4xx_hal_msp.o
                0x0800251c                HAL_I2S_MspInit
 .text.HAL_SPI_MspInit
                0x080025dc       0x6c build/debug/stm32f4xx_hal_msp.o
                0x080025dc                HAL_SPI_MspInit
 .text.HAL_RCC_OscConfig
                0x08002648      0x3f8 build/debug/stm32f4xx_hal_rcc.o
                0x08002648                HAL_RCC_OscConfig
 .text.HAL_RCC_GetSysClockFreq
                0x08002a40       0xdc build/debug/stm32f4xx_hal_rcc.o
                0x08002a40                HAL_RCC_GetSysClockFreq
 .text.HAL_RCC_ClockConfig
                0x08002b1c      0x160 build/debug/stm32f4xx_hal_rcc.o
                0x08002b1c                HAL_RCC_ClockConfig
 .text.HAL_RCC_GetHCLKFreq
                0x08002c7c        0xc build/debug/stm32f4xx_hal_rcc.o
                0x08002c7c                HAL_RCC_GetHCLKFreq
 .text.HAL_RCC_GetPCLK1Freq
                0x08002c88       0x20 build/debug/stm32f4xx_hal_rcc.o
                0x08002c88                HAL_RCC_GetPCLK1Freq
 .text.HAL_RCCEx_PeriphCLKConfig
                0x08002ca8      0x154 build/debug/stm32f4xx_hal_rcc_ex.o
                0x08002ca8                HAL_RCCEx_PeriphCLKConfig
 .text.HAL_RCCEx_GetPeriphCLKFreq
                0x08002dfc       0x70 build/debug/stm32f4xx_hal_rcc_ex.o
                0x08002dfc                HAL_RCCEx_GetPeriphCLKFreq
 .text.HAL_SPI_Init
                0x08002e6c       0xbe build/debug/stm32f4xx_hal_spi.o
                0x08002e6c                HAL_SPI_Init
 .text.NMI_Handler
                0x08002f2a        0x2 build/debug/stm32f4xx_it.o
                0x08002f2a                NMI_Handler
 .text.HardFault_Handler
                0x08002f2c        0x2 build/debug/stm32f4xx_it.o
                0x08002f2c                HardFault_Handler
 .text.MemManage_Handler
                0x08002f2e        0x2 build/debug/stm32f4xx_it.o
                0x08002f2e                MemManage_Handler
 .text.BusFault_Handler
                0x08002f30        0x2 build/debug/stm32f4xx_it.o
                0x08002f30                BusFault_Handler
 .text.UsageFault_Handler
                0x08002f32        0x2 build/debug/stm32f4xx_it.o
                0x08002f32                UsageFault_Handler
 .text.SVC_Handler
                0x08002f34        0x2 build/debug/stm32f4xx_it.o
                0x08002f34                SVC_Handler
 .text.DebugMon_Handler
                0x08002f36        0x2 build/debug/stm32f4xx_it.o
                0x08002f36                DebugMon_Handler
 .text.PendSV_Handler
                0x08002f38        0x2 build/debug/stm32f4xx_it.o
                0x08002f38                PendSV_Handler
 .text.SysTick_Handler
                0x08002f3a        0x8 build/debug/stm32f4xx_it.o
                0x08002f3a                SysTick_Handler
 *fill*         0x08002f42        0x2 
 .text.OTG_FS_IRQHandler
                0x08002f44       0x10 build/debug/stm32f4xx_it.o
                0x08002f44                OTG_FS_IRQHandler
 .text.USB_CoreReset
                0x08002f54       0x58 build/debug/stm32f4xx_ll_usb.o
 .text.USB_CoreInit
                0x08002fac       0x92 build/debug/stm32f4xx_ll_usb.o
                0x08002fac                USB_CoreInit
 .text.USB_EnableGlobalInt
                0x0800303e        0xc build/debug/stm32f4xx_ll_usb.o
                0x0800303e                USB_EnableGlobalInt
 .text.USB_DisableGlobalInt
                0x0800304a        0xc build/debug/stm32f4xx_ll_usb.o
                0x0800304a                USB_DisableGlobalInt
 .text.USB_FlushTxFifo
                0x08003056       0x4a build/debug/stm32f4xx_ll_usb.o
                0x08003056                USB_FlushTxFifo
 .text.USB_FlushRxFifo
                0x080030a0       0x46 build/debug/stm32f4xx_ll_usb.o
                0x080030a0                USB_FlushRxFifo
 .text.USB_WritePacket
                0x080030e6       0x2e build/debug/stm32f4xx_ll_usb.o
                0x080030e6                USB_WritePacket
 .text.USB_ReadPacket
                0x08003114       0x46 build/debug/stm32f4xx_ll_usb.o
                0x08003114                USB_ReadPacket
 .text.USB_ReadInterrupts
                0x0800315a        0x8 build/debug/stm32f4xx_ll_usb.o
                0x0800315a                USB_ReadInterrupts
 .text.USB_ReadChInterrupts
                0x08003162       0x12 build/debug/stm32f4xx_ll_usb.o
                0x08003162                USB_ReadChInterrupts
 .text.USB_GetMode
                0x08003174        0x8 build/debug/stm32f4xx_ll_usb.o
                0x08003174                USB_GetMode
 .text.USB_SetCurrentMode
                0x0800317c       0x62 build/debug/stm32f4xx_ll_usb.o
                0x0800317c                USB_SetCurrentMode
 *fill*         0x080031de        0x2 
 .text.USB_HostInit
                0x080031e0      0x100 build/debug/stm32f4xx_ll_usb.o
                0x080031e0                USB_HostInit
 .text.USB_InitFSLSPClkSel
                0x080032e0       0x42 build/debug/stm32f4xx_ll_usb.o
                0x080032e0                USB_InitFSLSPClkSel
 .text.USB_ResetPort
                0x08003322       0x3e build/debug/stm32f4xx_ll_usb.o
                0x08003322                USB_ResetPort
 .text.USB_DriveVbus
                0x08003360       0x46 build/debug/stm32f4xx_ll_usb.o
                0x08003360                USB_DriveVbus
 .text.USB_GetHostSpeed
                0x080033a6       0x16 build/debug/stm32f4xx_ll_usb.o
                0x080033a6                USB_GetHostSpeed
 .text.USB_GetCurrentFrame
                0x080033bc        0xa build/debug/stm32f4xx_ll_usb.o
                0x080033bc                USB_GetCurrentFrame
 *fill*         0x080033c6        0x2 
 .text.USB_HC_Init
                0x080033c8      0x130 build/debug/stm32f4xx_ll_usb.o
                0x080033c8                USB_HC_Init
 .text.USB_HC_ReadInterrupt
                0x080034f8        0xa build/debug/stm32f4xx_ll_usb.o
                0x080034f8                USB_HC_ReadInterrupt
 .text.USB_HC_Halt
                0x08003502       0xfc build/debug/stm32f4xx_ll_usb.o
                0x08003502                USB_HC_Halt
 *fill*         0x080035fe        0x2 
 .text.USB_DoPing
                0x08003600       0x24 build/debug/stm32f4xx_ll_usb.o
                0x08003600                USB_DoPing
 .text.USB_HC_StartXfer
                0x08003624      0x2b4 build/debug/stm32f4xx_ll_usb.o
                0x08003624                USB_HC_StartXfer
 .text.USB_StopHost
                0x080038d8       0x92 build/debug/stm32f4xx_ll_usb.o
                0x080038d8                USB_StopHost
 *fill*         0x0800396a        0x2 
 .text._sbrk    0x0800396c       0x48 build/debug/sysmem.o
                0x0800396c                _sbrk
 .text.SystemInit
                0x080039b4       0x14 build/debug/system_stm32f4xx.o
                0x080039b4                SystemInit
 .text.USBH_UserProcess
                0x080039c8       0x2c build/debug/usb_host.o
 .text.MX_USB_HOST_Init
                0x080039f4       0x40 build/debug/usb_host.o
                0x080039f4                MX_USB_HOST_Init
 .text.MX_USB_HOST_Process
                0x08003a34       0x10 build/debug/usb_host.o
                0x08003a34                MX_USB_HOST_Process
 .text.USBH_CDC_SOFProcess
                0x08003a44        0x4 build/debug/usbh_cdc.o
 .text.SetLineCoding
                0x08003a48       0x1a build/debug/usbh_cdc.o
 .text.GetLineCoding
                0x08003a62       0x1a build/debug/usbh_cdc.o
 .text.USBH_CDC_ClassRequest
                0x08003a7c       0x22 build/debug/usbh_cdc.o
 .text.USBH_CDC_InterfaceDeInit
                0x08003a9e       0x68 build/debug/usbh_cdc.o
 .text.USBH_CDC_InterfaceInit
                0x08003b06      0x186 build/debug/usbh_cdc.o
 .text.USBH_CDC_TransmitCallback
                0x08003c8c        0x2 build/debug/usbh_cdc.o
                0x08003c8c                USBH_CDC_TransmitCallback
 .text.CDC_ProcessTransmission
                0x08003c8e       0x92 build/debug/usbh_cdc.o
 .text.USBH_CDC_ReceiveCallback
                0x08003d20        0x2 build/debug/usbh_cdc.o
                0x08003d20                USBH_CDC_ReceiveCallback
 .text.CDC_ProcessReception
                0x08003d22       0x66 build/debug/usbh_cdc.o
 .text.USBH_CDC_LineCodingChanged
                0x08003d88        0x2 build/debug/usbh_cdc.o
                0x08003d88                USBH_CDC_LineCodingChanged
 .text.USBH_CDC_Process
                0x08003d8a       0xae build/debug/usbh_cdc.o
 .text.HAL_HCD_MspInit
                0x08003e38       0x94 build/debug/usbh_conf.o
                0x08003e38                HAL_HCD_MspInit
 .text.HAL_HCD_SOF_Callback
                0x08003ecc        0xc build/debug/usbh_conf.o
                0x08003ecc                HAL_HCD_SOF_Callback
 .text.HAL_HCD_Connect_Callback
                0x08003ed8        0xc build/debug/usbh_conf.o
                0x08003ed8                HAL_HCD_Connect_Callback
 .text.HAL_HCD_Disconnect_Callback
                0x08003ee4        0xc build/debug/usbh_conf.o
                0x08003ee4                HAL_HCD_Disconnect_Callback
 .text.HAL_HCD_HC_NotifyURBChange_Callback
                0x08003ef0        0x2 build/debug/usbh_conf.o
                0x08003ef0                HAL_HCD_HC_NotifyURBChange_Callback
 .text.HAL_HCD_PortEnabled_Callback
                0x08003ef2        0xc build/debug/usbh_conf.o
                0x08003ef2                HAL_HCD_PortEnabled_Callback
 .text.HAL_HCD_PortDisabled_Callback
                0x08003efe        0xc build/debug/usbh_conf.o
                0x08003efe                HAL_HCD_PortDisabled_Callback
 *fill*         0x08003f0a        0x2 
 .text.USBH_LL_Init
                0x08003f0c       0x54 build/debug/usbh_conf.o
                0x08003f0c                USBH_LL_Init
 .text.USBH_LL_GetSpeed
                0x08003f60       0x20 build/debug/usbh_conf.o
                0x08003f60                USBH_LL_GetSpeed
 .text.USBH_LL_GetLastXferSize
                0x08003f80        0xc build/debug/usbh_conf.o
                0x08003f80                USBH_LL_GetLastXferSize
 .text.USBH_LL_GetURBState
                0x08003f8c        0xc build/debug/usbh_conf.o
                0x08003f8c                USBH_LL_GetURBState
 .text.USBH_LL_DriverVBUS
                0x08003f98       0x1c build/debug/usbh_conf.o
                0x08003f98                USBH_LL_DriverVBUS
 .text.USBH_LL_SetToggle
                0x08003fb4       0x2e build/debug/usbh_conf.o
                0x08003fb4                USBH_LL_SetToggle
 .text.USBH_Delay
                0x08003fe2        0x8 build/debug/usbh_conf.o
                0x08003fe2                USBH_Delay
 .text.USBH_Get_USB_Status
                0x08003fea       0x14 build/debug/usbh_conf.o
                0x08003fea                USBH_Get_USB_Status
 .text.USBH_LL_Start
                0x08003ffe       0x10 build/debug/usbh_conf.o
                0x08003ffe                USBH_LL_Start
 .text.USBH_LL_Stop
                0x0800400e       0x10 build/debug/usbh_conf.o
                0x0800400e                USBH_LL_Stop
 .text.USBH_LL_ResetPort
                0x0800401e       0x10 build/debug/usbh_conf.o
                0x0800401e                USBH_LL_ResetPort
 .text.USBH_LL_OpenPipe
                0x0800402e       0x26 build/debug/usbh_conf.o
                0x0800402e                USBH_LL_OpenPipe
 .text.USBH_LL_ClosePipe
                0x08004054       0x10 build/debug/usbh_conf.o
                0x08004054                USBH_LL_ClosePipe
 .text.USBH_LL_SubmitURB
                0x08004064       0x2a build/debug/usbh_conf.o
                0x08004064                USBH_LL_SubmitURB
 .text.USBH_HandleSof
                0x0800408e       0x1a build/debug/usbh_core.o
 .text.DeInitStateMachine
                0x080040a8       0x94 build/debug/usbh_core.o
 .text.USBH_HandleEnum
                0x0800413c      0x26e build/debug/usbh_core.o
 .text.USBH_Init
                0x080043aa       0x3e build/debug/usbh_core.o
                0x080043aa                USBH_Init
 .text.USBH_RegisterClass
                0x080043e8       0x22 build/debug/usbh_core.o
                0x080043e8                USBH_RegisterClass
 .text.USBH_SelectInterface
                0x0800440a       0x14 build/debug/usbh_core.o
                0x0800440a                USBH_SelectInterface
 .text.USBH_FindInterface
                0x0800441e       0x54 build/debug/usbh_core.o
                0x0800441e                USBH_FindInterface
 .text.USBH_Start
                0x08004472       0x14 build/debug/usbh_core.o
                0x08004472                USBH_Start
 .text.USBH_Process
                0x08004486      0x290 build/debug/usbh_core.o
                0x08004486                USBH_Process
 .text.USBH_LL_SetTimer
                0x08004716        0x6 build/debug/usbh_core.o
                0x08004716                USBH_LL_SetTimer
 .text.USBH_LL_IncTimer
                0x0800471c       0x12 build/debug/usbh_core.o
                0x0800471c                USBH_LL_IncTimer
 .text.USBH_LL_PortEnabled
                0x0800472e        0x8 build/debug/usbh_core.o
                0x0800472e                USBH_LL_PortEnabled
 .text.USBH_LL_PortDisabled
                0x08004736        0xe build/debug/usbh_core.o
                0x08004736                USBH_LL_PortDisabled
 .text.USBH_LL_Connect
                0x08004744       0x14 build/debug/usbh_core.o
                0x08004744                USBH_LL_Connect
 .text.USBH_LL_Disconnect
                0x08004758       0x2c build/debug/usbh_core.o
                0x08004758                USBH_LL_Disconnect
 .text.USBH_ParseDevDesc
                0x08004784       0xf4 build/debug/usbh_ctlreq.o
 .text.USBH_ParseInterfaceDesc
                0x08004878       0x26 build/debug/usbh_ctlreq.o
 .text.USBH_ParseEPDesc
                0x0800489e       0xe4 build/debug/usbh_ctlreq.o
 .text.USBH_ParseStringDesc
                0x08004982       0x32 build/debug/usbh_ctlreq.o
 .text.USBH_HandleControl
                0x080049b4      0x1da build/debug/usbh_ctlreq.o
 .text.USBH_GetNextDesc
                0x08004b8e        0xe build/debug/usbh_ctlreq.o
                0x08004b8e                USBH_GetNextDesc
 .text.USBH_ParseCfgDesc
                0x08004b9c      0x182 build/debug/usbh_ctlreq.o
 .text.USBH_CtlReq
                0x08004d1e       0x40 build/debug/usbh_ctlreq.o
                0x08004d1e                USBH_CtlReq
 .text.USBH_GetDescriptor
                0x08004d5e       0x42 build/debug/usbh_ctlreq.o
                0x08004d5e                USBH_GetDescriptor
 .text.USBH_Get_DevDesc
                0x08004da0       0x36 build/debug/usbh_ctlreq.o
                0x08004da0                USBH_Get_DevDesc
 .text.USBH_Get_CfgDesc
                0x08004dd6       0x36 build/debug/usbh_ctlreq.o
                0x08004dd6                USBH_Get_CfgDesc
 .text.USBH_Get_StringDesc
                0x08004e0c       0x40 build/debug/usbh_ctlreq.o
                0x08004e0c                USBH_Get_StringDesc
 .text.USBH_SetAddress
                0x08004e4c       0x22 build/debug/usbh_ctlreq.o
                0x08004e4c                USBH_SetAddress
 .text.USBH_SetCfg
                0x08004e6e       0x22 build/debug/usbh_ctlreq.o
                0x08004e6e                USBH_SetCfg
 .text.USBH_SetFeature
                0x08004e90       0x22 build/debug/usbh_ctlreq.o
                0x08004e90                USBH_SetFeature
 .text.USBH_ClrFeature
                0x08004eb2       0x24 build/debug/usbh_ctlreq.o
                0x08004eb2                USBH_ClrFeature
 .text.USBH_CtlSendSetup
                0x08004ed6       0x22 build/debug/usbh_ioreq.o
                0x08004ed6                USBH_CtlSendSetup
 .text.USBH_CtlSendData
                0x08004ef8       0x2c build/debug/usbh_ioreq.o
                0x08004ef8                USBH_CtlSendData
 .text.USBH_CtlReceiveData
                0x08004f24       0x20 build/debug/usbh_ioreq.o
                0x08004f24                USBH_CtlReceiveData
 .text.USBH_BulkSendData
                0x08004f44       0x2c build/debug/usbh_ioreq.o
                0x08004f44                USBH_BulkSendData
 .text.USBH_BulkReceiveData
                0x08004f70       0x20 build/debug/usbh_ioreq.o
                0x08004f70                USBH_BulkReceiveData
 .text.USBH_GetFreePipe
                0x08004f90       0x26 build/debug/usbh_pipes.o
 .text.USBH_OpenPipe
                0x08004fb6       0x20 build/debug/usbh_pipes.o
                0x08004fb6                USBH_OpenPipe
 .text.USBH_ClosePipe
                0x08004fd6        0xa build/debug/usbh_pipes.o
                0x08004fd6                USBH_ClosePipe
 .text.USBH_AllocPipe
                0x08004fe0       0x26 build/debug/usbh_pipes.o
                0x08004fe0                USBH_AllocPipe
 .text.USBH_FreePipe
                0x08005006       0x16 build/debug/usbh_pipes.o
                0x08005006                USBH_FreePipe
 .text.MX_DriverVbusFS
                0x0800501c       0x18 build/debug/usbh_platform.o
                0x0800501c                MX_DriverVbusFS
 .text.Reset_Handler
                0x08005034       0x50 build/debug/startup_stm32f407xx.o
                0x08005034                Reset_Handler
 .text.Default_Handler
                0x08005084        0x2 build/debug/startup_stm32f407xx.o
                0x08005084                RTC_Alarm_IRQHandler
                0x08005084                HASH_RNG_IRQHandler
                0x08005084                EXTI2_IRQHandler
                0x08005084                TIM8_CC_IRQHandler
                0x08005084                TIM1_CC_IRQHandler
                0x08005084                DMA2_Stream5_IRQHandler
                0x08005084                DMA1_Stream5_IRQHandler
                0x08005084                PVD_IRQHandler
                0x08005084                SDIO_IRQHandler
                0x08005084                TAMP_STAMP_IRQHandler
                0x08005084                CAN2_RX1_IRQHandler
                0x08005084                EXTI3_IRQHandler
                0x08005084                TIM8_TRG_COM_TIM14_IRQHandler
                0x08005084                TIM1_UP_TIM10_IRQHandler
                0x08005084                TIM8_UP_TIM13_IRQHandler
                0x08005084                I2C3_ER_IRQHandler
                0x08005084                EXTI0_IRQHandler
                0x08005084                I2C2_EV_IRQHandler
                0x08005084                DMA1_Stream2_IRQHandler
                0x08005084                CAN1_RX0_IRQHandler
                0x08005084                FPU_IRQHandler
                0x08005084                OTG_HS_WKUP_IRQHandler
                0x08005084                CAN2_SCE_IRQHandler
                0x08005084                DMA2_Stream2_IRQHandler
                0x08005084                SPI1_IRQHandler
                0x08005084                TIM6_DAC_IRQHandler
                0x08005084                TIM1_BRK_TIM9_IRQHandler
                0x08005084                DCMI_IRQHandler
                0x08005084                CAN2_RX0_IRQHandler
                0x08005084                DMA2_Stream3_IRQHandler
                0x08005084                USART6_IRQHandler
                0x08005084                USART3_IRQHandler
                0x08005084                CAN1_RX1_IRQHandler
                0x08005084                UART5_IRQHandler
                0x08005084                DMA2_Stream0_IRQHandler
                0x08005084                TIM4_IRQHandler
                0x08005084                I2C1_EV_IRQHandler
                0x08005084                DMA1_Stream6_IRQHandler
                0x08005084                DMA1_Stream1_IRQHandler
                0x08005084                UART4_IRQHandler
                0x08005084                TIM3_IRQHandler
                0x08005084                RCC_IRQHandler
                0x08005084                TIM8_BRK_TIM12_IRQHandler
                0x08005084                Default_Handler
                0x08005084                EXTI15_10_IRQHandler
                0x08005084                ADC_IRQHandler
                0x08005084                DMA1_Stream7_IRQHandler
                0x08005084                TIM7_IRQHandler
                0x08005084                CAN2_TX_IRQHandler
                0x08005084                TIM5_IRQHandler
                0x08005084                DMA2_Stream7_IRQHandler
                0x08005084                I2C3_EV_IRQHandler
                0x08005084                EXTI9_5_IRQHandler
                0x08005084                RTC_WKUP_IRQHandler
                0x08005084                ETH_WKUP_IRQHandler
                0x08005084                SPI2_IRQHandler
                0x08005084                OTG_HS_EP1_IN_IRQHandler
                0x08005084                DMA1_Stream0_IRQHandler
                0x08005084                CAN1_TX_IRQHandler
                0x08005084                EXTI4_IRQHandler
                0x08005084                FSMC_IRQHandler
                0x08005084                ETH_IRQHandler
                0x08005084                OTG_HS_EP1_OUT_IRQHandler
                0x08005084                WWDG_IRQHandler
                0x08005084                TIM2_IRQHandler
                0x08005084                OTG_FS_WKUP_IRQHandler
                0x08005084                TIM1_TRG_COM_TIM11_IRQHandler
                0x08005084                OTG_HS_IRQHandler
                0x08005084                EXTI1_IRQHandler
                0x08005084                USART2_IRQHandler
                0x08005084                I2C2_ER_IRQHandler
                0x08005084                DMA2_Stream1_IRQHandler
                0x08005084                CAN1_SCE_IRQHandler
                0x08005084                FLASH_IRQHandler
                0x08005084                DMA2_Stream4_IRQHandler
                0x08005084                USART1_IRQHandler
                0x08005084                SPI3_IRQHandler
                0x08005084                DMA1_Stream4_IRQHandler
                0x08005084                I2C1_ER_IRQHandler
                0x08005084                DMA2_Stream6_IRQHandler
                0x08005084                DMA1_Stream3_IRQHandler
 *fill*         0x08005086        0x2 
 .text.malloc   0x08005088       0x10 C:/ST/STM32CubeCLT_1.18.0/GNU-tools-for-STM32/bin/../lib/gcc/arm-none-eabi/13.3.1/../../../../arm-none-eabi/lib/thumb/v7e-m+fp/hard\libc_nano.a(libc_a-malloc.o)
                0x08005088                malloc
 .text.free     0x08005098       0x10 C:/ST/STM32CubeCLT_1.18.0/GNU-tools-for-STM32/bin/../lib/gcc/arm-none-eabi/13.3.1/../../../../arm-none-eabi/lib/thumb/v7e-m+fp/hard\libc_nano.a(libc_a-malloc.o)
                0x08005098                free
 .text.sbrk_aligned
                0x080050a8       0x44 C:/ST/STM32CubeCLT_1.18.0/GNU-tools-for-STM32/bin/../lib/gcc/arm-none-eabi/13.3.1/../../../../arm-none-eabi/lib/thumb/v7e-m+fp/hard\libc_nano.a(libc_a-mallocr.o)
 .text._malloc_r
                0x080050ec      0x100 C:/ST/STM32CubeCLT_1.18.0/GNU-tools-for-STM32/bin/../lib/gcc/arm-none-eabi/13.3.1/../../../../arm-none-eabi/lib/thumb/v7e-m+fp/hard\libc_nano.a(libc_a-mallocr.o)
                0x080050ec                _malloc_r
 .text.__malloc_lock
                0x080051ec        0xc C:/ST/STM32CubeCLT_1.18.0/GNU-tools-for-STM32/bin/../lib/gcc/arm-none-eabi/13.3.1/../../../../arm-none-eabi/lib/thumb/v7e-m+fp/hard\libc_nano.a(libc_a-mlock.o)
                0x080051ec                __malloc_lock
 .text.__malloc_unlock
                0x080051f8        0xc C:/ST/STM32CubeCLT_1.18.0/GNU-tools-for-STM32/bin/../lib/gcc/arm-none-eabi/13.3.1/../../../../arm-none-eabi/lib/thumb/v7e-m+fp/hard\libc_nano.a(libc_a-mlock.o)
                0x080051f8                __malloc_unlock
 .text.memset   0x08005204       0x10 C:/ST/STM32CubeCLT_1.18.0/GNU-tools-for-STM32/bin/../lib/gcc/arm-none-eabi/13.3.1/../../../../arm-none-eabi/lib/thumb/v7e-m+fp/hard\libc_nano.a(libc_a-memset.o)
                0x08005204                memset
 .text._sbrk_r  0x08005214       0x20 C:/ST/STM32CubeCLT_1.18.0/GNU-tools-for-STM32/bin/../lib/gcc/arm-none-eabi/13.3.1/../../../../arm-none-eabi/lib/thumb/v7e-m+fp/hard\libc_nano.a(libc_a-sbrkr.o)
                0x08005214                _sbrk_r
 .text.__errno  0x08005234        0xc C:/ST/STM32CubeCLT_1.18.0/GNU-tools-for-STM32/bin/../lib/gcc/arm-none-eabi/13.3.1/../../../../arm-none-eabi/lib/thumb/v7e-m+fp/hard\libc_nano.a(libc_a-errno.o)
                0x08005234                __errno
 .text.__libc_init_array
                0x08005240       0x48 C:/ST/STM32CubeCLT_1.18.0/GNU-tools-for-STM32/bin/../lib/gcc/arm-none-eabi/13.3.1/../../../../arm-none-eabi/lib/thumb/v7e-m+fp/hard\libc_nano.a(libc_a-init.o)
                0x08005240                __libc_init_array
 .text.__retarget_lock_acquire_recursive
                0x08005288        0x2 C:/ST/STM32CubeCLT_1.18.0/GNU-tools-for-STM32/bin/../lib/gcc/arm-none-eabi/13.3.1/../../../../arm-none-eabi/lib/thumb/v7e-m+fp/hard\libc_nano.a(libc_a-lock.o)
                0x08005288                __retarget_lock_acquire_recursive
 .text.__retarget_lock_release_recursive
                0x0800528a        0x2 C:/ST/STM32CubeCLT_1.18.0/GNU-tools-for-STM32/bin/../lib/gcc/arm-none-eabi/13.3.1/../../../../arm-none-eabi/lib/thumb/v7e-m+fp/hard\libc_nano.a(libc_a-lock.o)
                0x0800528a                __retarget_lock_release_recursive
 .text._free_r  0x0800528c       0x94 C:/ST/STM32CubeCLT_1.18.0/GNU-tools-for-STM32/bin/../lib/gcc/arm-none-eabi/13.3.1/../../../../arm-none-eabi/lib/thumb/v7e-m+fp/hard\libc_nano.a(libc_a-freer.o)
                0x0800528c                _free_r
 *(.glue_7)
 .glue_7        0x08005320        0x0 linker stubs
 *(.glue_7t)
 .glue_7t       0x08005320        0x0 linker stubs
 *(.eh_frame)
 .eh_frame      0x08005320        0x0 C:/ST/STM32CubeCLT_1.18.0/GNU-tools-for-STM32/bin/../lib/gcc/arm-none-eabi/13.3.1/thumb/v7e-m+fp/hard/crtbegin.o
 *(.init)
 .init          0x08005320        0x4 C:/ST/STM32CubeCLT_1.18.0/GNU-tools-for-STM32/bin/../lib/gcc/arm-none-eabi/13.3.1/thumb/v7e-m+fp/hard/crti.o
                0x08005320                _init
 .init          0x08005324        0x8 C:/ST/STM32CubeCLT_1.18.0/GNU-tools-for-STM32/bin/../lib/gcc/arm-none-eabi/13.3.1/thumb/v7e-m+fp/hard/crtn.o
 *(.fini)
 .fini          0x0800532c        0x4 C:/ST/STM32CubeCLT_1.18.0/GNU-tools-for-STM32/bin/../lib/gcc/arm-none-eabi/13.3.1/thumb/v7e-m+fp/hard/crti.o
                0x0800532c                _fini
 .fini          0x08005330        0x8 C:/ST/STM32CubeCLT_1.18.0/GNU-tools-for-STM32/bin/../lib/gcc/arm-none-eabi/13.3.1/thumb/v7e-m+fp/hard/crtn.o
                0x08005338                        . = ALIGN (0x4)
                0x08005338                        _etext = .

.vfp11_veneer   0x08005338        0x0
 .vfp11_veneer  0x08005338        0x0 linker stubs

.v4_bx          0x08005338        0x0
 .v4_bx         0x08005338        0x0 linker stubs

.iplt           0x08005338        0x0
 .iplt          0x08005338        0x0 C:/ST/STM32CubeCLT_1.18.0/GNU-tools-for-STM32/bin/../lib/gcc/arm-none-eabi/13.3.1/thumb/v7e-m+fp/hard/crtbegin.o

.rodata         0x08005338       0x1c
                0x08005338                        . = ALIGN (0x4)
 *(.rodata)
 *(.rodata*)
 .rodata.APBPrescTable
                0x08005338        0x8 build/debug/system_stm32f4xx.o
                0x08005338                APBPrescTable
 .rodata.AHBPrescTable
                0x08005340       0x10 build/debug/system_stm32f4xx.o
                0x08005340                AHBPrescTable
 .rodata.str1.4
                0x08005350        0x4 build/debug/usbh_cdc.o
                0x08005354                        . = ALIGN (0x4)

.ARM.extab      0x08005354        0x0
                0x08005354                        . = ALIGN (0x4)
 *(.ARM.extab* .gnu.linkonce.armextab.*)
                0x08005354                        . = ALIGN (0x4)

.ARM            0x08005354        0x8
                0x08005354                        . = ALIGN (0x4)
                0x08005354                        __exidx_start = .
 *(.ARM.exidx*)
 .ARM.exidx     0x08005354        0x8 C:/ST/STM32CubeCLT_1.18.0/GNU-tools-for-STM32/bin/../lib/gcc/arm-none-eabi/13.3.1/thumb/v7e-m+fp/hard\libgcc.a(_udivmoddi4.o)
                0x0800535c                        __exidx_end = .
                0x0800535c                        . = ALIGN (0x4)

.preinit_array  0x0800535c        0x0
                0x0800535c                        . = ALIGN (0x4)
                0x0800535c                        PROVIDE (__preinit_array_start = .)
 *(.preinit_array*)
                0x0800535c                        PROVIDE (__preinit_array_end = .)
                0x0800535c                        . = ALIGN (0x4)

.init_array     0x0800535c        0x4
                0x0800535c                        . = ALIGN (0x4)
                0x0800535c                        PROVIDE (__init_array_start = .)
 *(SORT_BY_NAME(.init_array.*))
 *(.init_array*)
 .init_array    0x0800535c        0x4 C:/ST/STM32CubeCLT_1.18.0/GNU-tools-for-STM32/bin/../lib/gcc/arm-none-eabi/13.3.1/thumb/v7e-m+fp/hard/crtbegin.o
                0x08005360                        PROVIDE (__init_array_end = .)
                0x08005360                        . = ALIGN (0x4)

.fini_array     0x08005360        0x4
                0x08005360                        . = ALIGN (0x4)
                [!provide]                        PROVIDE (__fini_array_start = .)
 *(SORT_BY_NAME(.fini_array.*))
 *(.fini_array*)
 .fini_array    0x08005360        0x4 C:/ST/STM32CubeCLT_1.18.0/GNU-tools-for-STM32/bin/../lib/gcc/arm-none-eabi/13.3.1/thumb/v7e-m+fp/hard/crtbegin.o
                [!provide]                        PROVIDE (__fini_array_end = .)
                0x08005364                        . = ALIGN (0x4)
                0x08005364                        _sidata = LOADADDR (.data)

.rel.dyn        0x08005364        0x0
 .rel.iplt      0x08005364        0x0 C:/ST/STM32CubeCLT_1.18.0/GNU-tools-for-STM32/bin/../lib/gcc/arm-none-eabi/13.3.1/thumb/v7e-m+fp/hard/crtbegin.o

.data           0x20000000       0x7c load address 0x08005364
                0x20000000                        . = ALIGN (0x4)
                0x20000000                        _sdata = .
 *(.data)
 *(.data*)
 .data.uwTickFreq
                0x20000000        0x1 build/debug/stm32f4xx_hal.o
                0x20000000                uwTickFreq
 *fill*         0x20000001        0x3 
 .data.uwTickPrio
                0x20000004        0x4 build/debug/stm32f4xx_hal.o
                0x20000004                uwTickPrio
 .data.SystemCoreClock
                0x20000008        0x4 build/debug/system_stm32f4xx.o
                0x20000008                SystemCoreClock
 .data.CDC_Class
                0x2000000c       0x20 build/debug/usbh_cdc.o
                0x2000000c                CDC_Class
 .data._impure_ptr
                0x2000002c        0x4 C:/ST/STM32CubeCLT_1.18.0/GNU-tools-for-STM32/bin/../lib/gcc/arm-none-eabi/13.3.1/../../../../arm-none-eabi/lib/thumb/v7e-m+fp/hard\libc_nano.a(libc_a-impure.o)
                0x2000002c                _impure_ptr
 .data._impure_data
                0x20000030       0x4c C:/ST/STM32CubeCLT_1.18.0/GNU-tools-for-STM32/bin/../lib/gcc/arm-none-eabi/13.3.1/../../../../arm-none-eabi/lib/thumb/v7e-m+fp/hard\libc_nano.a(libc_a-impure.o)
                0x20000030                _impure_data
 *(.RamFunc)
 *(.RamFunc*)
                0x2000007c                        . = ALIGN (0x4)
                0x2000007c                        _edata = .
                0x080053e0                        _siccmram = LOADADDR (.ccmram)

.igot.plt       0x2000007c        0x0 load address 0x080053e0
 .igot.plt      0x2000007c        0x0 C:/ST/STM32CubeCLT_1.18.0/GNU-tools-for-STM32/bin/../lib/gcc/arm-none-eabi/13.3.1/thumb/v7e-m+fp/hard/crtbegin.o

.ccmram         0x10000000        0x0 load address 0x080053e0
                0x10000000                        . = ALIGN (0x4)
                0x10000000                        _sccmram = .
 *(.ccmram)
 *(.ccmram*)
                0x10000000                        . = ALIGN (0x4)
                0x10000000                        _eccmram = .
                0x10000000                        . = ALIGN (0x4)

.bss            0x2000007c      0xa1c
                0x2000007c                        _sbss = .
                0x2000007c                        __bss_start__ = _sbss
 *(.bss)
 .bss           0x2000007c       0x1c C:/ST/STM32CubeCLT_1.18.0/GNU-tools-for-STM32/bin/../lib/gcc/arm-none-eabi/13.3.1/thumb/v7e-m+fp/hard/crtbegin.o
 *(.bss*)
 .bss.hspi1     0x20000098       0x58 build/debug/main.o
                0x20000098                hspi1
 .bss.hi2s3     0x200000f0       0x48 build/debug/main.o
                0x200000f0                hi2s3
 .bss.hi2c1     0x20000138       0x54 build/debug/main.o
                0x20000138                hi2c1
 .bss.uwTick    0x2000018c        0x4 build/debug/stm32f4xx_hal.o
                0x2000018c                uwTick
 .bss.__sbrk_heap_end
                0x20000190        0x4 build/debug/sysmem.o
 .bss.Appli_state
                0x20000194        0x1 build/debug/usb_host.o
                0x20000194                Appli_state
 *fill*         0x20000195        0x3 
 .bss.hUsbHostFS
                0x20000198      0x3d8 build/debug/usb_host.o
                0x20000198                hUsbHostFS
 .bss.hhcd_USB_OTG_FS
                0x20000570      0x3e0 build/debug/usbh_conf.o
                0x20000570                hhcd_USB_OTG_FS
 .bss.__malloc_sbrk_start
                0x20000950        0x4 C:/ST/STM32CubeCLT_1.18.0/GNU-tools-for-STM32/bin/../lib/gcc/arm-none-eabi/13.3.1/../../../../arm-none-eabi/lib/thumb/v7e-m+fp/hard\libc_nano.a(libc_a-mallocr.o)
                0x20000950                __malloc_sbrk_start
 .bss.__malloc_free_list
                0x20000954        0x4 C:/ST/STM32CubeCLT_1.18.0/GNU-tools-for-STM32/bin/../lib/gcc/arm-none-eabi/13.3.1/../../../../arm-none-eabi/lib/thumb/v7e-m+fp/hard\libc_nano.a(libc_a-mallocr.o)
                0x20000954                __malloc_free_list
 .bss.__sf      0x20000958      0x138 C:/ST/STM32CubeCLT_1.18.0/GNU-tools-for-STM32/bin/../lib/gcc/arm-none-eabi/13.3.1/../../../../arm-none-eabi/lib/thumb/v7e-m+fp/hard\libc_nano.a(libc_a-findfp.o)
                0x20000958                __sf
 .bss.errno     0x20000a90        0x4 C:/ST/STM32CubeCLT_1.18.0/GNU-tools-for-STM32/bin/../lib/gcc/arm-none-eabi/13.3.1/../../../../arm-none-eabi/lib/thumb/v7e-m+fp/hard\libc_nano.a(libc_a-reent.o)
                0x20000a90                errno
 .bss.__lock___malloc_recursive_mutex
                0x20000a94        0x1 C:/ST/STM32CubeCLT_1.18.0/GNU-tools-for-STM32/bin/../lib/gcc/arm-none-eabi/13.3.1/../../../../arm-none-eabi/lib/thumb/v7e-m+fp/hard\libc_nano.a(libc_a-lock.o)
                0x20000a94                __lock___malloc_recursive_mutex
 *(COMMON)
                0x20000a98                        . = ALIGN (0x4)
 *fill*         0x20000a95        0x3 
                0x20000a98                        _ebss = .
                0x20000a98                        __bss_end__ = _ebss

._user_heap_stack
                0x20000a98      0x600
                0x20000a98                        . = ALIGN (0x8)
                [!provide]                        PROVIDE (end = .)
                0x20000a98                        PROVIDE (_end = .)
                0x20000c98                        . = (. + _Min_Heap_Size)
 *fill*         0x20000a98      0x200 
                0x20001098                        . = (. + _Min_Stack_Size)
 *fill*         0x20000c98      0x400 
                0x20001098                        . = ALIGN (0x8)

/DISCARD/
 libc.a(*)
 libm.a(*)
 libgcc.a(*)
OUTPUT(build/debug/led2.elf elf32-littlearm)
LOAD linker stubs
LOAD C:/ST/STM32CubeCLT_1.18.0/GNU-tools-for-STM32/bin/../lib/gcc/arm-none-eabi/13.3.1/../../../../arm-none-eabi/lib/thumb/v7e-m+fp/hard\libc.a
LOAD C:/ST/STM32CubeCLT_1.18.0/GNU-tools-for-STM32/bin/../lib/gcc/arm-none-eabi/13.3.1/../../../../arm-none-eabi/lib/thumb/v7e-m+fp/hard\libm.a
LOAD C:/ST/STM32CubeCLT_1.18.0/GNU-tools-for-STM32/bin/../lib/gcc/arm-none-eabi/13.3.1/thumb/v7e-m+fp/hard\libgcc.a

.ARM.attributes
                0x00000000       0x30
 .ARM.attributes
                0x00000000       0x22 C:/ST/STM32CubeCLT_1.18.0/GNU-tools-for-STM32/bin/../lib/gcc/arm-none-eabi/13.3.1/thumb/v7e-m+fp/hard/crti.o
 .ARM.attributes
                0x00000022       0x34 C:/ST/STM32CubeCLT_1.18.0/GNU-tools-for-STM32/bin/../lib/gcc/arm-none-eabi/13.3.1/thumb/v7e-m+fp/hard/crtbegin.o
 .ARM.attributes
                0x00000056       0x34 build/debug/main.o
 .ARM.attributes
                0x0000008a       0x34 build/debug/stm32f4xx_hal.o
 .ARM.attributes
                0x000000be       0x34 build/debug/stm32f4xx_hal_cortex.o
 .ARM.attributes
                0x000000f2       0x34 build/debug/stm32f4xx_hal_gpio.o
 .ARM.attributes
                0x00000126       0x34 build/debug/stm32f4xx_hal_hcd.o
 .ARM.attributes
                0x0000015a       0x34 build/debug/stm32f4xx_hal_i2c.o
 .ARM.attributes
                0x0000018e       0x34 build/debug/stm32f4xx_hal_i2s.o
 .ARM.attributes
                0x000001c2       0x34 build/debug/stm32f4xx_hal_i2s_ex.o
 .ARM.attributes
                0x000001f6       0x34 build/debug/stm32f4xx_hal_msp.o
 .ARM.attributes
                0x0000022a       0x34 build/debug/stm32f4xx_hal_rcc.o
 .ARM.attributes
                0x0000025e       0x34 build/debug/stm32f4xx_hal_rcc_ex.o
 .ARM.attributes
                0x00000292       0x34 build/debug/stm32f4xx_hal_spi.o
 .ARM.attributes
                0x000002c6       0x34 build/debug/stm32f4xx_it.o
 .ARM.attributes
                0x000002fa       0x34 build/debug/stm32f4xx_ll_usb.o
 .ARM.attributes
                0x0000032e       0x34 build/debug/sysmem.o
 .ARM.attributes
                0x00000362       0x34 build/debug/system_stm32f4xx.o
 .ARM.attributes
                0x00000396       0x34 build/debug/usb_host.o
 .ARM.attributes
                0x000003ca       0x34 build/debug/usbh_cdc.o
 .ARM.attributes
                0x000003fe       0x34 build/debug/usbh_conf.o
 .ARM.attributes
                0x00000432       0x34 build/debug/usbh_core.o
 .ARM.attributes
                0x00000466       0x34 build/debug/usbh_ctlreq.o
 .ARM.attributes
                0x0000049a       0x34 build/debug/usbh_ioreq.o
 .ARM.attributes
                0x000004ce       0x34 build/debug/usbh_pipes.o
 .ARM.attributes
                0x00000502       0x34 build/debug/usbh_platform.o
 .ARM.attributes
                0x00000536       0x21 build/debug/startup_stm32f407xx.o
 .ARM.attributes
                0x00000557       0x34 C:/ST/STM32CubeCLT_1.18.0/GNU-tools-for-STM32/bin/../lib/gcc/arm-none-eabi/13.3.1/../../../../arm-none-eabi/lib/thumb/v7e-m+fp/hard\libc_nano.a(libc_a-malloc.o)
 .ARM.attributes
                0x0000058b       0x34 C:/ST/STM32CubeCLT_1.18.0/GNU-tools-for-STM32/bin/../lib/gcc/arm-none-eabi/13.3.1/../../../../arm-none-eabi/lib/thumb/v7e-m+fp/hard\libc_nano.a(libc_a-mallocr.o)
 .ARM.attributes
                0x000005bf       0x34 C:/ST/STM32CubeCLT_1.18.0/GNU-tools-for-STM32/bin/../lib/gcc/arm-none-eabi/13.3.1/../../../../arm-none-eabi/lib/thumb/v7e-m+fp/hard\libc_nano.a(libc_a-mlock.o)
 .ARM.attributes
                0x000005f3       0x34 C:/ST/STM32CubeCLT_1.18.0/GNU-tools-for-STM32/bin/../lib/gcc/arm-none-eabi/13.3.1/../../../../arm-none-eabi/lib/thumb/v7e-m+fp/hard\libc_nano.a(libc_a-findfp.o)
 .ARM.attributes
                0x00000627       0x34 C:/ST/STM32CubeCLT_1.18.0/GNU-tools-for-STM32/bin/../lib/gcc/arm-none-eabi/13.3.1/../../../../arm-none-eabi/lib/thumb/v7e-m+fp/hard\libc_nano.a(libc_a-memset.o)
 .ARM.attributes
                0x0000065b       0x34 C:/ST/STM32CubeCLT_1.18.0/GNU-tools-for-STM32/bin/../lib/gcc/arm-none-eabi/13.3.1/../../../../arm-none-eabi/lib/thumb/v7e-m+fp/hard\libc_nano.a(libc_a-reent.o)
 .ARM.attributes
                0x0000068f       0x34 C:/ST/STM32CubeCLT_1.18.0/GNU-tools-for-STM32/bin/../lib/gcc/arm-none-eabi/13.3.1/../../../../arm-none-eabi/lib/thumb/v7e-m+fp/hard\libc_nano.a(libc_a-impure.o)
 .ARM.attributes
                0x000006c3       0x34 C:/ST/STM32CubeCLT_1.18.0/GNU-tools-for-STM32/bin/../lib/gcc/arm-none-eabi/13.3.1/../../../../arm-none-eabi/lib/thumb/v7e-m+fp/hard\libc_nano.a(libc_a-sbrkr.o)
 .ARM.attributes
                0x000006f7       0x34 C:/ST/STM32CubeCLT_1.18.0/GNU-tools-for-STM32/bin/../lib/gcc/arm-none-eabi/13.3.1/../../../../arm-none-eabi/lib/thumb/v7e-m+fp/hard\libc_nano.a(libc_a-errno.o)
 .ARM.attributes
                0x0000072b       0x34 C:/ST/STM32CubeCLT_1.18.0/GNU-tools-for-STM32/bin/../lib/gcc/arm-none-eabi/13.3.1/../../../../arm-none-eabi/lib/thumb/v7e-m+fp/hard\libc_nano.a(libc_a-init.o)
 .ARM.attributes
                0x0000075f       0x34 C:/ST/STM32CubeCLT_1.18.0/GNU-tools-for-STM32/bin/../lib/gcc/arm-none-eabi/13.3.1/../../../../arm-none-eabi/lib/thumb/v7e-m+fp/hard\libc_nano.a(libc_a-lock.o)
 .ARM.attributes
                0x00000793       0x34 C:/ST/STM32CubeCLT_1.18.0/GNU-tools-for-STM32/bin/../lib/gcc/arm-none-eabi/13.3.1/../../../../arm-none-eabi/lib/thumb/v7e-m+fp/hard\libc_nano.a(libc_a-freer.o)
 .ARM.attributes
                0x000007c7       0x22 C:/ST/STM32CubeCLT_1.18.0/GNU-tools-for-STM32/bin/../lib/gcc/arm-none-eabi/13.3.1/thumb/v7e-m+fp/hard\libgcc.a(_aeabi_uldivmod.o)
 .ARM.attributes
                0x000007e9       0x34 C:/ST/STM32CubeCLT_1.18.0/GNU-tools-for-STM32/bin/../lib/gcc/arm-none-eabi/13.3.1/thumb/v7e-m+fp/hard\libgcc.a(_udivmoddi4.o)
 .ARM.attributes
                0x0000081d       0x22 C:/ST/STM32CubeCLT_1.18.0/GNU-tools-for-STM32/bin/../lib/gcc/arm-none-eabi/13.3.1/thumb/v7e-m+fp/hard\libgcc.a(_dvmd_tls.o)
 .ARM.attributes
                0x0000083f       0x22 C:/ST/STM32CubeCLT_1.18.0/GNU-tools-for-STM32/bin/../lib/gcc/arm-none-eabi/13.3.1/thumb/v7e-m+fp/hard/crtn.o

.comment        0x00000000       0x43
 .comment       0x00000000       0x43 build/debug/main.o
                                 0x44 (size before relaxing)
 .comment       0x00000043       0x44 build/debug/stm32f4xx_hal.o
 .comment       0x00000043       0x44 build/debug/stm32f4xx_hal_cortex.o
 .comment       0x00000043       0x44 build/debug/stm32f4xx_hal_gpio.o
 .comment       0x00000043       0x44 build/debug/stm32f4xx_hal_hcd.o
 .comment       0x00000043       0x44 build/debug/stm32f4xx_hal_i2c.o
 .comment       0x00000043       0x44 build/debug/stm32f4xx_hal_i2s.o
 .comment       0x00000043       0x44 build/debug/stm32f4xx_hal_i2s_ex.o
 .comment       0x00000043       0x44 build/debug/stm32f4xx_hal_msp.o
 .comment       0x00000043       0x44 build/debug/stm32f4xx_hal_rcc.o
 .comment       0x00000043       0x44 build/debug/stm32f4xx_hal_rcc_ex.o
 .comment       0x00000043       0x44 build/debug/stm32f4xx_hal_spi.o
 .comment       0x00000043       0x44 build/debug/stm32f4xx_it.o
 .comment       0x00000043       0x44 build/debug/stm32f4xx_ll_usb.o
 .comment       0x00000043       0x44 build/debug/sysmem.o
 .comment       0x00000043       0x44 build/debug/system_stm32f4xx.o
 .comment       0x00000043       0x44 build/debug/usb_host.o
 .comment       0x00000043       0x44 build/debug/usbh_cdc.o
 .comment       0x00000043       0x44 build/debug/usbh_conf.o
 .comment       0x00000043       0x44 build/debug/usbh_core.o
 .comment       0x00000043       0x44 build/debug/usbh_ctlreq.o
 .comment       0x00000043       0x44 build/debug/usbh_ioreq.o
 .comment       0x00000043       0x44 build/debug/usbh_pipes.o
 .comment       0x00000043       0x44 build/debug/usbh_platform.o

.debug_info     0x00000000    0x1995a
 .debug_info    0x00000000     0x1363 build/debug/main.o
 .debug_info    0x00001363      0x9e2 build/debug/stm32f4xx_hal.o
 .debug_info    0x00001d45      0xff5 build/debug/stm32f4xx_hal_cortex.o
 .debug_info    0x00002d3a      0x704 build/debug/stm32f4xx_hal_gpio.o
 .debug_info    0x0000343e     0x190b build/debug/stm32f4xx_hal_hcd.o
 .debug_info    0x00004d49     0x3805 build/debug/stm32f4xx_hal_i2c.o
 .debug_info    0x0000854e     0x1152 build/debug/stm32f4xx_hal_i2s.o
 .debug_info    0x000096a0      0xd7a build/debug/stm32f4xx_hal_i2s_ex.o
 .debug_info    0x0000a41a     0x111e build/debug/stm32f4xx_hal_msp.o
 .debug_info    0x0000b538      0xa81 build/debug/stm32f4xx_hal_rcc.o
 .debug_info    0x0000bfb9      0x651 build/debug/stm32f4xx_hal_rcc_ex.o
 .debug_info    0x0000c60a     0x1ccc build/debug/stm32f4xx_hal_spi.o
 .debug_info    0x0000e2d6      0x6bd build/debug/stm32f4xx_it.o
 .debug_info    0x0000e993     0x1e82 build/debug/stm32f4xx_ll_usb.o
 .debug_info    0x00010815      0x171 build/debug/sysmem.o
 .debug_info    0x00010986      0x527 build/debug/system_stm32f4xx.o
 .debug_info    0x00010ead      0xa98 build/debug/usb_host.o
 .debug_info    0x00011945     0x18e4 build/debug/usbh_cdc.o
 .debug_info    0x00013229     0x208b build/debug/usbh_conf.o
 .debug_info    0x000152b4     0x15ea build/debug/usbh_core.o
 .debug_info    0x0001689e     0x13e2 build/debug/usbh_ctlreq.o
 .debug_info    0x00017c80      0xf5a build/debug/usbh_ioreq.o
 .debug_info    0x00018bda      0xb5a build/debug/usbh_pipes.o
 .debug_info    0x00019734      0x1f6 build/debug/usbh_platform.o
 .debug_info    0x0001992a       0x30 build/debug/startup_stm32f407xx.o

.debug_abbrev   0x00000000     0x3c0f
 .debug_abbrev  0x00000000      0x2a6 build/debug/main.o
 .debug_abbrev  0x000002a6      0x240 build/debug/stm32f4xx_hal.o
 .debug_abbrev  0x000004e6      0x391 build/debug/stm32f4xx_hal_cortex.o
 .debug_abbrev  0x00000877      0x202 build/debug/stm32f4xx_hal_gpio.o
 .debug_abbrev  0x00000a79      0x2c9 build/debug/stm32f4xx_hal_hcd.o
 .debug_abbrev  0x00000d42      0x2c3 build/debug/stm32f4xx_hal_i2c.o
 .debug_abbrev  0x00001005      0x27a build/debug/stm32f4xx_hal_i2s.o
 .debug_abbrev  0x0000127f      0x296 build/debug/stm32f4xx_hal_i2s_ex.o
 .debug_abbrev  0x00001515      0x249 build/debug/stm32f4xx_hal_msp.o
 .debug_abbrev  0x0000175e      0x2c7 build/debug/stm32f4xx_hal_rcc.o
 .debug_abbrev  0x00001a25      0x1c4 build/debug/stm32f4xx_hal_rcc_ex.o
 .debug_abbrev  0x00001be9      0x272 build/debug/stm32f4xx_hal_spi.o
 .debug_abbrev  0x00001e5b      0x1ad build/debug/stm32f4xx_it.o
 .debug_abbrev  0x00002008      0x329 build/debug/stm32f4xx_ll_usb.o
 .debug_abbrev  0x00002331       0xea build/debug/sysmem.o
 .debug_abbrev  0x0000241b      0x11e build/debug/system_stm32f4xx.o
 .debug_abbrev  0x00002539      0x2ab build/debug/usb_host.o
 .debug_abbrev  0x000027e4      0x35e build/debug/usbh_cdc.o
 .debug_abbrev  0x00002b42      0x3e8 build/debug/usbh_conf.o
 .debug_abbrev  0x00002f2a      0x361 build/debug/usbh_core.o
 .debug_abbrev  0x0000328b      0x339 build/debug/usbh_ctlreq.o
 .debug_abbrev  0x000035c4      0x25b build/debug/usbh_ioreq.o
 .debug_abbrev  0x0000381f      0x2a2 build/debug/usbh_pipes.o
 .debug_abbrev  0x00003ac1      0x12a build/debug/usbh_platform.o
 .debug_abbrev  0x00003beb       0x24 build/debug/startup_stm32f407xx.o

.debug_aranges  0x00000000     0x1108
 .debug_aranges
                0x00000000       0x50 build/debug/main.o
 .debug_aranges
                0x00000050       0xf0 build/debug/stm32f4xx_hal.o
 .debug_aranges
                0x00000140       0xf8 build/debug/stm32f4xx_hal_cortex.o
 .debug_aranges
                0x00000238       0x58 build/debug/stm32f4xx_hal_gpio.o
 .debug_aranges
                0x00000290      0x108 build/debug/stm32f4xx_hal_hcd.o
 .debug_aranges
                0x00000398      0x2a8 build/debug/stm32f4xx_hal_i2c.o
 .debug_aranges
                0x00000640      0x108 build/debug/stm32f4xx_hal_i2s.o
 .debug_aranges
                0x00000748       0x88 build/debug/stm32f4xx_hal_i2s_ex.o
 .debug_aranges
                0x000007d0       0x50 build/debug/stm32f4xx_hal_msp.o
 .debug_aranges
                0x00000820       0x88 build/debug/stm32f4xx_hal_rcc.o
 .debug_aranges
                0x000008a8       0x48 build/debug/stm32f4xx_hal_rcc_ex.o
 .debug_aranges
                0x000008f0      0x1d0 build/debug/stm32f4xx_hal_spi.o
 .debug_aranges
                0x00000ac0       0x68 build/debug/stm32f4xx_it.o
 .debug_aranges
                0x00000b28      0x1a0 build/debug/stm32f4xx_ll_usb.o
 .debug_aranges
                0x00000cc8       0x20 build/debug/sysmem.o
 .debug_aranges
                0x00000ce8       0x28 build/debug/system_stm32f4xx.o
 .debug_aranges
                0x00000d10       0x30 build/debug/usb_host.o
 .debug_aranges
                0x00000d40       0xa8 build/debug/usbh_cdc.o
 .debug_aranges
                0x00000de8       0xd8 build/debug/usbh_conf.o
 .debug_aranges
                0x00000ec0       0xc0 build/debug/usbh_core.o
 .debug_aranges
                0x00000f80       0xa0 build/debug/usbh_ctlreq.o
 .debug_aranges
                0x00001020       0x60 build/debug/usbh_ioreq.o
 .debug_aranges
                0x00001080       0x40 build/debug/usbh_pipes.o
 .debug_aranges
                0x000010c0       0x20 build/debug/usbh_platform.o
 .debug_aranges
                0x000010e0       0x28 build/debug/startup_stm32f407xx.o

.debug_rnglists
                0x00000000      0xd0a
 .debug_rnglists
                0x00000000       0x39 build/debug/main.o
 .debug_rnglists
                0x00000039       0xaf build/debug/stm32f4xx_hal.o
 .debug_rnglists
                0x000000e8       0xb5 build/debug/stm32f4xx_hal_cortex.o
 .debug_rnglists
                0x0000019d       0x3f build/debug/stm32f4xx_hal_gpio.o
 .debug_rnglists
                0x000001dc       0xc9 build/debug/stm32f4xx_hal_hcd.o
 .debug_rnglists
                0x000002a5      0x236 build/debug/stm32f4xx_hal_i2c.o
 .debug_rnglists
                0x000004db       0xe4 build/debug/stm32f4xx_hal_i2s.o
 .debug_rnglists
                0x000005bf       0x72 build/debug/stm32f4xx_hal_i2s_ex.o
 .debug_rnglists
                0x00000631       0x38 build/debug/stm32f4xx_hal_msp.o
 .debug_rnglists
                0x00000669       0x75 build/debug/stm32f4xx_hal_rcc.o
 .debug_rnglists
                0x000006de       0x33 build/debug/stm32f4xx_hal_rcc_ex.o
 .debug_rnglists
                0x00000711      0x16a build/debug/stm32f4xx_hal_spi.o
 .debug_rnglists
                0x0000087b       0x49 build/debug/stm32f4xx_it.o
 .debug_rnglists
                0x000008c4      0x141 build/debug/stm32f4xx_ll_usb.o
 .debug_rnglists
                0x00000a05       0x13 build/debug/sysmem.o
 .debug_rnglists
                0x00000a18       0x1a build/debug/system_stm32f4xx.o
 .debug_rnglists
                0x00000a32       0x1f build/debug/usb_host.o
 .debug_rnglists
                0x00000a51       0x7c build/debug/usbh_cdc.o
 .debug_rnglists
                0x00000acd       0x9e build/debug/usbh_conf.o
 .debug_rnglists
                0x00000b6b       0x8e build/debug/usbh_core.o
 .debug_rnglists
                0x00000bf9       0x77 build/debug/usbh_ctlreq.o
 .debug_rnglists
                0x00000c70       0x43 build/debug/usbh_ioreq.o
 .debug_rnglists
                0x00000cb3       0x2b build/debug/usbh_pipes.o
 .debug_rnglists
                0x00000cde       0x13 build/debug/usbh_platform.o
 .debug_rnglists
                0x00000cf1       0x19 build/debug/startup_stm32f407xx.o

.debug_line     0x00000000    0x1481b
 .debug_line    0x00000000      0x6a1 build/debug/main.o
 .debug_line    0x000006a1      0x5c1 build/debug/stm32f4xx_hal.o
 .debug_line    0x00000c62      0x884 build/debug/stm32f4xx_hal_cortex.o
 .debug_line    0x000014e6      0x74f build/debug/stm32f4xx_hal_gpio.o
 .debug_line    0x00001c35     0x14d1 build/debug/stm32f4xx_hal_hcd.o
 .debug_line    0x00003106     0x54c5 build/debug/stm32f4xx_hal_i2c.o
 .debug_line    0x000085cb     0x1442 build/debug/stm32f4xx_hal_i2s.o
 .debug_line    0x00009a0d     0x105d build/debug/stm32f4xx_hal_i2s_ex.o
 .debug_line    0x0000aa6a      0x4c9 build/debug/stm32f4xx_hal_msp.o
 .debug_line    0x0000af33      0xc18 build/debug/stm32f4xx_hal_rcc.o
 .debug_line    0x0000bb4b      0x6a0 build/debug/stm32f4xx_hal_rcc_ex.o
 .debug_line    0x0000c1eb     0x24cb build/debug/stm32f4xx_hal_spi.o
 .debug_line    0x0000e6b6      0x2ea build/debug/stm32f4xx_it.o
 .debug_line    0x0000e9a0     0x1fc5 build/debug/stm32f4xx_ll_usb.o
 .debug_line    0x00010965      0x21e build/debug/sysmem.o
 .debug_line    0x00010b83      0x2a8 build/debug/system_stm32f4xx.o
 .debug_line    0x00010e2b      0x296 build/debug/usb_host.o
 .debug_line    0x000110c1      0xb14 build/debug/usbh_cdc.o
 .debug_line    0x00011bd5      0x74b build/debug/usbh_conf.o
 .debug_line    0x00012320      0xf1f build/debug/usbh_core.o
 .debug_line    0x0001323f      0xd85 build/debug/usbh_ctlreq.o
 .debug_line    0x00013fc4      0x333 build/debug/usbh_ioreq.o
 .debug_line    0x000142f7      0x2bd build/debug/usbh_pipes.o
 .debug_line    0x000145b4      0x1f1 build/debug/usbh_platform.o
 .debug_line    0x000147a5       0x76 build/debug/startup_stm32f407xx.o

.debug_str      0x00000000     0x5769
 .debug_str     0x00000000     0x5769 build/debug/main.o
                                0xd9c (size before relaxing)
 .debug_str     0x00005769      0xb42 build/debug/stm32f4xx_hal.o
 .debug_str     0x00005769      0xc53 build/debug/stm32f4xx_hal_cortex.o
 .debug_str     0x00005769      0x4be build/debug/stm32f4xx_hal_gpio.o
 .debug_str     0x00005769      0xc3b build/debug/stm32f4xx_hal_hcd.o
 .debug_str     0x00005769     0x101b build/debug/stm32f4xx_hal_i2c.o
 .debug_str     0x00005769      0x92e build/debug/stm32f4xx_hal_i2s.o
 .debug_str     0x00005769      0x846 build/debug/stm32f4xx_hal_i2s_ex.o
 .debug_str     0x00005769      0xc9d build/debug/stm32f4xx_hal_msp.o
 .debug_str     0x00005769      0x6e4 build/debug/stm32f4xx_hal_rcc.o
 .debug_str     0x00005769      0x4a5 build/debug/stm32f4xx_hal_rcc_ex.o
 .debug_str     0x00005769      0xbd2 build/debug/stm32f4xx_hal_spi.o
 .debug_str     0x00005769      0x6db build/debug/stm32f4xx_it.o
 .debug_str     0x00005769      0xd0c build/debug/stm32f4xx_ll_usb.o
 .debug_str     0x00005769      0x203 build/debug/sysmem.o
 .debug_str     0x00005769      0x353 build/debug/system_stm32f4xx.o
 .debug_str     0x00005769      0xa9e build/debug/usb_host.o
 .debug_str     0x00005769     0x115d build/debug/usbh_cdc.o
 .debug_str     0x00005769     0x19c1 build/debug/usbh_conf.o
 .debug_str     0x00005769      0xcf9 build/debug/usbh_core.o
 .debug_str     0x00005769      0xcde build/debug/usbh_ctlreq.o
 .debug_str     0x00005769      0xad1 build/debug/usbh_ioreq.o
 .debug_str     0x00005769      0xa67 build/debug/usbh_pipes.o
 .debug_str     0x00005769      0x23c build/debug/usbh_platform.o
 .debug_str     0x00005769       0x5c build/debug/startup_stm32f407xx.o

.debug_frame    0x00000000     0x3330
 .debug_frame   0x00000000       0xcc build/debug/main.o
 .debug_frame   0x000000cc      0x1ec build/debug/stm32f4xx_hal.o
 .debug_frame   0x000002b8      0x214 build/debug/stm32f4xx_hal_cortex.o
 .debug_frame   0x000004cc       0xd8 build/debug/stm32f4xx_hal_gpio.o
 .debug_frame   0x000005a4      0x2dc build/debug/stm32f4xx_hal_hcd.o
 .debug_frame   0x00000880      0x988 build/debug/stm32f4xx_hal_i2c.o
 .debug_frame   0x00001208      0x334 build/debug/stm32f4xx_hal_i2s.o
 .debug_frame   0x0000153c      0x184 build/debug/stm32f4xx_hal_i2s_ex.o
 .debug_frame   0x000016c0       0xdc build/debug/stm32f4xx_hal_msp.o
 .debug_frame   0x0000179c      0x16c build/debug/stm32f4xx_hal_rcc.o
 .debug_frame   0x00001908       0xa4 build/debug/stm32f4xx_hal_rcc_ex.o
 .debug_frame   0x000019ac      0x5d0 build/debug/stm32f4xx_hal_spi.o
 .debug_frame   0x00001f7c       0xc0 build/debug/stm32f4xx_it.o
 .debug_frame   0x0000203c      0x494 build/debug/stm32f4xx_ll_usb.o
 .debug_frame   0x000024d0       0x28 build/debug/sysmem.o
 .debug_frame   0x000024f8       0x30 build/debug/system_stm32f4xx.o
 .debug_frame   0x00002528       0x50 build/debug/usb_host.o
 .debug_frame   0x00002578      0x1b0 build/debug/usbh_cdc.o
 .debug_frame   0x00002728      0x24c build/debug/usbh_conf.o
 .debug_frame   0x00002974      0x1f4 build/debug/usbh_core.o
 .debug_frame   0x00002b68      0x1e0 build/debug/usbh_ctlreq.o
 .debug_frame   0x00002d48      0x130 build/debug/usbh_ioreq.o
 .debug_frame   0x00002e78       0x84 build/debug/usbh_pipes.o
 .debug_frame   0x00002efc       0x28 build/debug/usbh_platform.o
 .debug_frame   0x00002f24       0x30 C:/ST/STM32CubeCLT_1.18.0/GNU-tools-for-STM32/bin/../lib/gcc/arm-none-eabi/13.3.1/../../../../arm-none-eabi/lib/thumb/v7e-m+fp/hard\libc_nano.a(libc_a-malloc.o)
 .debug_frame   0x00002f54       0x50 C:/ST/STM32CubeCLT_1.18.0/GNU-tools-for-STM32/bin/../lib/gcc/arm-none-eabi/13.3.1/../../../../arm-none-eabi/lib/thumb/v7e-m+fp/hard\libc_nano.a(libc_a-mallocr.o)
 .debug_frame   0x00002fa4       0x30 C:/ST/STM32CubeCLT_1.18.0/GNU-tools-for-STM32/bin/../lib/gcc/arm-none-eabi/13.3.1/../../../../arm-none-eabi/lib/thumb/v7e-m+fp/hard\libc_nano.a(libc_a-mlock.o)
 .debug_frame   0x00002fd4      0x144 C:/ST/STM32CubeCLT_1.18.0/GNU-tools-for-STM32/bin/../lib/gcc/arm-none-eabi/13.3.1/../../../../arm-none-eabi/lib/thumb/v7e-m+fp/hard\libc_nano.a(libc_a-findfp.o)
 .debug_frame   0x00003118       0x20 C:/ST/STM32CubeCLT_1.18.0/GNU-tools-for-STM32/bin/../lib/gcc/arm-none-eabi/13.3.1/../../../../arm-none-eabi/lib/thumb/v7e-m+fp/hard\libc_nano.a(libc_a-memset.o)
 .debug_frame   0x00003138       0x38 C:/ST/STM32CubeCLT_1.18.0/GNU-tools-for-STM32/bin/../lib/gcc/arm-none-eabi/13.3.1/../../../../arm-none-eabi/lib/thumb/v7e-m+fp/hard\libc_nano.a(libc_a-reent.o)
 .debug_frame   0x00003170       0x2c C:/ST/STM32CubeCLT_1.18.0/GNU-tools-for-STM32/bin/../lib/gcc/arm-none-eabi/13.3.1/../../../../arm-none-eabi/lib/thumb/v7e-m+fp/hard\libc_nano.a(libc_a-sbrkr.o)
 .debug_frame   0x0000319c       0x20 C:/ST/STM32CubeCLT_1.18.0/GNU-tools-for-STM32/bin/../lib/gcc/arm-none-eabi/13.3.1/../../../../arm-none-eabi/lib/thumb/v7e-m+fp/hard\libc_nano.a(libc_a-errno.o)
 .debug_frame   0x000031bc       0x2c C:/ST/STM32CubeCLT_1.18.0/GNU-tools-for-STM32/bin/../lib/gcc/arm-none-eabi/13.3.1/../../../../arm-none-eabi/lib/thumb/v7e-m+fp/hard\libc_nano.a(libc_a-init.o)
 .debug_frame   0x000031e8       0xb0 C:/ST/STM32CubeCLT_1.18.0/GNU-tools-for-STM32/bin/../lib/gcc/arm-none-eabi/13.3.1/../../../../arm-none-eabi/lib/thumb/v7e-m+fp/hard\libc_nano.a(libc_a-lock.o)
 .debug_frame   0x00003298       0x38 C:/ST/STM32CubeCLT_1.18.0/GNU-tools-for-STM32/bin/../lib/gcc/arm-none-eabi/13.3.1/../../../../arm-none-eabi/lib/thumb/v7e-m+fp/hard\libc_nano.a(libc_a-freer.o)
 .debug_frame   0x000032d0       0x2c C:/ST/STM32CubeCLT_1.18.0/GNU-tools-for-STM32/bin/../lib/gcc/arm-none-eabi/13.3.1/thumb/v7e-m+fp/hard\libgcc.a(_aeabi_uldivmod.o)
 .debug_frame   0x000032fc       0x34 C:/ST/STM32CubeCLT_1.18.0/GNU-tools-for-STM32/bin/../lib/gcc/arm-none-eabi/13.3.1/thumb/v7e-m+fp/hard\libgcc.a(_udivmoddi4.o)

.debug_loclists
                0x00000000     0xb2ce
 .debug_loclists
                0x00000000       0xe1 build/debug/stm32f4xx_hal.o
 .debug_loclists
                0x000000e1      0x54d build/debug/stm32f4xx_hal_cortex.o
 .debug_loclists
                0x0000062e      0x386 build/debug/stm32f4xx_hal_gpio.o
 .debug_loclists
                0x000009b4      0x94b build/debug/stm32f4xx_hal_hcd.o
 .debug_loclists
                0x000012ff     0x31d0 build/debug/stm32f4xx_hal_i2c.o
 .debug_loclists
                0x000044cf      0xb9d build/debug/stm32f4xx_hal_i2s.o
 .debug_loclists
                0x0000506c      0x6c6 build/debug/stm32f4xx_hal_i2s_ex.o
 .debug_loclists
                0x00005732      0x12e build/debug/stm32f4xx_hal_msp.o
 .debug_loclists
                0x00005860      0x3e5 build/debug/stm32f4xx_hal_rcc.o
 .debug_loclists
                0x00005c45      0x261 build/debug/stm32f4xx_hal_rcc_ex.o
 .debug_loclists
                0x00005ea6     0x14f7 build/debug/stm32f4xx_hal_spi.o
 .debug_loclists
                0x0000739d     0x1913 build/debug/stm32f4xx_ll_usb.o
 .debug_loclists
                0x00008cb0       0x52 build/debug/sysmem.o
 .debug_loclists
                0x00008d02       0x79 build/debug/system_stm32f4xx.o
 .debug_loclists
                0x00008d7b      0x50b build/debug/usbh_cdc.o
 .debug_loclists
                0x00009286      0x6d0 build/debug/usbh_conf.o
 .debug_loclists
                0x00009956      0x63c build/debug/usbh_core.o
 .debug_loclists
                0x00009f92      0xcf2 build/debug/usbh_ctlreq.o
 .debug_loclists
                0x0000ac84      0x463 build/debug/usbh_ioreq.o
 .debug_loclists
                0x0000b0e7      0x1aa build/debug/usbh_pipes.o
 .debug_loclists
                0x0000b291       0x3d build/debug/usbh_platform.o

.debug_line_str
                0x00000000       0x40
 .debug_line_str
                0x00000000       0x40 build/debug/startup_stm32f407xx.o

Cross Reference Table

Symbol                                            File
ADC_IRQHandler                                    build/debug/startup_stm32f407xx.o
AHBPrescTable                                     build/debug/system_stm32f4xx.o
                                                  build/debug/stm32f4xx_hal_rcc.o
APBPrescTable                                     build/debug/system_stm32f4xx.o
                                                  build/debug/stm32f4xx_hal_rcc.o
Appli_state                                       build/debug/usb_host.o
BusFault_Handler                                  build/debug/stm32f4xx_it.o
CAN1_RX0_IRQHandler                               build/debug/startup_stm32f407xx.o
CAN1_RX1_IRQHandler                               build/debug/startup_stm32f407xx.o
CAN1_SCE_IRQHandler                               build/debug/startup_stm32f407xx.o
CAN1_TX_IRQHandler                                build/debug/startup_stm32f407xx.o
CAN2_RX0_IRQHandler                               build/debug/startup_stm32f407xx.o
CAN2_RX1_IRQHandler                               build/debug/startup_stm32f407xx.o
CAN2_SCE_IRQHandler                               build/debug/startup_stm32f407xx.o
CAN2_TX_IRQHandler                                build/debug/startup_stm32f407xx.o
CDC_Class                                         build/debug/usbh_cdc.o
                                                  build/debug/usb_host.o
DCMI_IRQHandler                                   build/debug/startup_stm32f407xx.o
DMA1_Stream0_IRQHandler                           build/debug/startup_stm32f407xx.o
DMA1_Stream1_IRQHandler                           build/debug/startup_stm32f407xx.o
DMA1_Stream2_IRQHandler                           build/debug/startup_stm32f407xx.o
DMA1_Stream3_IRQHandler                           build/debug/startup_stm32f407xx.o
DMA1_Stream4_IRQHandler                           build/debug/startup_stm32f407xx.o
DMA1_Stream5_IRQHandler                           build/debug/startup_stm32f407xx.o
DMA1_Stream6_IRQHandler                           build/debug/startup_stm32f407xx.o
DMA1_Stream7_IRQHandler                           build/debug/startup_stm32f407xx.o
DMA2_Stream0_IRQHandler                           build/debug/startup_stm32f407xx.o
DMA2_Stream1_IRQHandler                           build/debug/startup_stm32f407xx.o
DMA2_Stream2_IRQHandler                           build/debug/startup_stm32f407xx.o
DMA2_Stream3_IRQHandler                           build/debug/startup_stm32f407xx.o
DMA2_Stream4_IRQHandler                           build/debug/startup_stm32f407xx.o
DMA2_Stream5_IRQHandler                           build/debug/startup_stm32f407xx.o
DMA2_Stream6_IRQHandler                           build/debug/startup_stm32f407xx.o
DMA2_Stream7_IRQHandler                           build/debug/startup_stm32f407xx.o
DebugMon_Handler                                  build/debug/stm32f4xx_it.o
Default_Handler                                   build/debug/startup_stm32f407xx.o
ETH_IRQHandler                                    build/debug/startup_stm32f407xx.o
ETH_WKUP_IRQHandler                               build/debug/startup_stm32f407xx.o
EXTI0_IRQHandler                                  build/debug/startup_stm32f407xx.o
EXTI15_10_IRQHandler                              build/debug/startup_stm32f407xx.o
EXTI1_IRQHandler                                  build/debug/startup_stm32f407xx.o
EXTI2_IRQHandler                                  build/debug/startup_stm32f407xx.o
EXTI3_IRQHandler                                  build/debug/startup_stm32f407xx.o
EXTI4_IRQHandler                                  build/debug/startup_stm32f407xx.o
EXTI9_5_IRQHandler                                build/debug/startup_stm32f407xx.o
Error_Handler                                     build/debug/main.o
                                                  build/debug/usbh_conf.o
                                                  build/debug/usb_host.o
                                                  build/debug/stm32f4xx_hal_msp.o
FLASH_Erase_Sector                                build/debug/stm32f4xx_hal_flash_ex.o
                                                  build/debug/stm32f4xx_hal_flash.o
FLASH_FlushCaches                                 build/debug/stm32f4xx_hal_flash_ex.o
                                                  build/debug/stm32f4xx_hal_flash.o
FLASH_IRQHandler                                  build/debug/startup_stm32f407xx.o
FLASH_WaitForLastOperation                        build/debug/stm32f4xx_hal_flash.o
                                                  build/debug/stm32f4xx_hal_flash_ex.o
FPU_IRQHandler                                    build/debug/startup_stm32f407xx.o
FSMC_IRQHandler                                   build/debug/startup_stm32f407xx.o
HAL_CORTEX_ClearEvent                             build/debug/stm32f4xx_hal_cortex.o
HAL_DBGMCU_DisableDBGSleepMode                    build/debug/stm32f4xx_hal.o
HAL_DBGMCU_DisableDBGStandbyMode                  build/debug/stm32f4xx_hal.o
HAL_DBGMCU_DisableDBGStopMode                     build/debug/stm32f4xx_hal.o
HAL_DBGMCU_EnableDBGSleepMode                     build/debug/stm32f4xx_hal.o
HAL_DBGMCU_EnableDBGStandbyMode                   build/debug/stm32f4xx_hal.o
HAL_DBGMCU_EnableDBGStopMode                      build/debug/stm32f4xx_hal.o
HAL_DMAEx_ChangeMemory                            build/debug/stm32f4xx_hal_dma_ex.o
HAL_DMAEx_MultiBufferStart                        build/debug/stm32f4xx_hal_dma_ex.o
HAL_DMAEx_MultiBufferStart_IT                     build/debug/stm32f4xx_hal_dma_ex.o
HAL_DMA_Abort                                     build/debug/stm32f4xx_hal_dma.o
                                                  build/debug/stm32f4xx_hal_spi.o
                                                  build/debug/stm32f4xx_hal_i2s.o
HAL_DMA_Abort_IT                                  build/debug/stm32f4xx_hal_dma.o
                                                  build/debug/stm32f4xx_hal_spi.o
                                                  build/debug/stm32f4xx_hal_i2c.o
HAL_DMA_DeInit                                    build/debug/stm32f4xx_hal_dma.o
HAL_DMA_GetError                                  build/debug/stm32f4xx_hal_dma.o
                                                  build/debug/stm32f4xx_hal_i2c.o
HAL_DMA_GetState                                  build/debug/stm32f4xx_hal_dma.o
                                                  build/debug/stm32f4xx_hal_i2c.o
HAL_DMA_IRQHandler                                build/debug/stm32f4xx_hal_dma.o
HAL_DMA_Init                                      build/debug/stm32f4xx_hal_dma.o
HAL_DMA_PollForTransfer                           build/debug/stm32f4xx_hal_dma.o
HAL_DMA_RegisterCallback                          build/debug/stm32f4xx_hal_dma.o
HAL_DMA_Start                                     build/debug/stm32f4xx_hal_dma.o
HAL_DMA_Start_IT                                  build/debug/stm32f4xx_hal_dma.o
                                                  build/debug/stm32f4xx_hal_spi.o
                                                  build/debug/stm32f4xx_hal_i2s_ex.o
                                                  build/debug/stm32f4xx_hal_i2s.o
                                                  build/debug/stm32f4xx_hal_i2c.o
HAL_DMA_UnRegisterCallback                        build/debug/stm32f4xx_hal_dma.o
HAL_DeInit                                        build/debug/stm32f4xx_hal.o
HAL_Delay                                         build/debug/stm32f4xx_hal.o
                                                  build/debug/usbh_conf.o
                                                  build/debug/stm32f4xx_ll_usb.o
HAL_DisableCompensationCell                       build/debug/stm32f4xx_hal.o
HAL_EXTI_ClearConfigLine                          build/debug/stm32f4xx_hal_exti.o
HAL_EXTI_ClearPending                             build/debug/stm32f4xx_hal_exti.o
HAL_EXTI_GenerateSWI                              build/debug/stm32f4xx_hal_exti.o
HAL_EXTI_GetConfigLine                            build/debug/stm32f4xx_hal_exti.o
HAL_EXTI_GetHandle                                build/debug/stm32f4xx_hal_exti.o
HAL_EXTI_GetPending                               build/debug/stm32f4xx_hal_exti.o
HAL_EXTI_IRQHandler                               build/debug/stm32f4xx_hal_exti.o
HAL_EXTI_RegisterCallback                         build/debug/stm32f4xx_hal_exti.o
HAL_EXTI_SetConfigLine                            build/debug/stm32f4xx_hal_exti.o
HAL_EnableCompensationCell                        build/debug/stm32f4xx_hal.o
HAL_FLASHEx_Erase                                 build/debug/stm32f4xx_hal_flash_ex.o
HAL_FLASHEx_Erase_IT                              build/debug/stm32f4xx_hal_flash_ex.o
HAL_FLASHEx_OBGetConfig                           build/debug/stm32f4xx_hal_flash_ex.o
HAL_FLASHEx_OBProgram                             build/debug/stm32f4xx_hal_flash_ex.o
HAL_FLASH_EndOfOperationCallback                  build/debug/stm32f4xx_hal_flash.o
HAL_FLASH_GetError                                build/debug/stm32f4xx_hal_flash.o
HAL_FLASH_IRQHandler                              build/debug/stm32f4xx_hal_flash.o
HAL_FLASH_Lock                                    build/debug/stm32f4xx_hal_flash.o
HAL_FLASH_OB_Launch                               build/debug/stm32f4xx_hal_flash.o
HAL_FLASH_OB_Lock                                 build/debug/stm32f4xx_hal_flash.o
HAL_FLASH_OB_Unlock                               build/debug/stm32f4xx_hal_flash.o
HAL_FLASH_OperationErrorCallback                  build/debug/stm32f4xx_hal_flash.o
HAL_FLASH_Program                                 build/debug/stm32f4xx_hal_flash.o
HAL_FLASH_Program_IT                              build/debug/stm32f4xx_hal_flash.o
HAL_FLASH_Unlock                                  build/debug/stm32f4xx_hal_flash.o
HAL_GPIO_DeInit                                   build/debug/stm32f4xx_hal_gpio.o
                                                  build/debug/usbh_conf.o
                                                  build/debug/stm32f4xx_hal_msp.o
HAL_GPIO_EXTI_Callback                            build/debug/stm32f4xx_hal_gpio.o
HAL_GPIO_EXTI_IRQHandler                          build/debug/stm32f4xx_hal_gpio.o
HAL_GPIO_Init                                     build/debug/stm32f4xx_hal_gpio.o
                                                  build/debug/usbh_conf.o
                                                  build/debug/stm32f4xx_hal_rcc.o
                                                  build/debug/stm32f4xx_hal_msp.o
                                                  build/debug/main.o
HAL_GPIO_LockPin                                  build/debug/stm32f4xx_hal_gpio.o
HAL_GPIO_ReadPin                                  build/debug/stm32f4xx_hal_gpio.o
HAL_GPIO_TogglePin                                build/debug/stm32f4xx_hal_gpio.o
HAL_GPIO_WritePin                                 build/debug/stm32f4xx_hal_gpio.o
                                                  build/debug/usbh_platform.o
                                                  build/debug/main.o
HAL_GetDEVID                                      build/debug/stm32f4xx_hal.o
HAL_GetHalVersion                                 build/debug/stm32f4xx_hal.o
HAL_GetREVID                                      build/debug/stm32f4xx_hal.o
HAL_GetTick                                       build/debug/stm32f4xx_hal.o
                                                  build/debug/stm32f4xx_hal_spi.o
                                                  build/debug/stm32f4xx_hal_rcc_ex.o
                                                  build/debug/stm32f4xx_hal_rcc.o
                                                  build/debug/stm32f4xx_hal_pwr_ex.o
                                                  build/debug/stm32f4xx_hal_i2s_ex.o
                                                  build/debug/stm32f4xx_hal_i2s.o
                                                  build/debug/stm32f4xx_hal_i2c.o
                                                  build/debug/stm32f4xx_hal_flash.o
                                                  build/debug/stm32f4xx_hal_dma.o
HAL_GetTickFreq                                   build/debug/stm32f4xx_hal.o
HAL_GetTickPrio                                   build/debug/stm32f4xx_hal.o
HAL_GetUIDw0                                      build/debug/stm32f4xx_hal.o
HAL_GetUIDw1                                      build/debug/stm32f4xx_hal.o
HAL_GetUIDw2                                      build/debug/stm32f4xx_hal.o
HAL_HCD_Connect_Callback                          build/debug/usbh_conf.o
                                                  build/debug/stm32f4xx_hal_hcd.o
HAL_HCD_DeInit                                    build/debug/stm32f4xx_hal_hcd.o
                                                  build/debug/usbh_conf.o
HAL_HCD_Disconnect_Callback                       build/debug/usbh_conf.o
                                                  build/debug/stm32f4xx_hal_hcd.o
HAL_HCD_GetCurrentFrame                           build/debug/stm32f4xx_hal_hcd.o
                                                  build/debug/usbh_conf.o
HAL_HCD_GetCurrentSpeed                           build/debug/stm32f4xx_hal_hcd.o
                                                  build/debug/usbh_conf.o
HAL_HCD_GetState                                  build/debug/stm32f4xx_hal_hcd.o
HAL_HCD_HC_ClearHubInfo                           build/debug/stm32f4xx_hal_hcd.o
HAL_HCD_HC_GetState                               build/debug/stm32f4xx_hal_hcd.o
HAL_HCD_HC_GetURBState                            build/debug/stm32f4xx_hal_hcd.o
                                                  build/debug/usbh_conf.o
HAL_HCD_HC_GetXferCount                           build/debug/stm32f4xx_hal_hcd.o
                                                  build/debug/usbh_conf.o
HAL_HCD_HC_Halt                                   build/debug/stm32f4xx_hal_hcd.o
                                                  build/debug/usbh_conf.o
HAL_HCD_HC_Init                                   build/debug/stm32f4xx_hal_hcd.o
                                                  build/debug/usbh_conf.o
HAL_HCD_HC_NotifyURBChange_Callback               build/debug/usbh_conf.o
                                                  build/debug/stm32f4xx_hal_hcd.o
HAL_HCD_HC_SetHubInfo                             build/debug/stm32f4xx_hal_hcd.o
HAL_HCD_HC_SubmitRequest                          build/debug/stm32f4xx_hal_hcd.o
                                                  build/debug/usbh_conf.o
HAL_HCD_IRQHandler                                build/debug/stm32f4xx_hal_hcd.o
                                                  build/debug/stm32f4xx_it.o
HAL_HCD_Init                                      build/debug/stm32f4xx_hal_hcd.o
                                                  build/debug/usbh_conf.o
HAL_HCD_MspDeInit                                 build/debug/usbh_conf.o
                                                  build/debug/stm32f4xx_hal_hcd.o
HAL_HCD_MspInit                                   build/debug/usbh_conf.o
                                                  build/debug/stm32f4xx_hal_hcd.o
HAL_HCD_PortDisabled_Callback                     build/debug/usbh_conf.o
                                                  build/debug/stm32f4xx_hal_hcd.o
HAL_HCD_PortEnabled_Callback                      build/debug/usbh_conf.o
                                                  build/debug/stm32f4xx_hal_hcd.o
HAL_HCD_ResetPort                                 build/debug/stm32f4xx_hal_hcd.o
                                                  build/debug/usbh_conf.o
HAL_HCD_SOF_Callback                              build/debug/usbh_conf.o
                                                  build/debug/stm32f4xx_hal_hcd.o
HAL_HCD_Start                                     build/debug/stm32f4xx_hal_hcd.o
                                                  build/debug/usbh_conf.o
HAL_HCD_Stop                                      build/debug/stm32f4xx_hal_hcd.o
                                                  build/debug/usbh_conf.o
HAL_HCD_WKUP_IRQHandler                           build/debug/stm32f4xx_hal_hcd.o
HAL_I2C_AbortCpltCallback                         build/debug/stm32f4xx_hal_i2c.o
HAL_I2C_AddrCallback                              build/debug/stm32f4xx_hal_i2c.o
HAL_I2C_DeInit                                    build/debug/stm32f4xx_hal_i2c.o
HAL_I2C_DisableListen_IT                          build/debug/stm32f4xx_hal_i2c.o
HAL_I2C_ER_IRQHandler                             build/debug/stm32f4xx_hal_i2c.o
HAL_I2C_EV_IRQHandler                             build/debug/stm32f4xx_hal_i2c.o
HAL_I2C_EnableListen_IT                           build/debug/stm32f4xx_hal_i2c.o
HAL_I2C_ErrorCallback                             build/debug/stm32f4xx_hal_i2c.o
HAL_I2C_GetError                                  build/debug/stm32f4xx_hal_i2c.o
HAL_I2C_GetMode                                   build/debug/stm32f4xx_hal_i2c.o
HAL_I2C_GetState                                  build/debug/stm32f4xx_hal_i2c.o
HAL_I2C_Init                                      build/debug/stm32f4xx_hal_i2c.o
                                                  build/debug/main.o
HAL_I2C_IsDeviceReady                             build/debug/stm32f4xx_hal_i2c.o
HAL_I2C_ListenCpltCallback                        build/debug/stm32f4xx_hal_i2c.o
HAL_I2C_MasterRxCpltCallback                      build/debug/stm32f4xx_hal_i2c.o
HAL_I2C_MasterTxCpltCallback                      build/debug/stm32f4xx_hal_i2c.o
HAL_I2C_Master_Abort_IT                           build/debug/stm32f4xx_hal_i2c.o
HAL_I2C_Master_Receive                            build/debug/stm32f4xx_hal_i2c.o
HAL_I2C_Master_Receive_DMA                        build/debug/stm32f4xx_hal_i2c.o
HAL_I2C_Master_Receive_IT                         build/debug/stm32f4xx_hal_i2c.o
HAL_I2C_Master_Seq_Receive_DMA                    build/debug/stm32f4xx_hal_i2c.o
HAL_I2C_Master_Seq_Receive_IT                     build/debug/stm32f4xx_hal_i2c.o
HAL_I2C_Master_Seq_Transmit_DMA                   build/debug/stm32f4xx_hal_i2c.o
HAL_I2C_Master_Seq_Transmit_IT                    build/debug/stm32f4xx_hal_i2c.o
HAL_I2C_Master_Transmit                           build/debug/stm32f4xx_hal_i2c.o
HAL_I2C_Master_Transmit_DMA                       build/debug/stm32f4xx_hal_i2c.o
HAL_I2C_Master_Transmit_IT                        build/debug/stm32f4xx_hal_i2c.o
HAL_I2C_MemRxCpltCallback                         build/debug/stm32f4xx_hal_i2c.o
HAL_I2C_MemTxCpltCallback                         build/debug/stm32f4xx_hal_i2c.o
HAL_I2C_Mem_Read                                  build/debug/stm32f4xx_hal_i2c.o
HAL_I2C_Mem_Read_DMA                              build/debug/stm32f4xx_hal_i2c.o
HAL_I2C_Mem_Read_IT                               build/debug/stm32f4xx_hal_i2c.o
HAL_I2C_Mem_Write                                 build/debug/stm32f4xx_hal_i2c.o
HAL_I2C_Mem_Write_DMA                             build/debug/stm32f4xx_hal_i2c.o
HAL_I2C_Mem_Write_IT                              build/debug/stm32f4xx_hal_i2c.o
HAL_I2C_MspDeInit                                 build/debug/stm32f4xx_hal_msp.o
                                                  build/debug/stm32f4xx_hal_i2c.o
HAL_I2C_MspInit                                   build/debug/stm32f4xx_hal_msp.o
                                                  build/debug/stm32f4xx_hal_i2c.o
HAL_I2C_SlaveRxCpltCallback                       build/debug/stm32f4xx_hal_i2c.o
HAL_I2C_SlaveTxCpltCallback                       build/debug/stm32f4xx_hal_i2c.o
HAL_I2C_Slave_Receive                             build/debug/stm32f4xx_hal_i2c.o
HAL_I2C_Slave_Receive_DMA                         build/debug/stm32f4xx_hal_i2c.o
HAL_I2C_Slave_Receive_IT                          build/debug/stm32f4xx_hal_i2c.o
HAL_I2C_Slave_Seq_Receive_DMA                     build/debug/stm32f4xx_hal_i2c.o
HAL_I2C_Slave_Seq_Receive_IT                      build/debug/stm32f4xx_hal_i2c.o
HAL_I2C_Slave_Seq_Transmit_DMA                    build/debug/stm32f4xx_hal_i2c.o
HAL_I2C_Slave_Seq_Transmit_IT                     build/debug/stm32f4xx_hal_i2c.o
HAL_I2C_Slave_Transmit                            build/debug/stm32f4xx_hal_i2c.o
HAL_I2C_Slave_Transmit_DMA                        build/debug/stm32f4xx_hal_i2c.o
HAL_I2C_Slave_Transmit_IT                         build/debug/stm32f4xx_hal_i2c.o
HAL_I2SEx_FullDuplex_IRQHandler                   build/debug/stm32f4xx_hal_i2s_ex.o
                                                  build/debug/stm32f4xx_hal_i2s.o
HAL_I2SEx_TransmitReceive                         build/debug/stm32f4xx_hal_i2s_ex.o
HAL_I2SEx_TransmitReceive_DMA                     build/debug/stm32f4xx_hal_i2s_ex.o
HAL_I2SEx_TransmitReceive_IT                      build/debug/stm32f4xx_hal_i2s_ex.o
HAL_I2SEx_TxRxCpltCallback                        build/debug/stm32f4xx_hal_i2s_ex.o
HAL_I2SEx_TxRxHalfCpltCallback                    build/debug/stm32f4xx_hal_i2s_ex.o
HAL_I2S_DMAPause                                  build/debug/stm32f4xx_hal_i2s.o
HAL_I2S_DMAResume                                 build/debug/stm32f4xx_hal_i2s.o