ARM GAS  C:\Users\datpt\AppData\Local\Temp\ccgoMFvc.s 			page 1


   1              		.cpu cortex-m3
   2              		.arch armv7-m
   3              		.fpu softvfp
   4              		.eabi_attribute 20, 1
   5              		.eabi_attribute 21, 1
   6              		.eabi_attribute 23, 3
   7              		.eabi_attribute 24, 1
   8              		.eabi_attribute 25, 1
   9              		.eabi_attribute 26, 1
  10              		.eabi_attribute 30, 1
  11              		.eabi_attribute 34, 1
  12              		.eabi_attribute 18, 4
  13              		.file	"usart.c"
  14              		.text
  15              	.Ltext0:
  16              		.cfi_sections	.debug_frame
  17              		.file 1 "Core/Src/usart.c"
  18              		.section	.text.MX_USART2_UART_Init,"ax",%progbits
  19              		.align	1
  20              		.global	MX_USART2_UART_Init
  21              		.syntax unified
  22              		.thumb
  23              		.thumb_func
  25              	MX_USART2_UART_Init:
  26              	.LFB65:
   1:Core/Src/usart.c **** /* USER CODE BEGIN Header */
   2:Core/Src/usart.c **** /**
   3:Core/Src/usart.c ****   ******************************************************************************
   4:Core/Src/usart.c ****   * @file    usart.c
   5:Core/Src/usart.c ****   * @brief   This file provides code for the configuration
   6:Core/Src/usart.c ****   *          of the USART instances.
   7:Core/Src/usart.c ****   ******************************************************************************
   8:Core/Src/usart.c ****   * @attention
   9:Core/Src/usart.c ****   *
  10:Core/Src/usart.c ****   * Copyright (c) 2025 STMicroelectronics.
  11:Core/Src/usart.c ****   * All rights reserved.
  12:Core/Src/usart.c ****   *
  13:Core/Src/usart.c ****   * This software is licensed under terms that can be found in the LICENSE file
  14:Core/Src/usart.c ****   * in the root directory of this software component.
  15:Core/Src/usart.c ****   * If no LICENSE file comes with this software, it is provided AS-IS.
  16:Core/Src/usart.c ****   *
  17:Core/Src/usart.c ****   ******************************************************************************
  18:Core/Src/usart.c ****   */
  19:Core/Src/usart.c **** /* USER CODE END Header */
  20:Core/Src/usart.c **** /* Includes ------------------------------------------------------------------*/
  21:Core/Src/usart.c **** #include "usart.h"
  22:Core/Src/usart.c **** 
  23:Core/Src/usart.c **** /* USER CODE BEGIN 0 */
  24:Core/Src/usart.c **** 
  25:Core/Src/usart.c **** /* USER CODE END 0 */
  26:Core/Src/usart.c **** 
  27:Core/Src/usart.c **** UART_HandleTypeDef huart2;
  28:Core/Src/usart.c **** 
  29:Core/Src/usart.c **** /* USART2 init function */
  30:Core/Src/usart.c **** 
  31:Core/Src/usart.c **** void MX_USART2_UART_Init(void)
  32:Core/Src/usart.c **** {
ARM GAS  C:\Users\datpt\AppData\Local\Temp\ccgoMFvc.s 			page 2


  27              		.loc 1 32 1 view -0
  28              		.cfi_startproc
  29              		@ args = 0, pretend = 0, frame = 0
  30              		@ frame_needed = 0, uses_anonymous_args = 0
  31 0000 08B5     		push	{r3, lr}
  32              		.cfi_def_cfa_offset 8
  33              		.cfi_offset 3, -8
  34              		.cfi_offset 14, -4
  33:Core/Src/usart.c **** 
  34:Core/Src/usart.c ****   /* USER CODE BEGIN USART2_Init 0 */
  35:Core/Src/usart.c **** 
  36:Core/Src/usart.c ****   /* USER CODE END USART2_Init 0 */
  37:Core/Src/usart.c **** 
  38:Core/Src/usart.c ****   /* USER CODE BEGIN USART2_Init 1 */
  39:Core/Src/usart.c **** 
  40:Core/Src/usart.c ****   /* USER CODE END USART2_Init 1 */
  41:Core/Src/usart.c ****   huart2.Instance = USART2;
  35              		.loc 1 41 3 view .LVU1
  36              		.loc 1 41 19 is_stmt 0 view .LVU2
  37 0002 0A48     		ldr	r0, .L5
  38 0004 0A4B     		ldr	r3, .L5+4
  39 0006 0360     		str	r3, [r0]
  42:Core/Src/usart.c ****   huart2.Init.BaudRate = 115200;
  40              		.loc 1 42 3 is_stmt 1 view .LVU3
  41              		.loc 1 42 24 is_stmt 0 view .LVU4
  42 0008 4FF4E133 		mov	r3, #115200
  43 000c 4360     		str	r3, [r0, #4]
  43:Core/Src/usart.c ****   huart2.Init.WordLength = UART_WORDLENGTH_8B;
  44              		.loc 1 43 3 is_stmt 1 view .LVU5
  45              		.loc 1 43 26 is_stmt 0 view .LVU6
  46 000e 0023     		movs	r3, #0
  47 0010 8360     		str	r3, [r0, #8]
  44:Core/Src/usart.c ****   huart2.Init.StopBits = UART_STOPBITS_1;
  48              		.loc 1 44 3 is_stmt 1 view .LVU7
  49              		.loc 1 44 24 is_stmt 0 view .LVU8
  50 0012 C360     		str	r3, [r0, #12]
  45:Core/Src/usart.c ****   huart2.Init.Parity = UART_PARITY_NONE;
  51              		.loc 1 45 3 is_stmt 1 view .LVU9
  52              		.loc 1 45 22 is_stmt 0 view .LVU10
  53 0014 0361     		str	r3, [r0, #16]
  46:Core/Src/usart.c ****   huart2.Init.Mode = UART_MODE_TX_RX;
  54              		.loc 1 46 3 is_stmt 1 view .LVU11
  55              		.loc 1 46 20 is_stmt 0 view .LVU12
  56 0016 0C22     		movs	r2, #12
  57 0018 4261     		str	r2, [r0, #20]
  47:Core/Src/usart.c ****   huart2.Init.HwFlowCtl = UART_HWCONTROL_NONE;
  58              		.loc 1 47 3 is_stmt 1 view .LVU13
  59              		.loc 1 47 25 is_stmt 0 view .LVU14
  60 001a 8361     		str	r3, [r0, #24]
  48:Core/Src/usart.c ****   huart2.Init.OverSampling = UART_OVERSAMPLING_16;
  61              		.loc 1 48 3 is_stmt 1 view .LVU15
  62              		.loc 1 48 28 is_stmt 0 view .LVU16
  63 001c C361     		str	r3, [r0, #28]
  49:Core/Src/usart.c ****   if (HAL_UART_Init(&huart2) != HAL_OK)
  64              		.loc 1 49 3 is_stmt 1 view .LVU17
  65              		.loc 1 49 7 is_stmt 0 view .LVU18
  66 001e FFF7FEFF 		bl	HAL_UART_Init
ARM GAS  C:\Users\datpt\AppData\Local\Temp\ccgoMFvc.s 			page 3


  67              	.LVL0:
  68              		.loc 1 49 6 discriminator 1 view .LVU19
  69 0022 00B9     		cbnz	r0, .L4
  70              	.L1:
  50:Core/Src/usart.c ****   {
  51:Core/Src/usart.c ****     Error_Handler();
  52:Core/Src/usart.c ****   }
  53:Core/Src/usart.c ****   /* USER CODE BEGIN USART2_Init 2 */
  54:Core/Src/usart.c **** 
  55:Core/Src/usart.c ****   /* USER CODE END USART2_Init 2 */
  56:Core/Src/usart.c **** 
  57:Core/Src/usart.c **** }
  71              		.loc 1 57 1 view .LVU20
  72 0024 08BD     		pop	{r3, pc}
  73              	.L4:
  51:Core/Src/usart.c ****   }
  74              		.loc 1 51 5 is_stmt 1 view .LVU21
  75 0026 FFF7FEFF 		bl	Error_Handler
  76              	.LVL1:
  77              		.loc 1 57 1 is_stmt 0 view .LVU22
  78 002a FBE7     		b	.L1
  79              	.L6:
  80              		.align	2
  81              	.L5:
  82 002c 00000000 		.word	huart2
  83 0030 00440040 		.word	1073759232
  84              		.cfi_endproc
  85              	.LFE65:
  87              		.section	.text.HAL_UART_MspInit,"ax",%progbits
  88              		.align	1
  89              		.global	HAL_UART_MspInit
  90              		.syntax unified
  91              		.thumb
  92              		.thumb_func
  94              	HAL_UART_MspInit:
  95              	.LVL2:
  96              	.LFB66:
  58:Core/Src/usart.c **** 
  59:Core/Src/usart.c **** void HAL_UART_MspInit(UART_HandleTypeDef* uartHandle)
  60:Core/Src/usart.c **** {
  97              		.loc 1 60 1 is_stmt 1 view -0
  98              		.cfi_startproc
  99              		@ args = 0, pretend = 0, frame = 24
 100              		@ frame_needed = 0, uses_anonymous_args = 0
 101              		.loc 1 60 1 is_stmt 0 view .LVU24
 102 0000 70B5     		push	{r4, r5, r6, lr}
 103              		.cfi_def_cfa_offset 16
 104              		.cfi_offset 4, -16
 105              		.cfi_offset 5, -12
 106              		.cfi_offset 6, -8
 107              		.cfi_offset 14, -4
 108 0002 86B0     		sub	sp, sp, #24
 109              		.cfi_def_cfa_offset 40
  61:Core/Src/usart.c **** 
  62:Core/Src/usart.c ****   GPIO_InitTypeDef GPIO_InitStruct = {0};
 110              		.loc 1 62 3 is_stmt 1 view .LVU25
 111              		.loc 1 62 20 is_stmt 0 view .LVU26
ARM GAS  C:\Users\datpt\AppData\Local\Temp\ccgoMFvc.s 			page 4


 112 0004 0023     		movs	r3, #0
 113 0006 0293     		str	r3, [sp, #8]
 114 0008 0393     		str	r3, [sp, #12]
 115 000a 0493     		str	r3, [sp, #16]
 116 000c 0593     		str	r3, [sp, #20]
  63:Core/Src/usart.c ****   if(uartHandle->Instance==USART2)
 117              		.loc 1 63 3 is_stmt 1 view .LVU27
 118              		.loc 1 63 16 is_stmt 0 view .LVU28
 119 000e 0268     		ldr	r2, [r0]
 120              		.loc 1 63 5 view .LVU29
 121 0010 1B4B     		ldr	r3, .L11
 122 0012 9A42     		cmp	r2, r3
 123 0014 01D0     		beq	.L10
 124              	.LVL3:
 125              	.L7:
  64:Core/Src/usart.c ****   {
  65:Core/Src/usart.c ****   /* USER CODE BEGIN USART2_MspInit 0 */
  66:Core/Src/usart.c **** 
  67:Core/Src/usart.c ****   /* USER CODE END USART2_MspInit 0 */
  68:Core/Src/usart.c ****     /* USART2 clock enable */
  69:Core/Src/usart.c ****     __HAL_RCC_USART2_CLK_ENABLE();
  70:Core/Src/usart.c **** 
  71:Core/Src/usart.c ****     __HAL_RCC_GPIOA_CLK_ENABLE();
  72:Core/Src/usart.c ****     /**USART2 GPIO Configuration
  73:Core/Src/usart.c ****     PA2     ------> USART2_TX
  74:Core/Src/usart.c ****     PA3     ------> USART2_RX
  75:Core/Src/usart.c ****     */
  76:Core/Src/usart.c ****     GPIO_InitStruct.Pin = GPIO_PIN_2;
  77:Core/Src/usart.c ****     GPIO_InitStruct.Mode = GPIO_MODE_AF_PP;
  78:Core/Src/usart.c ****     GPIO_InitStruct.Speed = GPIO_SPEED_FREQ_HIGH;
  79:Core/Src/usart.c ****     HAL_GPIO_Init(GPIOA, &GPIO_InitStruct);
  80:Core/Src/usart.c **** 
  81:Core/Src/usart.c ****     GPIO_InitStruct.Pin = GPIO_PIN_3;
  82:Core/Src/usart.c ****     GPIO_InitStruct.Mode = GPIO_MODE_INPUT;
  83:Core/Src/usart.c ****     GPIO_InitStruct.Pull = GPIO_NOPULL;
  84:Core/Src/usart.c ****     HAL_GPIO_Init(GPIOA, &GPIO_InitStruct);
  85:Core/Src/usart.c **** 
  86:Core/Src/usart.c ****     /* USART2 interrupt Init */
  87:Core/Src/usart.c ****     HAL_NVIC_SetPriority(USART2_IRQn, 2, 0);
  88:Core/Src/usart.c ****     HAL_NVIC_EnableIRQ(USART2_IRQn);
  89:Core/Src/usart.c ****   /* USER CODE BEGIN USART2_MspInit 1 */
  90:Core/Src/usart.c **** 
  91:Core/Src/usart.c ****   /* USER CODE END USART2_MspInit 1 */
  92:Core/Src/usart.c ****   }
  93:Core/Src/usart.c **** }
 126              		.loc 1 93 1 view .LVU30
 127 0016 06B0     		add	sp, sp, #24
 128              		.cfi_remember_state
 129              		.cfi_def_cfa_offset 16
 130              		@ sp needed
 131 0018 70BD     		pop	{r4, r5, r6, pc}
 132              	.LVL4:
 133              	.L10:
 134              		.cfi_restore_state
  69:Core/Src/usart.c **** 
 135              		.loc 1 69 5 is_stmt 1 view .LVU31
 136              	.LBB2:
ARM GAS  C:\Users\datpt\AppData\Local\Temp\ccgoMFvc.s 			page 5


  69:Core/Src/usart.c **** 
 137              		.loc 1 69 5 view .LVU32
  69:Core/Src/usart.c **** 
 138              		.loc 1 69 5 view .LVU33
 139 001a 03F5E633 		add	r3, r3, #117760
 140 001e DA69     		ldr	r2, [r3, #28]
 141 0020 42F40032 		orr	r2, r2, #131072
 142 0024 DA61     		str	r2, [r3, #28]
  69:Core/Src/usart.c **** 
 143              		.loc 1 69 5 view .LVU34
 144 0026 DA69     		ldr	r2, [r3, #28]
 145 0028 02F40032 		and	r2, r2, #131072
 146 002c 0092     		str	r2, [sp]
  69:Core/Src/usart.c **** 
 147              		.loc 1 69 5 view .LVU35
 148 002e 009A     		ldr	r2, [sp]
 149              	.LBE2:
  69:Core/Src/usart.c **** 
 150              		.loc 1 69 5 view .LVU36
  71:Core/Src/usart.c ****     /**USART2 GPIO Configuration
 151              		.loc 1 71 5 view .LVU37
 152              	.LBB3:
  71:Core/Src/usart.c ****     /**USART2 GPIO Configuration
 153              		.loc 1 71 5 view .LVU38
  71:Core/Src/usart.c ****     /**USART2 GPIO Configuration
 154              		.loc 1 71 5 view .LVU39
 155 0030 9A69     		ldr	r2, [r3, #24]
 156 0032 42F00402 		orr	r2, r2, #4
 157 0036 9A61     		str	r2, [r3, #24]
  71:Core/Src/usart.c ****     /**USART2 GPIO Configuration
 158              		.loc 1 71 5 view .LVU40
 159 0038 9B69     		ldr	r3, [r3, #24]
 160 003a 03F00403 		and	r3, r3, #4
 161 003e 0193     		str	r3, [sp, #4]
  71:Core/Src/usart.c ****     /**USART2 GPIO Configuration
 162              		.loc 1 71 5 view .LVU41
 163 0040 019B     		ldr	r3, [sp, #4]
 164              	.LBE3:
  71:Core/Src/usart.c ****     /**USART2 GPIO Configuration
 165              		.loc 1 71 5 view .LVU42
  76:Core/Src/usart.c ****     GPIO_InitStruct.Mode = GPIO_MODE_AF_PP;
 166              		.loc 1 76 5 view .LVU43
  76:Core/Src/usart.c ****     GPIO_InitStruct.Mode = GPIO_MODE_AF_PP;
 167              		.loc 1 76 25 is_stmt 0 view .LVU44
 168 0042 0423     		movs	r3, #4
 169 0044 0293     		str	r3, [sp, #8]
  77:Core/Src/usart.c ****     GPIO_InitStruct.Speed = GPIO_SPEED_FREQ_HIGH;
 170              		.loc 1 77 5 is_stmt 1 view .LVU45
  77:Core/Src/usart.c ****     GPIO_InitStruct.Speed = GPIO_SPEED_FREQ_HIGH;
 171              		.loc 1 77 26 is_stmt 0 view .LVU46
 172 0046 0225     		movs	r5, #2
 173 0048 0395     		str	r5, [sp, #12]
  78:Core/Src/usart.c ****     HAL_GPIO_Init(GPIOA, &GPIO_InitStruct);
 174              		.loc 1 78 5 is_stmt 1 view .LVU47
  78:Core/Src/usart.c ****     HAL_GPIO_Init(GPIOA, &GPIO_InitStruct);
 175              		.loc 1 78 27 is_stmt 0 view .LVU48
 176 004a 0323     		movs	r3, #3
ARM GAS  C:\Users\datpt\AppData\Local\Temp\ccgoMFvc.s 			page 6


 177 004c 0593     		str	r3, [sp, #20]
  79:Core/Src/usart.c **** 
 178              		.loc 1 79 5 is_stmt 1 view .LVU49
 179 004e 0D4E     		ldr	r6, .L11+4
 180 0050 02A9     		add	r1, sp, #8
 181 0052 3046     		mov	r0, r6
 182              	.LVL5:
  79:Core/Src/usart.c **** 
 183              		.loc 1 79 5 is_stmt 0 view .LVU50
 184 0054 FFF7FEFF 		bl	HAL_GPIO_Init
 185              	.LVL6:
  81:Core/Src/usart.c ****     GPIO_InitStruct.Mode = GPIO_MODE_INPUT;
 186              		.loc 1 81 5 is_stmt 1 view .LVU51
  81:Core/Src/usart.c ****     GPIO_InitStruct.Mode = GPIO_MODE_INPUT;
 187              		.loc 1 81 25 is_stmt 0 view .LVU52
 188 0058 0823     		movs	r3, #8
 189 005a 0293     		str	r3, [sp, #8]
  82:Core/Src/usart.c ****     GPIO_InitStruct.Pull = GPIO_NOPULL;
 190              		.loc 1 82 5 is_stmt 1 view .LVU53
  82:Core/Src/usart.c ****     GPIO_InitStruct.Pull = GPIO_NOPULL;
 191              		.loc 1 82 26 is_stmt 0 view .LVU54
 192 005c 0024     		movs	r4, #0
 193 005e 0394     		str	r4, [sp, #12]
  83:Core/Src/usart.c ****     HAL_GPIO_Init(GPIOA, &GPIO_InitStruct);
 194              		.loc 1 83 5 is_stmt 1 view .LVU55
  83:Core/Src/usart.c ****     HAL_GPIO_Init(GPIOA, &GPIO_InitStruct);
 195              		.loc 1 83 26 is_stmt 0 view .LVU56
 196 0060 0494     		str	r4, [sp, #16]
  84:Core/Src/usart.c **** 
 197              		.loc 1 84 5 is_stmt 1 view .LVU57
 198 0062 0DEB0301 		add	r1, sp, r3
 199 0066 3046     		mov	r0, r6
 200 0068 FFF7FEFF 		bl	HAL_GPIO_Init
 201              	.LVL7:
  87:Core/Src/usart.c ****     HAL_NVIC_EnableIRQ(USART2_IRQn);
 202              		.loc 1 87 5 view .LVU58
 203 006c 2246     		mov	r2, r4
 204 006e 2946     		mov	r1, r5
 205 0070 2620     		movs	r0, #38
 206 0072 FFF7FEFF 		bl	HAL_NVIC_SetPriority
 207              	.LVL8:
  88:Core/Src/usart.c ****   /* USER CODE BEGIN USART2_MspInit 1 */
 208              		.loc 1 88 5 view .LVU59
 209 0076 2620     		movs	r0, #38
 210 0078 FFF7FEFF 		bl	HAL_NVIC_EnableIRQ
 211              	.LVL9:
 212              		.loc 1 93 1 is_stmt 0 view .LVU60
 213 007c CBE7     		b	.L7
 214              	.L12:
 215 007e 00BF     		.align	2
 216              	.L11:
 217 0080 00440040 		.word	1073759232
 218 0084 00080140 		.word	1073809408
 219              		.cfi_endproc
 220              	.LFE66:
 222              		.section	.text.HAL_UART_MspDeInit,"ax",%progbits
 223              		.align	1
ARM GAS  C:\Users\datpt\AppData\Local\Temp\ccgoMFvc.s 			page 7


 224              		.global	HAL_UART_MspDeInit
 225              		.syntax unified
 226              		.thumb
 227              		.thumb_func
 229              	HAL_UART_MspDeInit:
 230              	.LVL10:
 231              	.LFB67:
  94:Core/Src/usart.c **** 
  95:Core/Src/usart.c **** void HAL_UART_MspDeInit(UART_HandleTypeDef* uartHandle)
  96:Core/Src/usart.c **** {
 232              		.loc 1 96 1 is_stmt 1 view -0
 233              		.cfi_startproc
 234              		@ args = 0, pretend = 0, frame = 0
 235              		@ frame_needed = 0, uses_anonymous_args = 0
 236              		.loc 1 96 1 is_stmt 0 view .LVU62
 237 0000 08B5     		push	{r3, lr}
 238              		.cfi_def_cfa_offset 8
 239              		.cfi_offset 3, -8
 240              		.cfi_offset 14, -4
  97:Core/Src/usart.c **** 
  98:Core/Src/usart.c ****   if(uartHandle->Instance==USART2)
 241              		.loc 1 98 3 is_stmt 1 view .LVU63
 242              		.loc 1 98 16 is_stmt 0 view .LVU64
 243 0002 0268     		ldr	r2, [r0]
 244              		.loc 1 98 5 view .LVU65
 245 0004 084B     		ldr	r3, .L17
 246 0006 9A42     		cmp	r2, r3
 247 0008 00D0     		beq	.L16
 248              	.LVL11:
 249              	.L13:
  99:Core/Src/usart.c ****   {
 100:Core/Src/usart.c ****   /* USER CODE BEGIN USART2_MspDeInit 0 */
 101:Core/Src/usart.c **** 
 102:Core/Src/usart.c ****   /* USER CODE END USART2_MspDeInit 0 */
 103:Core/Src/usart.c ****     /* Peripheral clock disable */
 104:Core/Src/usart.c ****     __HAL_RCC_USART2_CLK_DISABLE();
 105:Core/Src/usart.c **** 
 106:Core/Src/usart.c ****     /**USART2 GPIO Configuration
 107:Core/Src/usart.c ****     PA2     ------> USART2_TX
 108:Core/Src/usart.c ****     PA3     ------> USART2_RX
 109:Core/Src/usart.c ****     */
 110:Core/Src/usart.c ****     HAL_GPIO_DeInit(GPIOA, GPIO_PIN_2|GPIO_PIN_3);
 111:Core/Src/usart.c **** 
 112:Core/Src/usart.c ****     /* USART2 interrupt Deinit */
 113:Core/Src/usart.c ****     HAL_NVIC_DisableIRQ(USART2_IRQn);
 114:Core/Src/usart.c ****   /* USER CODE BEGIN USART2_MspDeInit 1 */
 115:Core/Src/usart.c **** 
 116:Core/Src/usart.c ****   /* USER CODE END USART2_MspDeInit 1 */
 117:Core/Src/usart.c ****   }
 118:Core/Src/usart.c **** }
 250              		.loc 1 118 1 view .LVU66
 251 000a 08BD     		pop	{r3, pc}
 252              	.LVL12:
 253              	.L16:
 104:Core/Src/usart.c **** 
 254              		.loc 1 104 5 is_stmt 1 view .LVU67
 255 000c 074A     		ldr	r2, .L17+4
ARM GAS  C:\Users\datpt\AppData\Local\Temp\ccgoMFvc.s 			page 8


 256 000e D369     		ldr	r3, [r2, #28]
 257 0010 23F40033 		bic	r3, r3, #131072
 258 0014 D361     		str	r3, [r2, #28]
 110:Core/Src/usart.c **** 
 259              		.loc 1 110 5 view .LVU68
 260 0016 0C21     		movs	r1, #12
 261 0018 0548     		ldr	r0, .L17+8
 262              	.LVL13:
 110:Core/Src/usart.c **** 
 263              		.loc 1 110 5 is_stmt 0 view .LVU69
 264 001a FFF7FEFF 		bl	HAL_GPIO_DeInit
 265              	.LVL14:
 113:Core/Src/usart.c ****   /* USER CODE BEGIN USART2_MspDeInit 1 */
 266              		.loc 1 113 5 is_stmt 1 view .LVU70
 267 001e 2620     		movs	r0, #38
 268 0020 FFF7FEFF 		bl	HAL_NVIC_DisableIRQ
 269              	.LVL15:
 270              		.loc 1 118 1 is_stmt 0 view .LVU71
 271 0024 F1E7     		b	.L13
 272              	.L18:
 273 0026 00BF     		.align	2
 274              	.L17:
 275 0028 00440040 		.word	1073759232
 276 002c 00100240 		.word	1073876992
 277 0030 00080140 		.word	1073809408
 278              		.cfi_endproc
 279              	.LFE67:
 281              		.global	huart2
 282              		.section	.bss.huart2,"aw",%nobits
 283              		.align	2
 286              	huart2:
 287 0000 00000000 		.space	72
 287      00000000 
 287      00000000 
 287      00000000 
 287      00000000 
 288              		.text
 289              	.Letext0:
 290              		.file 2 "Drivers/CMSIS/Device/ST/STM32F1xx/Include/stm32f103xb.h"
 291              		.file 3 "C:\\ST\\STM32CubeCLT_1.18.0\\GNU-tools-for-STM32\\bin\\../lib/gcc/arm-none-eabi/13.3.1/..
 292              		.file 4 "C:\\ST\\STM32CubeCLT_1.18.0\\GNU-tools-for-STM32\\bin\\../lib/gcc/arm-none-eabi/13.3.1/..
 293              		.file 5 "Drivers/STM32F1xx_HAL_Driver/Inc/stm32f1xx_hal_def.h"
 294              		.file 6 "Drivers/STM32F1xx_HAL_Driver/Inc/stm32f1xx_hal_gpio.h"
 295              		.file 7 "Drivers/STM32F1xx_HAL_Driver/Inc/stm32f1xx_hal_dma.h"
 296              		.file 8 "Drivers/STM32F1xx_HAL_Driver/Inc/stm32f1xx_hal_uart.h"
 297              		.file 9 "Drivers/STM32F1xx_HAL_Driver/Inc/stm32f1xx_hal_cortex.h"
 298              		.file 10 "Core/Inc/usart.h"
 299              		.file 11 "Core/Inc/main.h"
ARM GAS  C:\Users\datpt\AppData\Local\Temp\ccgoMFvc.s 			page 9


DEFINED SYMBOLS
                            *ABS*:00000000 usart.c
C:\Users\datpt\AppData\Local\Temp\ccgoMFvc.s:19     .text.MX_USART2_UART_Init:00000000 $t
C:\Users\datpt\AppData\Local\Temp\ccgoMFvc.s:25     .text.MX_USART2_UART_Init:00000000 MX_USART2_UART_Init
C:\Users\datpt\AppData\Local\Temp\ccgoMFvc.s:82     .text.MX_USART2_UART_Init:0000002c $d
C:\Users\datpt\AppData\Local\Temp\ccgoMFvc.s:286    .bss.huart2:00000000 huart2
C:\Users\datpt\AppData\Local\Temp\ccgoMFvc.s:88     .text.HAL_UART_MspInit:00000000 $t
C:\Users\datpt\AppData\Local\Temp\ccgoMFvc.s:94     .text.HAL_UART_MspInit:00000000 HAL_UART_MspInit
C:\Users\datpt\AppData\Local\Temp\ccgoMFvc.s:217    .text.HAL_UART_MspInit:00000080 $d
C:\Users\datpt\AppData\Local\Temp\ccgoMFvc.s:223    .text.HAL_UART_MspDeInit:00000000 $t
C:\Users\datpt\AppData\Local\Temp\ccgoMFvc.s:229    .text.HAL_UART_MspDeInit:00000000 HAL_UART_MspDeInit
C:\Users\datpt\AppData\Local\Temp\ccgoMFvc.s:275    .text.HAL_UART_MspDeInit:00000028 $d
C:\Users\datpt\AppData\Local\Temp\ccgoMFvc.s:283    .bss.huart2:00000000 $d

UNDEFINED SYMBOLS
HAL_UART_Init
Error_Handler
HAL_GPIO_Init
HAL_NVIC_SetPriority
HAL_NVIC_EnableIRQ
HAL_GPIO_DeInit
HAL_NVIC_DisableIRQ
