Archive member included to satisfy reference by file (symbol)

C:/ST/STM32CubeCLT_1.18.0/GNU-tools-for-STM32/bin/../lib/gcc/arm-none-eabi/13.3.1/../../../../arm-none-eabi/lib/thumb/v7-m/nofp\libc_nano.a(libc_a-exit.o)
                              C:/ST/STM32CubeCLT_1.18.0/GNU-tools-for-STM32/bin/../lib/gcc/arm-none-eabi/13.3.1/../../../../arm-none-eabi/lib/thumb/v7-m/nofp/crt0.o (exit)
C:/ST/STM32CubeCLT_1.18.0/GNU-tools-for-STM32/bin/../lib/gcc/arm-none-eabi/13.3.1/../../../../arm-none-eabi/lib/thumb/v7-m/nofp\libc_nano.a(libc_a-findfp.o)
                              C:/ST/STM32CubeCLT_1.18.0/GNU-tools-for-STM32/bin/../lib/gcc/arm-none-eabi/13.3.1/../../../../arm-none-eabi/lib/thumb/v7-m/nofp\libc_nano.a(libc_a-exit.o) (__stdio_exit_handler)
C:/ST/STM32CubeCLT_1.18.0/GNU-tools-for-STM32/bin/../lib/gcc/arm-none-eabi/13.3.1/../../../../arm-none-eabi/lib/thumb/v7-m/nofp\libc_nano.a(libc_a-fwalk.o)
                              C:/ST/STM32CubeCLT_1.18.0/GNU-tools-for-STM32/bin/../lib/gcc/arm-none-eabi/13.3.1/../../../../arm-none-eabi/lib/thumb/v7-m/nofp\libc_nano.a(libc_a-findfp.o) (_fwalk_sglue)
C:/ST/STM32CubeCLT_1.18.0/GNU-tools-for-STM32/bin/../lib/gcc/arm-none-eabi/13.3.1/../../../../arm-none-eabi/lib/thumb/v7-m/nofp\libc_nano.a(libc_a-stdio.o)
                              C:/ST/STM32CubeCLT_1.18.0/GNU-tools-for-STM32/bin/../lib/gcc/arm-none-eabi/13.3.1/../../../../arm-none-eabi/lib/thumb/v7-m/nofp\libc_nano.a(libc_a-findfp.o) (__sread)
C:/ST/STM32CubeCLT_1.18.0/GNU-tools-for-STM32/bin/../lib/gcc/arm-none-eabi/13.3.1/../../../../arm-none-eabi/lib/thumb/v7-m/nofp\libc_nano.a(libc_a-vsnprintf.o)
                              build/debug/main.o (vsnprintf)
C:/ST/STM32CubeCLT_1.18.0/GNU-tools-for-STM32/bin/../lib/gcc/arm-none-eabi/13.3.1/../../../../arm-none-eabi/lib/thumb/v7-m/nofp\libc_nano.a(libc_a-memset.o)
                              C:/ST/STM32CubeCLT_1.18.0/GNU-tools-for-STM32/bin/../lib/gcc/arm-none-eabi/13.3.1/../../../../arm-none-eabi/lib/thumb/v7-m/nofp/crt0.o (memset)
C:/ST/STM32CubeCLT_1.18.0/GNU-tools-for-STM32/bin/../lib/gcc/arm-none-eabi/13.3.1/../../../../arm-none-eabi/lib/thumb/v7-m/nofp\libc_nano.a(libc_a-closer.o)
                              C:/ST/STM32CubeCLT_1.18.0/GNU-tools-for-STM32/bin/../lib/gcc/arm-none-eabi/13.3.1/../../../../arm-none-eabi/lib/thumb/v7-m/nofp\libc_nano.a(libc_a-stdio.o) (_close_r)
C:/ST/STM32CubeCLT_1.18.0/GNU-tools-for-STM32/bin/../lib/gcc/arm-none-eabi/13.3.1/../../../../arm-none-eabi/lib/thumb/v7-m/nofp\libc_nano.a(libc_a-reent.o)
                              C:/ST/STM32CubeCLT_1.18.0/GNU-tools-for-STM32/bin/../lib/gcc/arm-none-eabi/13.3.1/../../../../arm-none-eabi/lib/thumb/v7-m/nofp\libc_nano.a(libc_a-closer.o) (errno)
C:/ST/STM32CubeCLT_1.18.0/GNU-tools-for-STM32/bin/../lib/gcc/arm-none-eabi/13.3.1/../../../../arm-none-eabi/lib/thumb/v7-m/nofp\libc_nano.a(libc_a-impure.o)
                              C:/ST/STM32CubeCLT_1.18.0/GNU-tools-for-STM32/bin/../lib/gcc/arm-none-eabi/13.3.1/../../../../arm-none-eabi/lib/thumb/v7-m/nofp\libc_nano.a(libc_a-vsnprintf.o) (_impure_ptr)
C:/ST/STM32CubeCLT_1.18.0/GNU-tools-for-STM32/bin/../lib/gcc/arm-none-eabi/13.3.1/../../../../arm-none-eabi/lib/thumb/v7-m/nofp\libc_nano.a(libc_a-lseekr.o)
                              C:/ST/STM32CubeCLT_1.18.0/GNU-tools-for-STM32/bin/../lib/gcc/arm-none-eabi/13.3.1/../../../../arm-none-eabi/lib/thumb/v7-m/nofp\libc_nano.a(libc_a-stdio.o) (_lseek_r)
C:/ST/STM32CubeCLT_1.18.0/GNU-tools-for-STM32/bin/../lib/gcc/arm-none-eabi/13.3.1/../../../../arm-none-eabi/lib/thumb/v7-m/nofp\libc_nano.a(libc_a-readr.o)
                              C:/ST/STM32CubeCLT_1.18.0/GNU-tools-for-STM32/bin/../lib/gcc/arm-none-eabi/13.3.1/../../../../arm-none-eabi/lib/thumb/v7-m/nofp\libc_nano.a(libc_a-stdio.o) (_read_r)
C:/ST/STM32CubeCLT_1.18.0/GNU-tools-for-STM32/bin/../lib/gcc/arm-none-eabi/13.3.1/../../../../arm-none-eabi/lib/thumb/v7-m/nofp\libc_nano.a(libc_a-writer.o)
                              C:/ST/STM32CubeCLT_1.18.0/GNU-tools-for-STM32/bin/../lib/gcc/arm-none-eabi/13.3.1/../../../../arm-none-eabi/lib/thumb/v7-m/nofp\libc_nano.a(libc_a-stdio.o) (_write_r)
C:/ST/STM32CubeCLT_1.18.0/GNU-tools-for-STM32/bin/../lib/gcc/arm-none-eabi/13.3.1/../../../../arm-none-eabi/lib/thumb/v7-m/nofp\libc_nano.a(libc_a-errno.o)
                              build/debug/syscalls.o (__errno)
C:/ST/STM32CubeCLT_1.18.0/GNU-tools-for-STM32/bin/../lib/gcc/arm-none-eabi/13.3.1/../../../../arm-none-eabi/lib/thumb/v7-m/nofp\libc_nano.a(libc_a-init.o)
                              C:/ST/STM32CubeCLT_1.18.0/GNU-tools-for-STM32/bin/../lib/gcc/arm-none-eabi/13.3.1/../../../../arm-none-eabi/lib/thumb/v7-m/nofp/crt0.o (__libc_init_array)
C:/ST/STM32CubeCLT_1.18.0/GNU-tools-for-STM32/bin/../lib/gcc/arm-none-eabi/13.3.1/../../../../arm-none-eabi/lib/thumb/v7-m/nofp\libc_nano.a(libc_a-lock.o)
[...]
Memory Configuration

Name             Origin             Length             Attributes
RAM              0x20000000         0x00005000         xrw
FLASH            0x08000000         0x00010000         xr
*default*        0x00000000         0xffffffff

Linker script and memory map

LOAD C:/ST/STM32CubeCLT_1.18.0/GNU-tools-for-STM32/bin/../lib/gcc/arm-none-eabi/13.3.1/thumb/v7-m/nofp/crti.o
LOAD C:/ST/STM32CubeCLT_1.18.0/GNU-tools-for-STM32/bin/../lib/gcc/arm-none-eabi/13.3.1/thumb/v7-m/nofp/crtbegin.o
LOAD C:/ST/STM32CubeCLT_1.18.0/GNU-tools-for-STM32/bin/../lib/gcc/arm-none-eabi/13.3.1/../../../../arm-none-eabi/lib/thumb/v7-m/nofp/crt0.o
LOAD build/debug/cmsis_os.o
LOAD build/debug/croutine.o
LOAD build/debug/event_groups.o
LOAD build/debug/freertos.o
LOAD build/debug/gpio.o
LOAD build/debug/heap_4.o
LOAD build/debug/list.o
LOAD build/debug/main.o
LOAD build/debug/port.o
LOAD build/debug/queue.o
LOAD build/debug/stm32f1xx_hal.o
LOAD build/debug/stm32f1xx_hal_cortex.o
LOAD build/debug/stm32f1xx_hal_dma.o
LOAD build/debug/stm32f1xx_hal_exti.o
LOAD build/debug/stm32f1xx_hal_flash.o
LOAD build/debug/stm32f1xx_hal_flash_ex.o
LOAD build/debug/stm32f1xx_hal_gpio.o
LOAD build/debug/stm32f1xx_hal_gpio_ex.o
LOAD build/debug/stm32f1xx_hal_msp.o
LOAD build/debug/stm32f1xx_hal_pwr.o
LOAD build/debug/stm32f1xx_hal_rcc.o
LOAD build/debug/stm32f1xx_hal_rcc_ex.o
LOAD build/debug/stm32f1xx_hal_tim.o
LOAD build/debug/stm32f1xx_hal_tim_ex.o
LOAD build/debug/stm32f1xx_hal_timebase_tim.o
LOAD build/debug/stm32f1xx_hal_uart.o
LOAD build/debug/stm32f1xx_it.o
LOAD build/debug/stream_buffer.o
LOAD build/debug/syscalls.o
LOAD build/debug/sysmem.o
LOAD build/debug/system_stm32f1xx.o
LOAD build/debug/tasks.o
LOAD build/debug/timers.o
LOAD build/debug/usart.o
LOAD build/debug/startup_stm32f103xb.o
LOAD C:/ST/STM32CubeCLT_1.18.0/GNU-tools-for-STM32/bin/../lib/gcc/arm-none-eabi/13.3.1/../../../../arm-none-eabi/lib/thumb/v7-m/nofp\libc_nano.a
LOAD C:/ST/STM32CubeCLT_1.18.0/GNU-tools-for-STM32/bin/../lib/gcc/arm-none-eabi/13.3.1/../../../../arm-none-eabi/lib/thumb/v7-m/nofp\libm.a
LOAD C:/ST/STM32CubeCLT_1.18.0/GNU-tools-for-STM32/bin/../lib/gcc/arm-none-eabi/13.3.1/../../../../arm-none-eabi/lib/thumb/v7-m/nofp\libnosys.a
START GROUP
LOAD C:/ST/STM32CubeCLT_1.18.0/GNU-tools-for-STM32/bin/../lib/gcc/arm-none-eabi/13.3.1/thumb/v7-m/nofp\libgcc.a
LOAD C:/ST/STM32CubeCLT_1.18.0/GNU-tools-for-STM32/bin/../lib/gcc/arm-none-eabi/13.3.1/../../../../arm-none-eabi/lib/thumb/v7-m/nofp\libc_nano.a
END GROUP
START GROUP
LOAD C:/ST/STM32CubeCLT_1.18.0/GNU-tools-for-STM32/bin/../lib/gcc/arm-none-eabi/13.3.1/thumb/v7-m/nofp\libgcc.a
LOAD C:/ST/STM32CubeCLT_1.18.0/GNU-tools-for-STM32/bin/../lib/gcc/arm-none-eabi/13.3.1/../../../../arm-none-eabi/lib/thumb/v7-m/nofp\libc_nano.a
END GROUP
LOAD C:/ST/STM32CubeCLT_1.18.0/GNU-tools-for-STM32/bin/../lib/gcc/arm-none-eabi/13.3.1/thumb/v7-m/nofp/crtend.o
LOAD C:/ST/STM32CubeCLT_1.18.0/GNU-tools-for-STM32/bin/../lib/gcc/arm-none-eabi/13.3.1/thumb/v7-m/nofp/crtn.o
                0x20005000                        _estack = (ORIGIN (RAM) + LENGTH (RAM))
                0x00000200                        _Min_Heap_Size = 0x200
                0x00000400                        _Min_Stack_Size = 0x400

.isr_vector     0x08000000      0x10c
                0x08000000                        . = ALIGN (0x4)
 *(.isr_vector)
 .isr_vector    0x08000000      0x10c build/debug/startup_stm32f103xb.o
                0x08000000                g_pfnVectors
                0x0800010c                        . = ALIGN (0x4)

.text           0x08000110     0x2a90
                0x08000110                        . = ALIGN (0x4)
 *(.text)
 .text          0x08000110       0x40 C:/ST/STM32CubeCLT_1.18.0/GNU-tools-for-STM32/bin/../lib/gcc/arm-none-eabi/13.3.1/thumb/v7-m/nofp/crtbegin.o
 .text          0x08000150       0x10 C:/ST/STM32CubeCLT_1.18.0/GNU-tools-for-STM32/bin/../lib/gcc/arm-none-eabi/13.3.1/../../../../arm-none-eabi/lib/thumb/v7-m/nofp\libc_nano.a(libc_a-strlen.o)
                0x08000150                strlen
 *(.text*)
 .text.makeFreeRtosPriority
                0x08000160        0xc build/debug/cmsis_os.o
 .text.osKernelStart
                0x0800016c        0xa build/debug/cmsis_os.o
                0x0800016c                osKernelStart
 .text.osThreadCreate
                0x08000176       0x66 build/debug/cmsis_os.o
                0x08000176                osThreadCreate
 .text.osDelay  0x080001dc        0xe build/debug/cmsis_os.o
                0x080001dc                osDelay
 *fill*         0x080001ea        0x2 
 .text.StartTask1
                0x080001ec       0x18 build/debug/freertos.o
                0x080001ec                StartTask1
 .text.StartTask2
                0x08000204       0x18 build/debug/freertos.o
                0x08000204                StartTask2
 .text.StartTask3
                0x0800021c       0x18 build/debug/freertos.o
                0x0800021c                StartTask3
 .text.vApplicationGetIdleTaskMemory
                0x08000234       0x18 build/debug/freertos.o
                0x08000234                vApplicationGetIdleTaskMemory
 .text.MX_FREERTOS_Init
                0x0800024c       0x80 build/debug/freertos.o
                0x0800024c                MX_FREERTOS_Init
 .text.MX_GPIO_Init
                0x080002cc       0x30 build/debug/gpio.o
                0x080002cc                MX_GPIO_Init
 .text.prvHeapInit
                0x080002fc       0x64 build/debug/heap_4.o
 .text.prvInsertBlockIntoFreeList
                0x08000360       0x60 build/debug/heap_4.o
 .text.pvPortMalloc
                0x080003c0      0x104 build/debug/heap_4.o
                0x080003c0                pvPortMalloc
 .text.vPortFree
                0x080004c4       0x7c build/debug/heap_4.o
                0x080004c4                vPortFree
 .text.vListInitialise
                0x08000540       0x16 build/debug/list.o
                0x08000540                vListInitialise
 .text.vListInitialiseItem
                0x08000556        0x6 build/debug/list.o
                0x08000556                vListInitialiseItem
 .text.vListInsertEnd
                0x0800055c       0x16 build/debug/list.o
                0x0800055c                vListInsertEnd
 .text.vListInsert
                0x08000572       0x32 build/debug/list.o
                0x08000572                vListInsert
 .text.uxListRemove
                0x080005a4       0x26 build/debug/list.o
                0x080005a4                uxListRemove
 *fill*         0x080005ca        0x2 
 .text.mPrint   0x080005cc       0x38 build/debug/main.o
                0x080005cc                mPrint
 .text.HAL_TIM_PeriodElapsedCallback
                0x08000604       0x18 build/debug/main.o
                0x08000604                HAL_TIM_PeriodElapsedCallback
 .text.Error_Handler
                0x0800061c        0x4 build/debug/main.o
                0x0800061c                Error_Handler
 .text.SystemClock_Config
                0x08000620       0x56 build/debug/main.o
                0x08000620                SystemClock_Config
 *fill*         0x08000676        0x2 
 .text.main     0x08000678       0x28 build/debug/main.o
                0x08000678                main
 .text.prvTaskExitError
                0x080006a0       0x40 build/debug/port.o
 .text.prvPortStartFirstTask
                0x080006e0       0x20 build/debug/port.o
 .text.pxPortInitialiseStack
                0x08000700       0x24 build/debug/port.o
                0x08000700                pxPortInitialiseStack
 *fill*         0x08000724        0xc 
 .text.SVC_Handler
                0x08000730       0x24 build/debug/port.o
                0x08000730                SVC_Handler
 .text.vPortEnterCritical
                0x08000754       0x44 build/debug/port.o
                0x08000754                vPortEnterCritical
 .text.vPortExitCritical
                0x08000798       0x2c build/debug/port.o
                0x08000798                vPortExitCritical
 *fill*         0x080007c4        0xc 
 .text.PendSV_Handler
                0x080007d0       0x44 build/debug/port.o
                0x080007d0                PendSV_Handler
 .text.SysTick_Handler
                0x08000814       0x2c build/debug/port.o
                0x08000814                SysTick_Handler
 .text.vPortSetupTimerInterrupt
                0x08000840       0x28 build/debug/port.o
                0x08000840                vPortSetupTimerInterrupt
 .text.xPortStartScheduler
                0x08000868       0xc0 build/debug/port.o
                0x08000868                xPortStartScheduler
 .text.HAL_Init
                0x08000928       0x24 build/debug/stm32f1xx_hal.o
                0x08000928                HAL_Init
 .text.HAL_IncTick
                0x0800094c       0x18 build/debug/stm32f1xx_hal.o
                0x0800094c                HAL_IncTick
 .text.HAL_GetTick
                0x08000964        0xc build/debug/stm32f1xx_hal.o
                0x08000964                HAL_GetTick
 .text.__NVIC_SetPriority
                0x08000970       0x28 build/debug/stm32f1xx_hal_cortex.o
 .text.NVIC_EncodePriority
                0x08000998       0x3e build/debug/stm32f1xx_hal_cortex.o
 *fill*         0x080009d6        0x2 
 .text.HAL_NVIC_SetPriorityGrouping
                0x080009d8       0x24 build/debug/stm32f1xx_hal_cortex.o
                0x080009d8                HAL_NVIC_SetPriorityGrouping
 .text.HAL_NVIC_SetPriority
                0x080009fc       0x20 build/debug/stm32f1xx_hal_cortex.o
                0x080009fc                HAL_NVIC_SetPriority
 .text.HAL_NVIC_EnableIRQ
                0x08000a1c       0x1c build/debug/stm32f1xx_hal_cortex.o
                0x08000a1c                HAL_NVIC_EnableIRQ
 .text.HAL_GPIO_Init
                0x08000a38      0x21c build/debug/stm32f1xx_hal_gpio.o
                0x08000a38                HAL_GPIO_Init
 .text.HAL_MspInit
                0x08000c54       0x54 build/debug/stm32f1xx_hal_msp.o
                0x08000c54                HAL_MspInit
 .text.RCC_Delay
                0x08000ca8       0x2c build/debug/stm32f1xx_hal_rcc.o
 .text.HAL_RCC_OscConfig
                0x08000cd4      0x410 build/debug/stm32f1xx_hal_rcc.o
                0x08000cd4                HAL_RCC_OscConfig
 .text.HAL_RCC_GetSysClockFreq
                0x080010e4       0x54 build/debug/stm32f1xx_hal_rcc.o
                0x080010e4                HAL_RCC_GetSysClockFreq
 .text.HAL_RCC_ClockConfig
                0x08001138      0x16c build/debug/stm32f1xx_hal_rcc.o
                0x08001138                HAL_RCC_ClockConfig
 .text.HAL_RCC_GetHCLKFreq
                0x080012a4        0xc build/debug/stm32f1xx_hal_rcc.o
                0x080012a4                HAL_RCC_GetHCLKFreq
 .text.HAL_RCC_GetPCLK1Freq
                0x080012b0       0x20 build/debug/stm32f1xx_hal_rcc.o
                0x080012b0                HAL_RCC_GetPCLK1Freq
 .text.HAL_RCC_GetPCLK2Freq
                0x080012d0       0x20 build/debug/stm32f1xx_hal_rcc.o
                0x080012d0                HAL_RCC_GetPCLK2Freq
 .text.HAL_RCC_GetClockConfig
                0x080012f0       0x3c build/debug/stm32f1xx_hal_rcc.o
                0x080012f0                HAL_RCC_GetClockConfig
 .text.HAL_TIM_Base_MspInit
                0x0800132c        0x2 build/debug/stm32f1xx_hal_tim.o
                0x0800132c                HAL_TIM_Base_MspInit
 *fill*         0x0800132e        0x2 
 .text.HAL_TIM_Base_Start_IT
                0x08001330       0x68 build/debug/stm32f1xx_hal_tim.o
                0x08001330                HAL_TIM_Base_Start_IT
 .text.HAL_TIM_OC_DelayElapsedCallback
                0x08001398        0x2 build/debug/stm32f1xx_hal_tim.o
                0x08001398                HAL_TIM_OC_DelayElapsedCallback
 .text.HAL_TIM_IC_CaptureCallback
                0x0800139a        0x2 build/debug/stm32f1xx_hal_tim.o
                0x0800139a                HAL_TIM_IC_CaptureCallback
 .text.HAL_TIM_PWM_PulseFinishedCallback
                0x0800139c        0x2 build/debug/stm32f1xx_hal_tim.o
                0x0800139c                HAL_TIM_PWM_PulseFinishedCallback
 .text.HAL_TIM_TriggerCallback
                0x0800139e        0x2 build/debug/stm32f1xx_hal_tim.o
                0x0800139e                HAL_TIM_TriggerCallback
 .text.HAL_TIM_IRQHandler
                0x080013a0      0x15e build/debug/stm32f1xx_hal_tim.o
                0x080013a0                HAL_TIM_IRQHandler
 *fill*         0x080014fe        0x2 
 .text.TIM_Base_SetConfig
                0x08001500       0x84 build/debug/stm32f1xx_hal_tim.o
                0x08001500                TIM_Base_SetConfig
 .text.HAL_TIM_Base_Init
                0x08001584       0x58 build/debug/stm32f1xx_hal_tim.o
                0x08001584                HAL_TIM_Base_Init
 .text.HAL_TIMEx_CommutCallback
                0x080015dc        0x2 build/debug/stm32f1xx_hal_tim_ex.o
                0x080015dc                HAL_TIMEx_CommutCallback
 .text.HAL_TIMEx_BreakCallback
                0x080015de        0x2 build/debug/stm32f1xx_hal_tim_ex.o
                0x080015de                HAL_TIMEx_BreakCallback
 .text.HAL_InitTick
                0x080015e0       0xa0 build/debug/stm32f1xx_hal_timebase_tim.o
                0x080015e0                HAL_InitTick
 .text.UART_EndRxTransfer
                0x08001680       0x5c build/debug/stm32f1xx_hal_uart.o
 .text.UART_SetConfig
                0x080016dc       0x94 build/debug/stm32f1xx_hal_uart.o
 .text.UART_WaitOnFlagUntilTimeout
                0x08001770       0x86 build/debug/stm32f1xx_hal_uart.o
 .text.HAL_UART_Init
                0x080017f6       0x60 build/debug/stm32f1xx_hal_uart.o
                0x080017f6                HAL_UART_Init
 .text.HAL_UART_Transmit
                0x08001856       0xcc build/debug/stm32f1xx_hal_uart.o
                0x08001856                HAL_UART_Transmit
 .text.NMI_Handler
                0x08001922        0x2 build/debug/stm32f1xx_it.o
                0x08001922                NMI_Handler
 .text.HardFault_Handler
                0x08001924        0x2 build/debug/stm32f1xx_it.o
                0x08001924                HardFault_Handler
 .text.MemManage_Handler
                0x08001926        0x2 build/debug/stm32f1xx_it.o
                0x08001926                MemManage_Handler
 .text.BusFault_Handler
                0x08001928        0x2 build/debug/stm32f1xx_it.o
                0x08001928                BusFault_Handler
 .text.UsageFault_Handler
                0x0800192a        0x2 build/debug/stm32f1xx_it.o
                0x0800192a                UsageFault_Handler
 .text.DebugMon_Handler
                0x0800192c        0x2 build/debug/stm32f1xx_it.o
                0x0800192c                DebugMon_Handler
 *fill*         0x0800192e        0x2 
 .text.TIM4_IRQHandler
                0x08001930       0x10 build/debug/stm32f1xx_it.o
                0x08001930                TIM4_IRQHandler
 .text._sbrk    0x08001940       0x48 build/debug/sysmem.o
                0x08001940                _sbrk
 .text.SystemInit
                0x08001988        0x2 build/debug/system_stm32f1xx.o
                0x08001988                SystemInit
 *fill*         0x0800198a        0x2 
 .text.prvResetNextTaskUnblockTime
                0x0800198c       0x2c build/debug/tasks.o
 .text.prvInitialiseNewTask
                0x080019b8       0x9c build/debug/tasks.o
 .text.prvInitialiseTaskLists
                0x08001a54       0x68 build/debug/tasks.o
 .text.prvAddNewTaskToReadyList
                0x08001abc       0xa8 build/debug/tasks.o
 .text.prvDeleteTCB
                0x08001b64       0x38 build/debug/tasks.o
 .text.prvCheckTasksWaitingTermination
                0x08001b9c       0x4c build/debug/tasks.o
 .text.prvIdleTask
                0x08001be8       0x28 build/debug/tasks.o
 .text.prvAddCurrentTaskToDelayedList
                0x08001c10       0x98 build/debug/tasks.o
 .text.xTaskCreateStatic
                0x08001ca8       0x76 build/debug/tasks.o
                0x08001ca8                xTaskCreateStatic
 .text.xTaskCreate
                0x08001d1e       0x64 build/debug/tasks.o
                0x08001d1e                xTaskCreate
 *fill*         0x08001d82        0x2 
 .text.vTaskStartScheduler
                0x08001d84       0x74 build/debug/tasks.o
                0x08001d84                vTaskStartScheduler
 .text.vTaskSuspendAll
                0x08001df8       0x10 build/debug/tasks.o
                0x08001df8                vTaskSuspendAll
 .text.xTaskIncrementTick
                0x08001e08      0x118 build/debug/tasks.o
                0x08001e08                xTaskIncrementTick
 .text.xTaskResumeAll
                0x08001f20       0xf8 build/debug/tasks.o
                0x08001f20                xTaskResumeAll
 .text.vTaskDelay
                0x08002018       0x4c build/debug/tasks.o
                0x08002018                vTaskDelay
 .text.vTaskSwitchContext
                0x08002064       0x98 build/debug/tasks.o
                0x08002064                vTaskSwitchContext
 .text.MX_USART1_UART_Init
                0x080020fc       0x34 build/debug/usart.o
                0x080020fc                MX_USART1_UART_Init
 .text.HAL_UART_MspInit
                0x08002130       0x78 build/debug/usart.o
                0x08002130                HAL_UART_MspInit
 .text.Reset_Handler
                0x080021a8       0x48 build/debug/startup_stm32f103xb.o
                0x080021a8                Reset_Handler
 .text.Default_Handler
                0x080021f0        0x2 build/debug/startup_stm32f103xb.o
                0x080021f0                RTC_Alarm_IRQHandler
                0x080021f0                EXTI2_IRQHandler
                0x080021f0                TIM1_CC_IRQHandler
                0x080021f0                PVD_IRQHandler
                0x080021f0                EXTI3_IRQHandler
                0x080021f0                EXTI0_IRQHandler
                0x080021f0                I2C2_EV_IRQHandler
                0x080021f0                ADC1_2_IRQHandler
                0x080021f0                SPI1_IRQHandler
                0x080021f0                TAMPER_IRQHandler
                0x080021f0                DMA1_Channel4_IRQHandler
                0x080021f0                USART3_IRQHandler
                0x080021f0                RTC_IRQHandler
                0x080021f0                DMA1_Channel7_IRQHandler
                0x080021f0                CAN1_RX1_IRQHandler
                0x080021f0                I2C1_EV_IRQHandler
                0x080021f0                DMA1_Channel6_IRQHandler
                0x080021f0                TIM3_IRQHandler
                0x080021f0                RCC_IRQHandler
                0x080021f0                TIM1_TRG_COM_IRQHandler
                0x080021f0                DMA1_Channel1_IRQHandler
                0x080021f0                Default_Handler
                0x080021f0                EXTI15_10_IRQHandler
                0x080021f0                EXTI9_5_IRQHandler
                0x080021f0                SPI2_IRQHandler
                0x080021f0                DMA1_Channel5_IRQHandler
                0x080021f0                EXTI4_IRQHandler
                0x080021f0                USB_LP_CAN1_RX0_IRQHandler
                0x080021f0                USB_HP_CAN1_TX_IRQHandler
                0x080021f0                DMA1_Channel3_IRQHandler
                0x080021f0                TIM1_UP_IRQHandler
                0x080021f0                WWDG_IRQHandler
                0x080021f0                TIM2_IRQHandler
                0x080021f0                TIM1_BRK_IRQHandler
                0x080021f0                EXTI1_IRQHandler
                0x080021f0                USART2_IRQHandler
                0x080021f0                I2C2_ER_IRQHandler
                0x080021f0                DMA1_Channel2_IRQHandler
                0x080021f0                CAN1_SCE_IRQHandler
                0x080021f0                FLASH_IRQHandler
                0x080021f0                USART1_IRQHandler
                0x080021f0                I2C1_ER_IRQHandler
                0x080021f0                USBWakeUp_IRQHandler
 .text._vsnprintf_r
                0x080021f2       0x5c C:/ST/STM32CubeCLT_1.18.0/GNU-tools-for-STM32/bin/../lib/gcc/arm-none-eabi/13.3.1/../../../../arm-none-eabi/lib/thumb/v7-m/nofp\libc_nano.a(libc_a-vsnprintf.o)
                0x080021f2                _vsniprintf_r
                0x080021f2                _vsnprintf_r
 *fill*         0x0800224e        0x2 
 .text.vsnprintf
                0x08002250       0x1c C:/ST/STM32CubeCLT_1.18.0/GNU-tools-for-STM32/bin/../lib/gcc/arm-none-eabi/13.3.1/../../../../arm-none-eabi/lib/thumb/v7-m/nofp\libc_nano.a(libc_a-vsnprintf.o)
                0x08002250                vsniprintf
                0x08002250                vsnprintf
 .text.memset   0x0800226c       0x10 C:/ST/STM32CubeCLT_1.18.0/GNU-tools-for-STM32/bin/../lib/gcc/arm-none-eabi/13.3.1/../../../../arm-none-eabi/lib/thumb/v7-m/nofp\libc_nano.a(libc_a-memset.o)
                0x0800226c                memset
 .text.__errno  0x0800227c        0xc C:/ST/STM32CubeCLT_1.18.0/GNU-tools-for-STM32/bin/../lib/gcc/arm-none-eabi/13.3.1/../../../../arm-none-eabi/lib/thumb/v7-m/nofp\libc_nano.a(libc_a-errno.o)
                0x0800227c                __errno
 .text.__libc_init_array
                0x08002288       0x48 C:/ST/STM32CubeCLT_1.18.0/GNU-tools-for-STM32/bin/../lib/gcc/arm-none-eabi/13.3.1/../../../../arm-none-eabi/lib/thumb/v7-m/nofp\libc_nano.a(libc_a-init.o)
                0x08002288                __libc_init_array
 .text.__retarget_lock_acquire_recursive
                0x080022d0        0x2 C:/ST/STM32CubeCLT_1.18.0/GNU-tools-for-STM32/bin/../lib/gcc/arm-none-eabi/13.3.1/../../../../arm-none-eabi/lib/thumb/v7-m/nofp\libc_nano.a(libc_a-lock.o)
                0x080022d0                __retarget_lock_acquire_recursive
 .text.__retarget_lock_release_recursive
                0x080022d2        0x2 C:/ST/STM32CubeCLT_1.18.0/GNU-tools-for-STM32/bin/../lib/gcc/arm-none-eabi/13.3.1/../../../../arm-none-eabi/lib/thumb/v7-m/nofp\libc_nano.a(libc_a-lock.o)
                0x080022d2                __retarget_lock_release_recursive
 .text.memcpy   0x080022d4       0x1c C:/ST/STM32CubeCLT_1.18.0/GNU-tools-for-STM32/bin/../lib/gcc/arm-none-eabi/13.3.1/../../../../arm-none-eabi/lib/thumb/v7-m/nofp\libc_nano.a(libc_a-memcpy-stub.o)
                0x080022d4                memcpy
 .text._free_r  0x080022f0       0x90 C:/ST/STM32CubeCLT_1.18.0/GNU-tools-for-STM32/bin/../lib/gcc/arm-none-eabi/13.3.1/../../../../arm-none-eabi/lib/thumb/v7-m/nofp\libc_nano.a(libc_a-freer.o)
                0x080022f0                _free_r
 .text.sbrk_aligned
                0x08002380       0x44 C:/ST/STM32CubeCLT_1.18.0/GNU-tools-for-STM32/bin/../lib/gcc/arm-none-eabi/13.3.1/../../../../arm-none-eabi/lib/thumb/v7-m/nofp\libc_nano.a(libc_a-mallocr.o)
 .text._malloc_r
                0x080023c4      0x100 C:/ST/STM32CubeCLT_1.18.0/GNU-tools-for-STM32/bin/../lib/gcc/arm-none-eabi/13.3.1/../../../../arm-none-eabi/lib/thumb/v7-m/nofp\libc_nano.a(libc_a-mallocr.o)
                0x080023c4                _malloc_r
 .text.__malloc_lock
                0x080024c4        0xc C:/ST/STM32CubeCLT_1.18.0/GNU-tools-for-STM32/bin/../lib/gcc/arm-none-eabi/13.3.1/../../../../arm-none-eabi/lib/thumb/v7-m/nofp\libc_nano.a(libc_a-mlock.o)
                0x080024c4                __malloc_lock
 .text.__malloc_unlock
                0x080024d0        0xc C:/ST/STM32CubeCLT_1.18.0/GNU-tools-for-STM32/bin/../lib/gcc/arm-none-eabi/13.3.1/../../../../arm-none-eabi/lib/thumb/v7-m/nofp\libc_nano.a(libc_a-mlock.o)
                0x080024d0                __malloc_unlock
 .text.__ssputs_r
                0x080024dc       0xb6 C:/ST/STM32CubeCLT_1.18.0/GNU-tools-for-STM32/bin/../lib/gcc/arm-none-eabi/13.3.1/../../../../arm-none-eabi/lib/thumb/v7-m/nofp\libc_nano.a(libc_a-nano-svfprintf.o)
                0x080024dc                __ssputs_r
 *fill*         0x08002592        0x2 
 .text._svfprintf_r
                0x08002594      0x1f8 C:/ST/STM32CubeCLT_1.18.0/GNU-tools-for-STM32/bin/../lib/gcc/arm-none-eabi/13.3.1/../../../../arm-none-eabi/lib/thumb/v7-m/nofp\libc_nano.a(libc_a-nano-svfprintf.o)
                0x08002594                _svfiprintf_r
                0x08002594                _svfprintf_r
 .text._printf_common
                0x0800278c       0xe4 C:/ST/STM32CubeCLT_1.18.0/GNU-tools-for-STM32/bin/../lib/gcc/arm-none-eabi/13.3.1/../../../../arm-none-eabi/lib/thumb/v7-m/nofp\libc_nano.a(libc_a-nano-vfprintf_i.o)
                0x0800278c                _printf_common
 .text._printf_i
                0x08002870      0x23c C:/ST/STM32CubeCLT_1.18.0/GNU-tools-for-STM32/bin/../lib/gcc/arm-none-eabi/13.3.1/../../../../arm-none-eabi/lib/thumb/v7-m/nofp\libc_nano.a(libc_a-nano-vfprintf_i.o)
                0x08002870                _printf_i
 .text.memmove  0x08002aac       0x34 C:/ST/STM32CubeCLT_1.18.0/GNU-tools-for-STM32/bin/../lib/gcc/arm-none-eabi/13.3.1/../../../../arm-none-eabi/lib/thumb/v7-m/nofp\libc_nano.a(libc_a-memmove.o)
                0x08002aac                memmove
 .text._sbrk_r  0x08002ae0       0x20 C:/ST/STM32CubeCLT_1.18.0/GNU-tools-for-STM32/bin/../lib/gcc/arm-none-eabi/13.3.1/../../../../arm-none-eabi/lib/thumb/v7-m/nofp\libc_nano.a(libc_a-sbrkr.o)
                0x08002ae0                _sbrk_r
 .text.memchr   0x08002b00       0x1c C:/ST/STM32CubeCLT_1.18.0/GNU-tools-for-STM32/bin/../lib/gcc/arm-none-eabi/13.3.1/../../../../arm-none-eabi/lib/thumb/v7-m/nofp\libc_nano.a(libc_a-memchr-stub.o)
                0x08002b00                memchr
 .text._realloc_r
                0x08002b1c       0x5c C:/ST/STM32CubeCLT_1.18.0/GNU-tools-for-STM32/bin/../lib/gcc/arm-none-eabi/13.3.1/../../../../arm-none-eabi/lib/thumb/v7-m/nofp\libc_nano.a(libc_a-reallocr.o)
                0x08002b1c                _realloc_r
 .text._malloc_usable_size_r
                0x08002b78       0x10 C:/ST/STM32CubeCLT_1.18.0/GNU-tools-for-STM32/bin/../lib/gcc/arm-none-eabi/13.3.1/../../../../arm-none-eabi/lib/thumb/v7-m/nofp\libc_nano.a(libc_a-msizer.o)
                0x08002b78                _malloc_usable_size_r
 *(.glue_7)
 .glue_7        0x08002b88        0x0 linker stubs
 *(.glue_7t)
 .glue_7t       0x08002b88        0x0 linker stubs
 *(.eh_frame)
 .eh_frame      0x08002b88        0x0 C:/ST/STM32CubeCLT_1.18.0/GNU-tools-for-STM32/bin/../lib/gcc/arm-none-eabi/13.3.1/thumb/v7-m/nofp/crtbegin.o
 *(.init)
 .init          0x08002b88        0x4 C:/ST/STM32CubeCLT_1.18.0/GNU-tools-for-STM32/bin/../lib/gcc/arm-none-eabi/13.3.1/thumb/v7-m/nofp/crti.o
                0x08002b88                _init
 .init          0x08002b8c        0x8 C:/ST/STM32CubeCLT_1.18.0/GNU-tools-for-STM32/bin/../lib/gcc/arm-none-eabi/13.3.1/thumb/v7-m/nofp/crtn.o
 *(.fini)
 .fini          0x08002b94        0x4 C:/ST/STM32CubeCLT_1.18.0/GNU-tools-for-STM32/bin/../lib/gcc/arm-none-eabi/13.3.1/thumb/v7-m/nofp/crti.o
                0x08002b94                _fini
 .fini          0x08002b98        0x8 C:/ST/STM32CubeCLT_1.18.0/GNU-tools-for-STM32/bin/../lib/gcc/arm-none-eabi/13.3.1/thumb/v7-m/nofp/crtn.o
                0x08002ba0                        . = ALIGN (0x4)
                0x08002ba0                        _etext = .

.vfp11_veneer   0x08002ba0        0x0
 .vfp11_veneer  0x08002ba0        0x0 linker stubs

.v4_bx          0x08002ba0        0x0
 .v4_bx         0x08002ba0        0x0 linker stubs

.iplt           0x08002ba0        0x0
 .iplt          0x08002ba0        0x0 C:/ST/STM32CubeCLT_1.18.0/GNU-tools-for-STM32/bin/../lib/gcc/arm-none-eabi/13.3.1/thumb/v7-m/nofp/crtbegin.o

.rodata         0x08002ba0       0xe8
                0x08002ba0                        . = ALIGN (0x4)
 *(.rodata)
 .rodata        0x08002ba0       0x54 build/debug/freertos.o
 *(.rodata*)
 .rodata.StartTask1.str1.4
                0x08002bf4       0x31 build/debug/freertos.o
                                  0x6 (size before relaxing)
 .rodata.StartTask2.str1.4
                0x08002c25        0x6 build/debug/freertos.o
 .rodata.StartTask3.str1.4
                0x08002c25        0x7 build/debug/freertos.o
 .rodata.str1.4
                0x08002c25        0x6 build/debug/freertos.o
 .rodata.main.str1.4
                0x08002c25        0xc build/debug/main.o
 *fill*         0x08002c25        0x3 
 .rodata.aPredivFactorTable.0
                0x08002c28        0x2 build/debug/stm32f1xx_hal_rcc.o
 *fill*         0x08002c2a        0x2 
 .rodata.aPLLMULFactorTable.1
                0x08002c2c       0x10 build/debug/stm32f1xx_hal_rcc.o
 .rodata.APBPrescTable
                0x08002c3c        0x8 build/debug/system_stm32f1xx.o
                0x08002c3c                APBPrescTable
 .rodata.AHBPrescTable
                0x08002c44       0x10 build/debug/system_stm32f1xx.o
                0x08002c44                AHBPrescTable
 .rodata.vTaskStartScheduler.str1.4
                0x08002c54        0x5 build/debug/tasks.o
 .rodata._svfprintf_r.str1.1
                0x08002c54       0x33 C:/ST/STM32CubeCLT_1.18.0/GNU-tools-for-STM32/bin/../lib/gcc/arm-none-eabi/13.3.1/../../../../arm-none-eabi/lib/thumb/v7-m/nofp\libc_nano.a(libc_a-nano-svfprintf.o)
                                 0x11 (size before relaxing)
 .rodata._printf_i.str1.1
                0x08002c87       0x22 C:/ST/STM32CubeCLT_1.18.0/GNU-tools-for-STM32/bin/../lib/gcc/arm-none-eabi/13.3.1/../../../../arm-none-eabi/lib/thumb/v7-m/nofp\libc_nano.a(libc_a-nano-vfprintf_i.o)
                0x08002cac                        . = ALIGN (0x4)
 *fill*         0x08002c87        0x1 

.ARM.extab      0x08002c88        0x0
                0x08002c88                        . = ALIGN (0x4)
 *(.ARM.extab* .gnu.linkonce.armextab.*)
                0x08002c88                        . = ALIGN (0x4)

.ARM            0x08002c88        0x8
                0x08002c88                        . = ALIGN (0x4)
                0x08002c88                        __exidx_start = .
 *(.ARM.exidx*)
 .ARM.exidx     0x08002c88        0x8 C:/ST/STM32CubeCLT_1.18.0/GNU-tools-for-STM32/bin/../lib/gcc/arm-none-eabi/13.3.1/../../../../arm-none-eabi/lib/thumb/v7-m/nofp\libc_nano.a(libc_a-strlen.o)
                0x08002c90                        __exidx_end = .
                0x08002c90                        . = ALIGN (0x4)

.preinit_array  0x08002c90        0x0
                0x08002c90                        . = ALIGN (0x4)
                0x08002c90                        PROVIDE (__preinit_array_start = .)
 *(.preinit_array*)
                0x08002c90                        PROVIDE (__preinit_array_end = .)
                0x08002c90                        . = ALIGN (0x4)

.init_array     0x08002c90        0x4
                0x08002c90                        . = ALIGN (0x4)
                0x08002c90                        PROVIDE (__init_array_start = .)
 *(SORT_BY_NAME(.init_array.*))
 *(.init_array*)
 .init_array    0x08002c90        0x4 C:/ST/STM32CubeCLT_1.18.0/GNU-tools-for-STM32/bin/../lib/gcc/arm-none-eabi/13.3.1/thumb/v7-m/nofp/crtbegin.o
                0x08002c94                        PROVIDE (__init_array_end = .)
                0x08002c94                        . = ALIGN (0x4)

.fini_array     0x08002c94        0x4
                0x08002c94                        . = ALIGN (0x4)
                [!provide]                        PROVIDE (__fini_array_start = .)
 *(SORT_BY_NAME(.fini_array.*))
 *(.fini_array*)
 .fini_array    0x08002c94        0x4 C:/ST/STM32CubeCLT_1.18.0/GNU-tools-for-STM32/bin/../lib/gcc/arm-none-eabi/13.3.1/thumb/v7-m/nofp/crtbegin.o
                [!provide]                        PROVIDE (__fini_array_end = .)
                0x08002c98                        . = ALIGN (0x4)
                0x08002c98                        _sidata = LOADADDR (.data)

.rel.dyn        0x08002c98        0x0
 .rel.iplt      0x08002c98        0x0 C:/ST/STM32CubeCLT_1.18.0/GNU-tools-for-STM32/bin/../lib/gcc/arm-none-eabi/13.3.1/thumb/v7-m/nofp/crtbegin.o

.data           0x20000000       0x60 load address 0x08002c98
                0x20000000                        . = ALIGN (0x4)
                0x20000000                        _sdata = .
 *(.data)
 *(.data*)
 .data.uxCriticalNesting
                0x20000000        0x4 build/debug/port.o
 .data.uwTickFreq
                0x20000004        0x1 build/debug/stm32f1xx_hal.o
                0x20000004                uwTickFreq
 *fill*         0x20000005        0x3 
 .data.uwTickPrio
                0x20000008        0x4 build/debug/stm32f1xx_hal.o
                0x20000008                uwTickPrio
 .data.SystemCoreClock
                0x2000000c        0x4 build/debug/system_stm32f1xx.o
                0x2000000c                SystemCoreClock
 .data._impure_ptr
                0x20000010        0x4 C:/ST/STM32CubeCLT_1.18.0/GNU-tools-for-STM32/bin/../lib/gcc/arm-none-eabi/13.3.1/../../../../arm-none-eabi/lib/thumb/v7-m/nofp\libc_nano.a(libc_a-impure.o)
                0x20000010                _impure_ptr
 .data._impure_data
                0x20000014       0x4c C:/ST/STM32CubeCLT_1.18.0/GNU-tools-for-STM32/bin/../lib/gcc/arm-none-eabi/13.3.1/../../../../arm-none-eabi/lib/thumb/v7-m/nofp\libc_nano.a(libc_a-impure.o)
                0x20000014                _impure_data
 *(.RamFunc)
 *(.RamFunc*)
                0x20000060                        . = ALIGN (0x4)
                0x20000060                        _edata = .

.igot.plt       0x20000060        0x0 load address 0x08002cf8
 .igot.plt      0x20000060        0x0 C:/ST/STM32CubeCLT_1.18.0/GNU-tools-for-STM32/bin/../lib/gcc/arm-none-eabi/13.3.1/thumb/v7-m/nofp/crtbegin.o
                0x20000060                        . = ALIGN (0x4)

.bss            0x20000060     0x11ac load address 0x08002cf8
                0x20000060                        _sbss = .
                0x20000060                        __bss_start__ = _sbss
 *(.bss)
 .bss           0x20000060       0x1c C:/ST/STM32CubeCLT_1.18.0/GNU-tools-for-STM32/bin/../lib/gcc/arm-none-eabi/13.3.1/thumb/v7-m/nofp/crtbegin.o
 *(.bss*)
 .bss.xIdleStack
                0x2000007c      0x200 build/debug/freertos.o
 .bss.xIdleTaskTCBBuffer
                0x2000027c       0x54 build/debug/freertos.o
 .bss.Task1Handle
                0x200002d0        0x4 build/debug/freertos.o
                0x200002d0                Task1Handle
 .bss.Task2Handle
                0x200002d4        0x4 build/debug/freertos.o
                0x200002d4                Task2Handle
 .bss.xBlockAllocatedBit
                0x200002d8        0x4 build/debug/heap_4.o
 .bss.xNumberOfSuccessfulFrees
                0x200002dc        0x4 build/debug/heap_4.o
 .bss.xNumberOfSuccessfulAllocations
                0x200002e0        0x4 build/debug/heap_4.o
 .bss.xMinimumEverFreeBytesRemaining
                0x200002e4        0x4 build/debug/heap_4.o
 .bss.xFreeBytesRemaining
                0x200002e8        0x4 build/debug/heap_4.o
 .bss.pxEnd     0x200002ec        0x4 build/debug/heap_4.o
 .bss.xStart    0x200002f0        0x8 build/debug/heap_4.o
 .bss.ucHeap    0x200002f8      0xc00 build/debug/heap_4.o
 .bss.ulMaxPRIGROUPValue
                0x20000ef8        0x4 build/debug/port.o
 .bss.ucMaxSysCallPriority
                0x20000efc        0x1 build/debug/port.o
 *fill*         0x20000efd        0x3 
 .bss.uwTick    0x20000f00        0x4 build/debug/stm32f1xx_hal.o
                0x20000f00                uwTick
 .bss.htim4     0x20000f04       0x48 build/debug/stm32f1xx_hal_timebase_tim.o
                0x20000f04                htim4
 .bss.__sbrk_heap_end
                0x20000f4c        0x4 build/debug/sysmem.o
 .bss.uxSchedulerSuspended
                0x20000f50        0x4 build/debug/tasks.o
 .bss.xIdleTaskHandle
                0x20000f54        0x4 build/debug/tasks.o
 .bss.xNextTaskUnblockTime
                0x20000f58        0x4 build/debug/tasks.o
 .bss.uxTaskNumber
                0x20000f5c        0x4 build/debug/tasks.o
 .bss.xNumOfOverflows
                0x20000f60        0x4 build/debug/tasks.o
 .bss.xYieldPending
                0x20000f64        0x4 build/debug/tasks.o
 .bss.xPendedTicks
                0x20000f68        0x4 build/debug/tasks.o
 .bss.xSchedulerRunning
                0x20000f6c        0x4 build/debug/tasks.o
 .bss.uxTopReadyPriority
                0x20000f70        0x4 build/debug/tasks.o
 .bss.xTickCount
                0x20000f74        0x4 build/debug/tasks.o
 .bss.uxCurrentNumberOfTasks
                0x20000f78        0x4 build/debug/tasks.o
 .bss.xSuspendedTaskList
                0x20000f7c       0x14 build/debug/tasks.o
 .bss.uxDeletedTasksWaitingCleanUp
                0x20000f90        0x4 build/debug/tasks.o
 .bss.xTasksWaitingTermination
                0x20000f94       0x14 build/debug/tasks.o
 .bss.xPendingReadyList
                0x20000fa8       0x14 build/debug/tasks.o
 .bss.pxOverflowDelayedTaskList
                0x20000fbc        0x4 build/debug/tasks.o
 .bss.pxDelayedTaskList
                0x20000fc0        0x4 build/debug/tasks.o
 .bss.xDelayedTaskList2
                0x20000fc4       0x14 build/debug/tasks.o
 .bss.xDelayedTaskList1
                0x20000fd8       0x14 build/debug/tasks.o
 .bss.pxReadyTasksLists
                0x20000fec       0x8c build/debug/tasks.o
 .bss.pxCurrentTCB
                0x20001078        0x4 build/debug/tasks.o
                0x20001078                pxCurrentTCB
 .bss.huart1    0x2000107c       0x48 build/debug/usart.o
                0x2000107c                huart1
 .bss.__sf      0x200010c4      0x138 C:/ST/STM32CubeCLT_1.18.0/GNU-tools-for-STM32/bin/../lib/gcc/arm-none-eabi/13.3.1/../../../../arm-none-eabi/lib/thumb/v7-m/nofp\libc_nano.a(libc_a-findfp.o)
                0x200010c4                __sf
 .bss.errno     0x200011fc        0x4 C:/ST/STM32CubeCLT_1.18.0/GNU-tools-for-STM32/bin/../lib/gcc/arm-none-eabi/13.3.1/../../../../arm-none-eabi/lib/thumb/v7-m/nofp\libc_nano.a(libc_a-reent.o)
                0x200011fc                errno
 .bss.__lock___malloc_recursive_mutex
                0x20001200        0x1 C:/ST/STM32CubeCLT_1.18.0/GNU-tools-for-STM32/bin/../lib/gcc/arm-none-eabi/13.3.1/../../../../arm-none-eabi/lib/thumb/v7-m/nofp\libc_nano.a(libc_a-lock.o)
                0x20001200                __lock___malloc_recursive_mutex
 *fill*         0x20001201        0x3 
 .bss.__malloc_sbrk_start
                0x20001204        0x4 C:/ST/STM32CubeCLT_1.18.0/GNU-tools-for-STM32/bin/../lib/gcc/arm-none-eabi/13.3.1/../../../../arm-none-eabi/lib/thumb/v7-m/nofp\libc_nano.a(libc_a-mallocr.o)
                0x20001204                __malloc_sbrk_start
 .bss.__malloc_free_list
                0x20001208        0x4 C:/ST/STM32CubeCLT_1.18.0/GNU-tools-for-STM32/bin/../lib/gcc/arm-none-eabi/13.3.1/../../../../arm-none-eabi/lib/thumb/v7-m/nofp\libc_nano.a(libc_a-mallocr.o)
                0x20001208                __malloc_free_list
 *(COMMON)
                0x2000120c                        . = ALIGN (0x4)
                0x2000120c                        _ebss = .
                0x2000120c                        __bss_end__ = _ebss

._user_heap_stack
                0x2000120c      0x604 load address 0x08002cf8
                0x20001210                        . = ALIGN (0x8)
 *fill*         0x2000120c        0x4 
                [!provide]                        PROVIDE (end = .)
                0x20001210                        PROVIDE (_end = .)
                0x20001410                        . = (. + _Min_Heap_Size)
 *fill*         0x20001210      0x200 
                0x20001810                        . = (. + _Min_Stack_Size)
 *fill*         0x20001410      0x400 
                0x20001810                        . = ALIGN (0x8)

/DISCARD/
 libc.a(*)
 libm.a(*)
 libgcc.a(*)
OUTPUT(build/debug/test_uart.elf elf32-littlearm)
LOAD linker stubs
LOAD C:/ST/STM32CubeCLT_1.18.0/GNU-tools-for-STM32/bin/../lib/gcc/arm-none-eabi/13.3.1/../../../../arm-none-eabi/lib/thumb/v7-m/nofp\libc.a
LOAD C:/ST/STM32CubeCLT_1.18.0/GNU-tools-for-STM32/bin/../lib/gcc/arm-none-eabi/13.3.1/../../../../arm-none-eabi/lib/thumb/v7-m/nofp\libm.a
LOAD C:/ST/STM32CubeCLT_1.18.0/GNU-tools-for-STM32/bin/../lib/gcc/arm-none-eabi/13.3.1/thumb/v7-m/nofp\libgcc.a

.ARM.attributes
                0x00000000       0x29
 .ARM.attributes
                0x00000000       0x1d C:/ST/STM32CubeCLT_1.18.0/GNU-tools-for-STM32/bin/../lib/gcc/arm-none-eabi/13.3.1/thumb/v7-m/nofp/crti.o
 .ARM.attributes
                0x0000001d       0x2d C:/ST/STM32CubeCLT_1.18.0/GNU-tools-for-STM32/bin/../lib/gcc/arm-none-eabi/13.3.1/thumb/v7-m/nofp/crtbegin.o
 .ARM.attributes
                0x0000004a       0x2d build/debug/cmsis_os.o
 .ARM.attributes
                0x00000077       0x2d build/debug/freertos.o
 .ARM.attributes
                0x000000a4       0x2d build/debug/gpio.o
 .ARM.attributes
                0x000000d1       0x2d build/debug/heap_4.o
 .ARM.attributes
                0x000000fe       0x2d build/debug/list.o
 .ARM.attributes
                0x0000012b       0x2d build/debug/main.o
 .ARM.attributes
                0x00000158       0x2d build/debug/port.o
 .ARM.attributes
                0x00000185       0x2d build/debug/stm32f1xx_hal.o
 .ARM.attributes
                0x000001b2       0x2d build/debug/stm32f1xx_hal_cortex.o
 .ARM.attributes
                0x000001df       0x2d build/debug/stm32f1xx_hal_gpio.o
 .ARM.attributes
                0x0000020c       0x2d build/debug/stm32f1xx_hal_msp.o
 .ARM.attributes
                0x00000239       0x2d build/debug/stm32f1xx_hal_rcc.o
 .ARM.attributes
                0x00000266       0x2d build/debug/stm32f1xx_hal_tim.o
 .ARM.attributes
                0x00000293       0x2d build/debug/stm32f1xx_hal_tim_ex.o
 .ARM.attributes
                0x000002c0       0x2d build/debug/stm32f1xx_hal_timebase_tim.o
 .ARM.attributes
                0x000002ed       0x2d build/debug/stm32f1xx_hal_uart.o
 .ARM.attributes
                0x0000031a       0x2d build/debug/stm32f1xx_it.o
 .ARM.attributes
                0x00000347       0x2d build/debug/sysmem.o
 .ARM.attributes
                0x00000374       0x2d build/debug/system_stm32f1xx.o
 .ARM.attributes
                0x000003a1       0x2d build/debug/tasks.o
 .ARM.attributes
                0x000003ce       0x2d build/debug/usart.o
 .ARM.attributes
                0x000003fb       0x21 build/debug/startup_stm32f103xb.o
 .ARM.attributes
                0x0000041c       0x2d C:/ST/STM32CubeCLT_1.18.0/GNU-tools-for-STM32/bin/../lib/gcc/arm-none-eabi/13.3.1/../../../../arm-none-eabi/lib/thumb/v7-m/nofp\libc_nano.a(libc_a-findfp.o)
 .ARM.attributes
                0x00000449       0x2d C:/ST/STM32CubeCLT_1.18.0/GNU-tools-for-STM32/bin/../lib/gcc/arm-none-eabi/13.3.1/../../../../arm-none-eabi/lib/thumb/v7-m/nofp\libc_nano.a(libc_a-vsnprintf.o)
 .ARM.attributes
                0x00000476       0x2d C:/ST/STM32CubeCLT_1.18.0/GNU-tools-for-STM32/bin/../lib/gcc/arm-none-eabi/13.3.1/../../../../arm-none-eabi/lib/thumb/v7-m/nofp\libc_nano.a(libc_a-memset.o)
 .ARM.attributes
                0x000004a3       0x2d C:/ST/STM32CubeCLT_1.18.0/GNU-tools-for-STM32/bin/../lib/gcc/arm-none-eabi/13.3.1/../../../../arm-none-eabi/lib/thumb/v7-m/nofp\libc_nano.a(libc_a-reent.o)
 .ARM.attributes
                0x000004d0       0x2d C:/ST/STM32CubeCLT_1.18.0/GNU-tools-for-STM32/bin/../lib/gcc/arm-none-eabi/13.3.1/../../../../arm-none-eabi/lib/thumb/v7-m/nofp\libc_nano.a(libc_a-impure.o)
 .ARM.attributes
                0x000004fd       0x2d C:/ST/STM32CubeCLT_1.18.0/GNU-tools-for-STM32/bin/../lib/gcc/arm-none-eabi/13.3.1/../../../../arm-none-eabi/lib/thumb/v7-m/nofp\libc_nano.a(libc_a-errno.o)
 .ARM.attributes
                0x0000052a       0x2d C:/ST/STM32CubeCLT_1.18.0/GNU-tools-for-STM32/bin/../lib/gcc/arm-none-eabi/13.3.1/../../../../arm-none-eabi/lib/thumb/v7-m/nofp\libc_nano.a(libc_a-init.o)
 .ARM.attributes
                0x00000557       0x2d C:/ST/STM32CubeCLT_1.18.0/GNU-tools-for-STM32/bin/../lib/gcc/arm-none-eabi/13.3.1/../../../../arm-none-eabi/lib/thumb/v7-m/nofp\libc_nano.a(libc_a-lock.o)
 .ARM.attributes
                0x00000584       0x2d C:/ST/STM32CubeCLT_1.18.0/GNU-tools-for-STM32/bin/../lib/gcc/arm-none-eabi/13.3.1/../../../../arm-none-eabi/lib/thumb/v7-m/nofp\libc_nano.a(libc_a-memcpy-stub.o)
 .ARM.attributes
                0x000005b1       0x17 C:/ST/STM32CubeCLT_1.18.0/GNU-tools-for-STM32/bin/../lib/gcc/arm-none-eabi/13.3.1/../../../../arm-none-eabi/lib/thumb/v7-m/nofp\libc_nano.a(libc_a-strlen.o)
 .ARM.attributes
                0x000005c8       0x2d C:/ST/STM32CubeCLT_1.18.0/GNU-tools-for-STM32/bin/../lib/gcc/arm-none-eabi/13.3.1/../../../../arm-none-eabi/lib/thumb/v7-m/nofp\libc_nano.a(libc_a-freer.o)
 .ARM.attributes
                0x000005f5       0x2d C:/ST/STM32CubeCLT_1.18.0/GNU-tools-for-STM32/bin/../lib/gcc/arm-none-eabi/13.3.1/../../../../arm-none-eabi/lib/thumb/v7-m/nofp\libc_nano.a(libc_a-mallocr.o)
 .ARM.attributes
                0x00000622       0x2d C:/ST/STM32CubeCLT_1.18.0/GNU-tools-for-STM32/bin/../lib/gcc/arm-none-eabi/13.3.1/../../../../arm-none-eabi/lib/thumb/v7-m/nofp\libc_nano.a(libc_a-mlock.o)
 .ARM.attributes
                0x0000064f       0x2d C:/ST/STM32CubeCLT_1.18.0/GNU-tools-for-STM32/bin/../lib/gcc/arm-none-eabi/13.3.1/../../../../arm-none-eabi/lib/thumb/v7-m/nofp\libc_nano.a(libc_a-nano-svfprintf.o)
 .ARM.attributes
                0x0000067c       0x2d C:/ST/STM32CubeCLT_1.18.0/GNU-tools-for-STM32/bin/../lib/gcc/arm-none-eabi/13.3.1/../../../../arm-none-eabi/lib/thumb/v7-m/nofp\libc_nano.a(libc_a-nano-vfprintf_i.o)
 .ARM.attributes
                0x000006a9       0x2d C:/ST/STM32CubeCLT_1.18.0/GNU-tools-for-STM32/bin/../lib/gcc/arm-none-eabi/13.3.1/../../../../arm-none-eabi/lib/thumb/v7-m/nofp\libc_nano.a(libc_a-memmove.o)
 .ARM.attributes
                0x000006d6       0x2d C:/ST/STM32CubeCLT_1.18.0/GNU-tools-for-STM32/bin/../lib/gcc/arm-none-eabi/13.3.1/../../../../arm-none-eabi/lib/thumb/v7-m/nofp\libc_nano.a(libc_a-sbrkr.o)
 .ARM.attributes
                0x00000703       0x2d C:/ST/STM32CubeCLT_1.18.0/GNU-tools-for-STM32/bin/../lib/gcc/arm-none-eabi/13.3.1/../../../../arm-none-eabi/lib/thumb/v7-m/nofp\libc_nano.a(libc_a-memchr-stub.o)
 .ARM.attributes
                0x00000730       0x2d C:/ST/STM32CubeCLT_1.18.0/GNU-tools-for-STM32/bin/../lib/gcc/arm-none-eabi/13.3.1/../../../../arm-none-eabi/lib/thumb/v7-m/nofp\libc_nano.a(libc_a-reallocr.o)
 .ARM.attributes
                0x0000075d       0x2d C:/ST/STM32CubeCLT_1.18.0/GNU-tools-for-STM32/bin/../lib/gcc/arm-none-eabi/13.3.1/../../../../arm-none-eabi/lib/thumb/v7-m/nofp\libc_nano.a(libc_a-msizer.o)
 .ARM.attributes
                0x0000078a       0x1d C:/ST/STM32CubeCLT_1.18.0/GNU-tools-for-STM32/bin/../lib/gcc/arm-none-eabi/13.3.1/thumb/v7-m/nofp/crtn.o

.comment        0x00000000       0x43
 .comment       0x00000000       0x43 build/debug/cmsis_os.o
                                 0x44 (size before relaxing)
 .comment       0x00000043       0x44 build/debug/freertos.o
 .comment       0x00000043       0x44 build/debug/gpio.o
 .comment       0x00000043       0x44 build/debug/heap_4.o
 .comment       0x00000043       0x44 build/debug/list.o
 .comment       0x00000043       0x44 build/debug/main.o
 .comment       0x00000043       0x44 build/debug/port.o
 .comment       0x00000043       0x44 build/debug/stm32f1xx_hal.o
 .comment       0x00000043       0x44 build/debug/stm32f1xx_hal_cortex.o
 .comment       0x00000043       0x44 build/debug/stm32f1xx_hal_gpio.o
 .comment       0x00000043       0x44 build/debug/stm32f1xx_hal_msp.o
 .comment       0x00000043       0x44 build/debug/stm32f1xx_hal_rcc.o
 .comment       0x00000043       0x44 build/debug/stm32f1xx_hal_tim.o
 .comment       0x00000043       0x44 build/debug/stm32f1xx_hal_tim_ex.o
 .comment       0x00000043       0x44 build/debug/stm32f1xx_hal_timebase_tim.o
 .comment       0x00000043       0x44 build/debug/stm32f1xx_hal_uart.o
 .comment       0x00000043       0x44 build/debug/stm32f1xx_it.o
 .comment       0x00000043       0x44 build/debug/sysmem.o
 .comment       0x00000043       0x44 build/debug/system_stm32f1xx.o
 .comment       0x00000043       0x44 build/debug/tasks.o
 .comment       0x00000043       0x44 build/debug/usart.o

.debug_info     0x00000000    0x149bc
 .debug_info    0x00000000     0x2434 build/debug/cmsis_os.o
 .debug_info    0x00002434      0x653 build/debug/freertos.o
 .debug_info    0x00002a87      0x165 build/debug/gpio.o
 .debug_info    0x00002bec      0x593 build/debug/heap_4.o
 .debug_info    0x0000317f      0x2bf build/debug/list.o
 .debug_info    0x0000343e      0xd5e build/debug/main.o
 .debug_info    0x0000419c      0x505 build/debug/port.o
 .debug_info    0x000046a1      0x7a2 build/debug/stm32f1xx_hal.o
 .debug_info    0x00004e43      0xcd9 build/debug/stm32f1xx_hal_cortex.o
 .debug_info    0x00005b1c      0x604 build/debug/stm32f1xx_hal_gpio.o
 .debug_info    0x00006120      0x382 build/debug/stm32f1xx_hal_msp.o
 .debug_info    0x000064a2      0x9c7 build/debug/stm32f1xx_hal_rcc.o
 .debug_info    0x00006e69     0x3c0f build/debug/stm32f1xx_hal_tim.o
 .debug_info    0x0000aa78     0x1aac build/debug/stm32f1xx_hal_tim_ex.o
 .debug_info    0x0000c524      0xa48 build/debug/stm32f1xx_hal_timebase_tim.o
 .debug_info    0x0000cf6c     0x3f85 build/debug/stm32f1xx_hal_uart.o
 .debug_info    0x00010ef1      0x674 build/debug/stm32f1xx_it.o
 .debug_info    0x00011565      0x171 build/debug/sysmem.o
 .debug_info    0x000116d6      0x22d build/debug/system_stm32f1xx.o
 .debug_info    0x00011903     0x287c build/debug/tasks.o
 .debug_info    0x0001417f      0x80d build/debug/usart.o
 .debug_info    0x0001498c       0x30 build/debug/startup_stm32f103xb.o

.debug_abbrev   0x00000000     0x2e06
 .debug_abbrev  0x00000000      0x3e1 build/debug/cmsis_os.o
 .debug_abbrev  0x000003e1      0x1ac build/debug/freertos.o
 .debug_abbrev  0x0000058d       0xc4 build/debug/gpio.o
 .debug_abbrev  0x00000651      0x263 build/debug/heap_4.o
 .debug_abbrev  0x000008b4      0x10a build/debug/list.o
 .debug_abbrev  0x000009be      0x2aa build/debug/main.o
 .debug_abbrev  0x00000c68      0x2a4 build/debug/port.o
 .debug_abbrev  0x00000f0c      0x22d build/debug/stm32f1xx_hal.o
 .debug_abbrev  0x00001139      0x36d build/debug/stm32f1xx_hal_cortex.o
 .debug_abbrev  0x000014a6      0x1f7 build/debug/stm32f1xx_hal_gpio.o
 .debug_abbrev  0x0000169d      0x137 build/debug/stm32f1xx_hal_msp.o
 .debug_abbrev  0x000017d4      0x2a0 build/debug/stm32f1xx_hal_rcc.o
 .debug_abbrev  0x00001a74      0x270 build/debug/stm32f1xx_hal_tim.o
 .debug_abbrev  0x00001ce4      0x26e build/debug/stm32f1xx_hal_tim_ex.o
 .debug_abbrev  0x00001f52      0x231 build/debug/stm32f1xx_hal_timebase_tim.o
 .debug_abbrev  0x00002183      0x31c build/debug/stm32f1xx_hal_uart.o
 .debug_abbrev  0x0000249f      0x185 build/debug/stm32f1xx_it.o
 .debug_abbrev  0x00002624       0xea build/debug/sysmem.o
 .debug_abbrev  0x0000270e      0x143 build/debug/system_stm32f1xx.o
 .debug_abbrev  0x00002851      0x38d build/debug/tasks.o
 .debug_abbrev  0x00002bde      0x204 build/debug/usart.o
 .debug_abbrev  0x00002de2       0x24 build/debug/startup_stm32f103xb.o

.debug_loclists
                0x00000000     0xaba4
 .debug_loclists
                0x00000000      0xcde build/debug/cmsis_os.o
 .debug_loclists
                0x00000cde       0x63 build/debug/freertos.o
 .debug_loclists
                0x00000d41      0x2b7 build/debug/heap_4.o
 .debug_loclists
                0x00000ff8       0x75 build/debug/list.o
 .debug_loclists
                0x0000106d       0x40 build/debug/main.o
 .debug_loclists
                0x000010ad       0x98 build/debug/port.o
 .debug_loclists
                0x00001145       0xe1 build/debug/stm32f1xx_hal.o
 .debug_loclists
                0x00001226      0x530 build/debug/stm32f1xx_hal_cortex.o
 .debug_loclists
                0x00001756      0x318 build/debug/stm32f1xx_hal_gpio.o
 .debug_loclists
                0x00001a6e       0x17 build/debug/stm32f1xx_hal_msp.o
 .debug_loclists
                0x00001a85      0x42e build/debug/stm32f1xx_hal_rcc.o
 .debug_loclists
                0x00001eb3     0x37fa build/debug/stm32f1xx_hal_tim.o
 .debug_loclists
                0x000056ad     0x1398 build/debug/stm32f1xx_hal_tim_ex.o
 .debug_loclists
                0x00006a45       0xc1 build/debug/stm32f1xx_hal_timebase_tim.o
 .debug_loclists
                0x00006b06     0x2c86 build/debug/stm32f1xx_hal_uart.o
 .debug_loclists
                0x0000978c       0x52 build/debug/sysmem.o
 .debug_loclists
                0x000097de       0xb7 build/debug/system_stm32f1xx.o
 .debug_loclists
                0x00009895     0x129b build/debug/tasks.o
 .debug_loclists
                0x0000ab30       0x74 build/debug/usart.o

.debug_aranges  0x00000000     0x1048
 .debug_aranges
                0x00000000      0x1d8 build/debug/cmsis_os.o
 .debug_aranges
                0x000001d8       0x40 build/debug/freertos.o
 .debug_aranges
                0x00000218       0x20 build/debug/gpio.o
 .debug_aranges
                0x00000238       0x58 build/debug/heap_4.o
 .debug_aranges
                0x00000290       0x40 build/debug/list.o
 .debug_aranges
                0x000002d0       0x40 build/debug/main.o
 .debug_aranges
                0x00000310       0x78 build/debug/port.o
 .debug_aranges
                0x00000388       0xe0 build/debug/stm32f1xx_hal.o
 .debug_aranges
                0x00000468       0xc0 build/debug/stm32f1xx_hal_cortex.o
 .debug_aranges
                0x00000528       0x58 build/debug/stm32f1xx_hal_gpio.o
 .debug_aranges
                0x00000580       0x20 build/debug/stm32f1xx_hal_msp.o
 .debug_aranges
                0x000005a0       0x90 build/debug/stm32f1xx_hal_rcc.o
 .debug_aranges
                0x00000630      0x3d0 build/debug/stm32f1xx_hal_tim.o
 .debug_aranges
                0x00000a00      0x168 build/debug/stm32f1xx_hal_tim_ex.o
 .debug_aranges
                0x00000b68       0x30 build/debug/stm32f1xx_hal_timebase_tim.o
 .debug_aranges
                0x00000b98      0x208 build/debug/stm32f1xx_hal_uart.o
 .debug_aranges
                0x00000da0       0x50 build/debug/stm32f1xx_it.o
 .debug_aranges
                0x00000df0       0x20 build/debug/sysmem.o
 .debug_aranges
                0x00000e10       0x28 build/debug/system_stm32f1xx.o
 .debug_aranges
                0x00000e38      0x1b8 build/debug/tasks.o
 .debug_aranges
                0x00000ff0       0x30 build/debug/usart.o
 .debug_aranges
                0x00001020       0x28 build/debug/startup_stm32f103xb.o

.debug_rnglists
                0x00000000      0xcc3
 .debug_rnglists
                0x00000000      0x15f build/debug/cmsis_os.o
 .debug_rnglists
                0x0000015f       0x2c build/debug/freertos.o
 .debug_rnglists
                0x0000018b       0x13 build/debug/gpio.o
 .debug_rnglists
                0x0000019e       0x3f build/debug/heap_4.o
 .debug_rnglists
                0x000001dd       0x2b build/debug/list.o
 .debug_rnglists
                0x00000208       0x2b build/debug/main.o
 .debug_rnglists
                0x00000233       0x56 build/debug/port.o
 .debug_rnglists
                0x00000289       0xa3 build/debug/stm32f1xx_hal.o
 .debug_rnglists
                0x0000032c       0x8b build/debug/stm32f1xx_hal_cortex.o
 .debug_rnglists
                0x000003b7       0x3f build/debug/stm32f1xx_hal_gpio.o
 .debug_rnglists
                0x000003f6       0x13 build/debug/stm32f1xx_hal_msp.o
 .debug_rnglists
                0x00000409       0x7d build/debug/stm32f1xx_hal_rcc.o
 .debug_rnglists
                0x00000486      0x2ff build/debug/stm32f1xx_hal_tim.o
 .debug_rnglists
                0x00000785      0x11a build/debug/stm32f1xx_hal_tim_ex.o
 .debug_rnglists
                0x0000089f       0x20 build/debug/stm32f1xx_hal_timebase_tim.o
 .debug_rnglists
                0x000008bf      0x1a1 build/debug/stm32f1xx_hal_uart.o
 .debug_rnglists
                0x00000a60       0x37 build/debug/stm32f1xx_it.o
 .debug_rnglists
                0x00000a97       0x13 build/debug/sysmem.o
 .debug_rnglists
                0x00000aaa       0x1a build/debug/system_stm32f1xx.o
 .debug_rnglists
                0x00000ac4      0x1c7 build/debug/tasks.o
 .debug_rnglists
                0x00000c8b       0x1f build/debug/usart.o
 .debug_rnglists
                0x00000caa       0x19 build/debug/startup_stm32f103xb.o

.debug_line     0x00000000    0x113b5
 .debug_line    0x00000000     0x1371 build/debug/cmsis_os.o
 .debug_line    0x00001371      0x2f9 build/debug/freertos.o
 .debug_line    0x0000166a      0x1a3 build/debug/gpio.o
 .debug_line    0x0000180d      0x760 build/debug/heap_4.o
 .debug_line    0x00001f6d      0x3ae build/debug/list.o
 .debug_line    0x0000231b      0x509 build/debug/main.o
 .debug_line    0x00002824      0x5e2 build/debug/port.o
 .debug_line    0x00002e06      0x568 build/debug/stm32f1xx_hal.o
 .debug_line    0x0000336e      0x6e1 build/debug/stm32f1xx_hal_cortex.o
 .debug_line    0x00003a4f      0x60a build/debug/stm32f1xx_hal_gpio.o
 .debug_line    0x00004059      0x1f2 build/debug/stm32f1xx_hal_msp.o
 .debug_line    0x0000424b      0xce4 build/debug/stm32f1xx_hal_rcc.o
 .debug_line    0x00004f2f     0x4659 build/debug/stm32f1xx_hal_tim.o
 .debug_line    0x00009588     0x1a26 build/debug/stm32f1xx_hal_tim_ex.o
 .debug_line    0x0000afae      0x348 build/debug/stm32f1xx_hal_timebase_tim.o
 .debug_line    0x0000b2f6     0x34d9 build/debug/stm32f1xx_hal_uart.o
 .debug_line    0x0000e7cf      0x299 build/debug/stm32f1xx_it.o
 .debug_line    0x0000ea68      0x21e build/debug/sysmem.o
 .debug_line    0x0000ec86      0x27f build/debug/system_stm32f1xx.o
 .debug_line    0x0000ef05     0x210b build/debug/tasks.o
 .debug_line    0x00011010      0x331 build/debug/usart.o
 .debug_line    0x00011341       0x74 build/debug/startup_stm32f103xb.o

.debug_str      0x00000000     0x5307
 .debug_str     0x00000000     0x5307 build/debug/cmsis_os.o
                               0x1069 (size before relaxing)
 .debug_str     0x00005307      0x5d0 build/debug/freertos.o
 .debug_str     0x00005307      0x1d6 build/debug/gpio.o
 .debug_str     0x00005307      0x4ff build/debug/heap_4.o
 .debug_str     0x00005307      0x2e6 build/debug/list.o
 .debug_str     0x00005307      0xbe9 build/debug/main.o
 .debug_str     0x00005307      0x452 build/debug/port.o
 .debug_str     0x00005307      0x81f build/debug/stm32f1xx_hal.o
 .debug_str     0x00005307      0x8c4 build/debug/stm32f1xx_hal_cortex.o
 .debug_str     0x00005307      0x3f1 build/debug/stm32f1xx_hal_gpio.o
 .debug_str     0x00005307      0x504 build/debug/stm32f1xx_hal_msp.o
 .debug_str     0x00005307      0x61c build/debug/stm32f1xx_hal_rcc.o
 .debug_str     0x00005307     0x1676 build/debug/stm32f1xx_hal_tim.o
 .debug_str     0x00005307      0xe82 build/debug/stm32f1xx_hal_tim_ex.o
 .debug_str     0x00005307      0xb0d build/debug/stm32f1xx_hal_timebase_tim.o
 .debug_str     0x00005307      0xce5 build/debug/stm32f1xx_hal_uart.o
 .debug_str     0x00005307      0x6cd build/debug/stm32f1xx_it.o
 .debug_str     0x00005307      0x209 build/debug/sysmem.o
 .debug_str     0x00005307      0x245 build/debug/system_stm32f1xx.o
 .debug_str     0x00005307      0xfff build/debug/tasks.o
 .debug_str     0x00005307      0x6c3 build/debug/usart.o
 .debug_str     0x00005307       0x78 build/debug/startup_stm32f103xb.o

.debug_frame    0x00000000     0x30d0
 .debug_frame   0x00000000      0x58c build/debug/cmsis_os.o
 .debug_frame   0x0000058c       0x88 build/debug/freertos.o
 .debug_frame   0x00000614       0x28 build/debug/gpio.o
 .debug_frame   0x0000063c       0xd0 build/debug/heap_4.o
 .debug_frame   0x0000070c       0x70 build/debug/list.o
 .debug_frame   0x0000077c       0xa4 build/debug/main.o
 .debug_frame   0x00000820       0xf0 build/debug/port.o
 .debug_frame   0x00000910      0x1cc build/debug/stm32f1xx_hal.o
 .debug_frame   0x00000adc      0x19c build/debug/stm32f1xx_hal_cortex.o
 .debug_frame   0x00000c78       0xe4 build/debug/stm32f1xx_hal_gpio.o
 .debug_frame   0x00000d5c       0x2c build/debug/stm32f1xx_hal_msp.o
 .debug_frame   0x00000d88      0x184 build/debug/stm32f1xx_hal_rcc.o
 .debug_frame   0x00000f0c      0xb18 build/debug/stm32f1xx_hal_tim.o
 .debug_frame   0x00001a24      0x418 build/debug/stm32f1xx_hal_tim_ex.o
 .debug_frame   0x00001e3c       0x54 build/debug/stm32f1xx_hal_timebase_tim.o
 .debug_frame   0x00001e90      0x5dc build/debug/stm32f1xx_hal_uart.o
 .debug_frame   0x0000246c       0x88 build/debug/stm32f1xx_it.o
 .debug_frame   0x000024f4       0x28 build/debug/sysmem.o
 .debug_frame   0x0000251c       0x30 build/debug/system_stm32f1xx.o
 .debug_frame   0x0000254c      0x598 build/debug/tasks.o
 .debug_frame   0x00002ae4       0x60 build/debug/usart.o
 .debug_frame   0x00002b44      0x144 C:/ST/STM32CubeCLT_1.18.0/GNU-tools-for-STM32/bin/../lib/gcc/arm-none-eabi/13.3.1/../../../../arm-none-eabi/lib/thumb/v7-m/nofp\libc_nano.a(libc_a-findfp.o)
 .debug_frame   0x00002c88       0x4c C:/ST/STM32CubeCLT_1.18.0/GNU-tools-for-STM32/bin/../lib/gcc/arm-none-eabi/13.3.1/../../../../arm-none-eabi/lib/thumb/v7-m/nofp\libc_nano.a(libc_a-vsnprintf.o)
 .debug_frame   0x00002cd4       0x20 C:/ST/STM32CubeCLT_1.18.0/GNU-tools-for-STM32/bin/../lib/gcc/arm-none-eabi/13.3.1/../../../../arm-none-eabi/lib/thumb/v7-m/nofp\libc_nano.a(libc_a-memset.o)
 .debug_frame   0x00002cf4       0x38 C:/ST/STM32CubeCLT_1.18.0/GNU-tools-for-STM32/bin/../lib/gcc/arm-none-eabi/13.3.1/../../../../arm-none-eabi/lib/thumb/v7-m/nofp\libc_nano.a(libc_a-reent.o)
 .debug_frame   0x00002d2c       0x20 C:/ST/STM32CubeCLT_1.18.0/GNU-tools-for-STM32/bin/../lib/gcc/arm-none-eabi/13.3.1/../../../../arm-none-eabi/lib/thumb/v7-m/nofp\libc_nano.a(libc_a-errno.o)
 .debug_frame   0x00002d4c       0x2c C:/ST/STM32CubeCLT_1.18.0/GNU-tools-for-STM32/bin/../lib/gcc/arm-none-eabi/13.3.1/../../../../arm-none-eabi/lib/thumb/v7-m/nofp\libc_nano.a(libc_a-init.o)
 .debug_frame   0x00002d78       0xb0 C:/ST/STM32CubeCLT_1.18.0/GNU-tools-for-STM32/bin/../lib/gcc/arm-none-eabi/13.3.1/../../../../arm-none-eabi/lib/thumb/v7-m/nofp\libc_nano.a(libc_a-lock.o)
 .debug_frame   0x00002e28       0x28 C:/ST/STM32CubeCLT_1.18.0/GNU-tools-for-STM32/bin/../lib/gcc/arm-none-eabi/13.3.1/../../../../arm-none-eabi/lib/thumb/v7-m/nofp\libc_nano.a(libc_a-memcpy-stub.o)
 .debug_frame   0x00002e50       0x38 C:/ST/STM32CubeCLT_1.18.0/GNU-tools-for-STM32/bin/../lib/gcc/arm-none-eabi/13.3.1/../../../../arm-none-eabi/lib/thumb/v7-m/nofp\libc_nano.a(libc_a-freer.o)
 .debug_frame   0x00002e88       0x50 C:/ST/STM32CubeCLT_1.18.0/GNU-tools-for-STM32/bin/../lib/gcc/arm-none-eabi/13.3.1/../../../../arm-none-eabi/lib/thumb/v7-m/nofp\libc_nano.a(libc_a-mallocr.o)
 .debug_frame   0x00002ed8       0x30 C:/ST/STM32CubeCLT_1.18.0/GNU-tools-for-STM32/bin/../lib/gcc/arm-none-eabi/13.3.1/../../../../arm-none-eabi/lib/thumb/v7-m/nofp\libc_nano.a(libc_a-mlock.o)
 .debug_frame   0x00002f08       0x90 C:/ST/STM32CubeCLT_1.18.0/GNU-tools-for-STM32/bin/../lib/gcc/arm-none-eabi/13.3.1/../../../../arm-none-eabi/lib/thumb/v7-m/nofp\libc_nano.a(libc_a-nano-svfprintf.o)
 .debug_frame   0x00002f98       0x60 C:/ST/STM32CubeCLT_1.18.0/GNU-tools-for-STM32/bin/../lib/gcc/arm-none-eabi/13.3.1/../../../../arm-none-eabi/lib/thumb/v7-m/nofp\libc_nano.a(libc_a-nano-vfprintf_i.o)
 .debug_frame   0x00002ff8       0x28 C:/ST/STM32CubeCLT_1.18.0/GNU-tools-for-STM32/bin/../lib/gcc/arm-none-eabi/13.3.1/../../../../arm-none-eabi/lib/thumb/v7-m/nofp\libc_nano.a(libc_a-memmove.o)
 .debug_frame   0x00003020       0x2c C:/ST/STM32CubeCLT_1.18.0/GNU-tools-for-STM32/bin/../lib/gcc/arm-none-eabi/13.3.1/../../../../arm-none-eabi/lib/thumb/v7-m/nofp\libc_nano.a(libc_a-sbrkr.o)
 .debug_frame   0x0000304c       0x28 C:/ST/STM32CubeCLT_1.18.0/GNU-tools-for-STM32/bin/../lib/gcc/arm-none-eabi/13.3.1/../../../../arm-none-eabi/lib/thumb/v7-m/nofp\libc_nano.a(libc_a-memchr-stub.o)
 .debug_frame   0x00003074       0x3c C:/ST/STM32CubeCLT_1.18.0/GNU-tools-for-STM32/bin/../lib/gcc/arm-none-eabi/13.3.1/../../../../arm-none-eabi/lib/thumb/v7-m/nofp\libc_nano.a(libc_a-reallocr.o)
 .debug_frame   0x000030b0       0x20 C:/ST/STM32CubeCLT_1.18.0/GNU-tools-for-STM32/bin/../lib/gcc/arm-none-eabi/13.3.1/../../../../arm-none-eabi/lib/thumb/v7-m/nofp\libc_nano.a(libc_a-msizer.o)

.debug_line_str
                0x00000000       0x5c
 .debug_line_str
                0x00000000       0x5c build/debug/startup_stm32f103xb.o

Cross Reference Table

Symbol                                            File
ADC1_2_IRQHandler                                 build/debug/startup_stm32f103xb.o
AHBPrescTable                                     build/debug/system_stm32f1xx.o
                                                  build/debug/stm32f1xx_hal_rcc.o
APBPrescTable                                     build/debug/system_stm32f1xx.o
                                                  build/debug/stm32f1xx_hal_rcc.o
BusFault_Handler                                  build/debug/stm32f1xx_it.o
CAN1_RX1_IRQHandler                               build/debug/startup_stm32f103xb.o
CAN1_SCE_IRQHandler                               build/debug/startup_stm32f103xb.o
DMA1_Channel1_IRQHandler                          build/debug/startup_stm32f103xb.o
DMA1_Channel2_IRQHandler                          build/debug/startup_stm32f103xb.o
DMA1_Channel3_IRQHandler                          build/debug/startup_stm32f103xb.o
DMA1_Channel4_IRQHandler                          build/debug/startup_stm32f103xb.o
DMA1_Channel5_IRQHandler                          build/debug/startup_stm32f103xb.o
DMA1_Channel6_IRQHandler                          build/debug/startup_stm32f103xb.o
DMA1_Channel7_IRQHandler                          build/debug/startup_stm32f103xb.o
DebugMon_Handler                                  build/debug/stm32f1xx_it.o
Default_Handler                                   build/debug/startup_stm32f103xb.o
EXTI0_IRQHandler                                  build/debug/startup_stm32f103xb.o
EXTI15_10_IRQHandler                              build/debug/startup_stm32f103xb.o
EXTI1_IRQHandler                                  build/debug/startup_stm32f103xb.o
EXTI2_IRQHandler                                  build/debug/startup_stm32f103xb.o
EXTI3_IRQHandler                                  build/debug/startup_stm32f103xb.o
EXTI4_IRQHandler                                  build/debug/startup_stm32f103xb.o
EXTI9_5_IRQHandler                                build/debug/startup_stm32f103xb.o
Error_Handler                                     build/debug/main.o
                                                  build/debug/usart.o
FLASH_IRQHandler                                  build/debug/startup_stm32f103xb.o
FLASH_PageErase                                   build/debug/stm32f1xx_hal_flash_ex.o
                                                  build/debug/stm32f1xx_hal_flash.o
FLASH_WaitForLastOperation                        build/debug/stm32f1xx_hal_flash.o
                                                  build/debug/stm32f1xx_hal_flash_ex.o
HAL_DBGMCU_DisableDBGSleepMode                    build/debug/stm32f1xx_hal.o
HAL_DBGMCU_DisableDBGStandbyMode                  build/debug/stm32f1xx_hal.o
HAL_DBGMCU_DisableDBGStopMode                     build/debug/stm32f1xx_hal.o
HAL_DBGMCU_EnableDBGSleepMode                     build/debug/stm32f1xx_hal.o
HAL_DBGMCU_EnableDBGStandbyMode                   build/debug/stm32f1xx_hal.o
HAL_DBGMCU_EnableDBGStopMode                      build/debug/stm32f1xx_hal.o
HAL_DMA_Abort                                     build/debug/stm32f1xx_hal_dma.o
                                                  build/debug/stm32f1xx_hal_uart.o
HAL_DMA_Abort_IT                                  build/debug/stm32f1xx_hal_dma.o
                                                  build/debug/stm32f1xx_hal_uart.o
                                                  build/debug/stm32f1xx_hal_tim_ex.o
                                                  build/debug/stm32f1xx_hal_tim.o
HAL_DMA_DeInit                                    build/debug/stm32f1xx_hal_dma.o
HAL_DMA_GetError                                  build/debug/stm32f1xx_hal_dma.o
                                                  build/debug/stm32f1xx_hal_uart.o
HAL_DMA_GetState                                  build/debug/stm32f1xx_hal_dma.o
HAL_DMA_IRQHandler                                build/debug/stm32f1xx_hal_dma.o
HAL_DMA_Init                                      build/debug/stm32f1xx_hal_dma.o
HAL_DMA_PollForTransfer                           build/debug/stm32f1xx_hal_dma.o
HAL_DMA_RegisterCallback                          build/debug/stm32f1xx_hal_dma.o
HAL_DMA_Start                                     build/debug/stm32f1xx_hal_dma.o
HAL_DMA_Start_IT                                  build/debug/stm32f1xx_hal_dma.o
                                                  build/debug/stm32f1xx_hal_uart.o
                                                  build/debug/stm32f1xx_hal_tim_ex.o
                                                  build/debug/stm32f1xx_hal_tim.o
HAL_DMA_UnRegisterCallback                        build/debug/stm32f1xx_hal_dma.o
HAL_DeInit                                        build/debug/stm32f1xx_hal.o
HAL_Delay                                         build/debug/stm32f1xx_hal.o
HAL_EXTI_ClearConfigLine                          build/debug/stm32f1xx_hal_exti.o
HAL_EXTI_ClearPending                             build/debug/stm32f1xx_hal_exti.o
HAL_EXTI_GenerateSWI                              build/debug/stm32f1xx_hal_exti.o
HAL_EXTI_GetConfigLine                            build/debug/stm32f1xx_hal_exti.o
HAL_EXTI_GetHandle                                build/debug/stm32f1xx_hal_exti.o
HAL_EXTI_GetPending                               build/debug/stm32f1xx_hal_exti.o
HAL_EXTI_IRQHandler                               build/debug/stm32f1xx_hal_exti.o
HAL_EXTI_RegisterCallback                         build/debug/stm32f1xx_hal_exti.o
HAL_EXTI_SetConfigLine                            build/debug/stm32f1xx_hal_exti.o
HAL_FLASHEx_Erase                                 build/debug/stm32f1xx_hal_flash_ex.o
HAL_FLASHEx_Erase_IT                              build/debug/stm32f1xx_hal_flash_ex.o
HAL_FLASHEx_OBErase                               build/debug/stm32f1xx_hal_flash_ex.o
HAL_FLASHEx_OBGetConfig                           build/debug/stm32f1xx_hal_flash_ex.o
HAL_FLASHEx_OBGetUserData                         build/debug/stm32f1xx_hal_flash_ex.o
HAL_FLASHEx_OBProgram                             build/debug/stm32f1xx_hal_flash_ex.o
HAL_FLASH_EndOfOperationCallback                  build/debug/stm32f1xx_hal_flash.o
HAL_FLASH_GetError                                build/debug/stm32f1xx_hal_flash.o
HAL_FLASH_IRQHandler                              build/debug/stm32f1xx_hal_flash.o
HAL_FLASH_Lock                                    build/debug/stm32f1xx_hal_flash.o
HAL_FLASH_OB_Launch                               build/debug/stm32f1xx_hal_flash.o
HAL_FLASH_OB_Lock                                 build/debug/stm32f1xx_hal_flash.o
HAL_FLASH_OB_Unlock                               build/debug/stm32f1xx_hal_flash.o
HAL_FLASH_OperationErrorCallback                  build/debug/stm32f1xx_hal_flash.o
HAL_FLASH_Program                                 build/debug/stm32f1xx_hal_flash.o
HAL_FLASH_Program_IT                              build/debug/stm32f1xx_hal_flash.o
HAL_FLASH_Unlock                                  build/debug/stm32f1xx_hal_flash.o
HAL_GPIOEx_ConfigEventout                         build/debug/stm32f1xx_hal_gpio_ex.o
HAL_GPIOEx_DisableEventout                        build/debug/stm32f1xx_hal_gpio_ex.o
HAL_GPIOEx_EnableEventout                         build/debug/stm32f1xx_hal_gpio_ex.o
HAL_GPIO_DeInit                                   build/debug/stm32f1xx_hal_gpio.o
                                                  build/debug/usart.o
HAL_GPIO_EXTI_Callback                            build/debug/stm32f1xx_hal_gpio.o
HAL_GPIO_EXTI_IRQHandler                          build/debug/stm32f1xx_hal_gpio.o
HAL_GPIO_Init                                     build/debug/stm32f1xx_hal_gpio.o
                                                  build/debug/usart.o
                                                  build/debug/stm32f1xx_hal_rcc.o
HAL_GPIO_LockPin                                  build/debug/stm32f1xx_hal_gpio.o
HAL_GPIO_ReadPin                                  build/debug/stm32f1xx_hal_gpio.o
HAL_GPIO_TogglePin                                build/debug/stm32f1xx_hal_gpio.o
HAL_GPIO_WritePin                                 build/debug/stm32f1xx_hal_gpio.o
HAL_GetDEVID                                      build/debug/stm32f1xx_hal.o
HAL_GetHalVersion                                 build/debug/stm32f1xx_hal.o
HAL_GetREVID                                      build/debug/stm32f1xx_hal.o
HAL_GetTick                                       build/debug/stm32f1xx_hal.o
                                                  build/debug/stm32f1xx_hal_uart.o
                                                  build/debug/stm32f1xx_hal_rcc_ex.o
                                                  build/debug/stm32f1xx_hal_rcc.o
                                                  build/debug/stm32f1xx_hal_flash.o
                                                  build/debug/stm32f1xx_hal_dma.o
HAL_GetTickFreq                                   build/debug/stm32f1xx_hal.o
HAL_GetTickPrio                                   build/debug/stm32f1xx_hal.o
HAL_GetUIDw0                                      build/debug/stm32f1xx_hal.o
HAL_GetUIDw1                                      build/debug/stm32f1xx_hal.o
HAL_GetUIDw2                                      build/debug/stm32f1xx_hal.o
HAL_HalfDuplex_EnableReceiver                     build/debug/stm32f1xx_hal_uart.o
HAL_HalfDuplex_EnableTransmitter                  build/debug/stm32f1xx_hal_uart.o
HAL_HalfDuplex_Init                               build/debug/stm32f1xx_hal_uart.o
HAL_IncTick                                       build/debug/stm32f1xx_hal.o
                                                  build/debug/main.o
HAL_Init                                          build/debug/stm32f1xx_hal.o
                                                  build/debug/main.o
HAL_InitTick                                      build/debug/stm32f1xx_hal_timebase_tim.o
                                                  build/debug/stm32f1xx_hal.o
                                                  build/debug/stm32f1xx_hal_rcc.o
HAL_LIN_Init                                      build/debug/stm32f1xx_hal_uart.o
HAL_LIN_SendBreak                                 build/debug/stm32f1xx_hal_uart.o
HAL_MspDeInit                                     build/debug/stm32f1xx_hal.o
HAL_MspInit                                       build/debug/stm32f1xx_hal_msp.o
                                                  build/debug/stm32f1xx_hal.o
HAL_MultiProcessor_EnterMuteMode                  build/debug/stm32f1xx_hal_uart.o
HAL_MultiProcessor_ExitMuteMode                   build/debug/stm32f1xx_hal_uart.o
HAL_MultiProcessor_Init                           build/debug/stm32f1xx_hal_uart.o
HAL_NVIC_ClearPendingIRQ                          build/debug/stm32f1xx_hal_cortex.o
HAL_NVIC_DisableIRQ                               build/debug/stm32f1xx_hal_cortex.o
HAL_NVIC_EnableIRQ                                build/debug/stm32f1xx_hal_cortex.o
                                                  build/debug/stm32f1xx_hal_timebase_tim.o
HAL_NVIC_GetActive                                build/debug/stm32f1xx_hal_cortex.o
HAL_NVIC_GetPendingIRQ                            build/debug/stm32f1xx_hal_cortex.o
HAL_NVIC_GetPriority                              build/debug/stm32f1xx_hal_cortex.o
HAL_NVIC_GetPriorityGrouping                      build/debug/stm32f1xx_hal_cortex.o
HAL_NVIC_SetPendingIRQ                            build/debug/stm32f1xx_hal_cortex.o
HAL_NVIC_SetPriority                              build/debug/stm32f1xx_hal_cortex.o
                                                  build/debug/stm32f1xx_hal_timebase_tim.o
                                                  build/debug/stm32f1xx_hal_msp.o
                                                  build/debug/stm32f1xx_hal.o
HAL_NVIC_SetPriorityGrouping                      build/debug/stm32f1xx_hal_cortex.o
                                                  build/debug/stm32f1xx_hal.o
HAL_NVIC_SystemReset                              build/debug/stm32f1xx_hal_cortex.o
                                                  build/debug/stm32f1xx_hal_flash.o
HAL_PWR_ConfigPVD                                 build/debug/stm32f1xx_hal_pwr.o
HAL_PWR_DeInit                                    build/debug/stm32f1xx_hal_pwr.o
HAL_PWR_DisableBkUpAccess                         build/debug/stm32f1xx_hal_pwr.o
HAL_PWR_DisablePVD                                build/debug/stm32f1xx_hal_pwr.o
HAL_PWR_DisableSEVOnPend                          build/debug/stm32f1xx_hal_pwr.o
HAL_PWR_DisableSleepOnExit                        build/debug/stm32f1xx_hal_pwr.o
HAL_PWR_DisableWakeUpPin                          build/debug/stm32f1xx_hal_pwr.o
HAL_PWR_EnableBkUpAccess                          build/debug/stm32f1xx_hal_pwr.o
HAL_PWR_EnablePVD                                 build/debug/stm32f1xx_hal_pwr.o
HAL_PWR_EnableSEVOnPend                           build/debug/stm32f1xx_hal_pwr.o
HAL_PWR_EnableSleepOnExit                         build/debug/stm32f1xx_hal_pwr.o
HAL_PWR_EnableWakeUpPin                           build/debug/stm32f1xx_hal_pwr.o
HAL_PWR_EnterSLEEPMode                            build/debug/stm32f1xx_hal_pwr.o
HAL_PWR_EnterSTANDBYMode                          build/debug/stm32f1xx_hal_pwr.o
HAL_PWR_EnterSTOPMode                             build/debug/stm32f1xx_hal_pwr.o
HAL_PWR_PVDCallback                               build/debug/stm32f1xx_hal_pwr.o
HAL_PWR_PVD_IRQHandler                            build/debug/stm32f1xx_hal_pwr.o
HAL_RCCEx_GetPeriphCLKConfig                      build/debug/stm32f1xx_hal_rcc_ex.o
HAL_RCCEx_GetPeriphCLKFreq                        build/debug/stm32f1xx_hal_rcc_ex.o
HAL_RCCEx_PeriphCLKConfig                         build/debug/stm32f1xx_hal_rcc_ex.o
HAL_RCC_CSSCallback                               build/debug/stm32f1xx_hal_rcc.o
HAL_RCC_ClockConfig                               build/debug/stm32f1xx_hal_rcc.o
                                                  build/debug/main.o
HAL_RCC_DeInit                                    build/debug/stm32f1xx_hal_rcc.o
HAL_RCC_DisableCSS                                build/debug/stm32f1xx_hal_rcc.o
HAL_RCC_EnableCSS                                 build/debug/stm32f1xx_hal_rcc.o
HAL_RCC_GetClockConfig                            build/debug/stm32f1xx_hal_rcc.o
                                                  build/debug/stm32f1xx_hal_timebase_tim.o
HAL_RCC_GetHCLKFreq                               build/debug/stm32f1xx_hal_rcc.o
HAL_RCC_GetOscConfig                              build/debug/stm32f1xx_hal_rcc.o
HAL_RCC_GetPCLK1Freq                              build/debug/stm32f1xx_hal_rcc.o
                                                  build/debug/stm32f1xx_hal_uart.o
                                                  build/debug/stm32f1xx_hal_timebase_tim.o
HAL_RCC_GetPCLK2Freq                              build/debug/stm32f1xx_hal_rcc.o
                                                  build/debug/stm32f1xx_hal_uart.o
                                                  build/debug/stm32f1xx_hal_rcc_ex.o
HAL_RCC_GetSysClockFreq                           build/debug/stm32f1xx_hal_rcc.o
HAL_RCC_MCOConfig                                 build/debug/stm32f1xx_hal_rcc.o
HAL_RCC_NMI_IRQHandler                            build/debug/stm32f1xx_hal_rcc.o
HAL_RCC_OscConfig                                 build/debug/stm32f1xx_hal_rcc.o
                                                  build/debug/main.o
HAL_ResumeTick                                    build/debug/stm32f1xx_hal_timebase_tim.o
                                                  build/debug/stm32f1xx_hal.o
HAL_SYSTICK_CLKSourceConfig                       build/debug/stm32f1xx_hal_cortex.o
HAL_SYSTICK_Callback                              build/debug/stm32f1xx_hal_cortex.o
HAL_SYSTICK_Config                                build/debug/stm32f1xx_hal_cortex.o
                                                  build/debug/stm32f1xx_hal.o
HAL_SYSTICK_IRQHandler                            build/debug/stm32f1xx_hal_cortex.o
HAL_SetTickFreq                                   build/debug/stm32f1xx_hal.o
HAL_SuspendTick                                   build/debug/stm32f1xx_hal_timebase_tim.o
                                                  build/debug/stm32f1xx_hal.o
HAL_TIMEx_BreakCallback                           build/debug/stm32f1xx_hal_tim_ex.o
                                                  build/debug/stm32f1xx_hal_tim.o
HAL_TIMEx_CommutCallback                          build/debug/stm32f1xx_hal_tim_ex.o
                                                  build/debug/stm32f1xx_hal_tim.o
HAL_TIMEx_CommutHalfCpltCallback                  build/debug/stm32f1xx_hal_tim_ex.o
HAL_TIMEx_ConfigBreakDeadTime                     build/debug/stm32f1xx_hal_tim_ex.o
HAL_TIMEx_ConfigCommutEvent                       build/debug/stm32f1xx_hal_tim_ex.o
HAL_TIMEx_ConfigCommutEvent_DMA                   build/debug/stm32f1xx_hal_tim_ex.o
HAL_TIMEx_ConfigCommutEvent_IT                    build/debug/stm32f1xx_hal_tim_ex.o
HAL_TIMEx_GetChannelNState                        build/debug/stm32f1xx_hal_tim_ex.o
HAL_TIMEx_HallSensor_DeInit                       build/debug/stm32f1xx_hal_tim_ex.o
HAL_TIMEx_HallSensor_GetState                     build/debug/stm32f1xx_hal_tim_ex.o
HAL_TIMEx_HallSensor_Init                         build/debug/stm32f1xx_hal_tim_ex.o
HAL_TIMEx_HallSensor_MspDeInit                    build/debug/stm32f1xx_hal_tim_ex.o
HAL_TIMEx_HallSensor_MspInit                      build/debug/stm32f1xx_hal_tim_ex.o
HAL_TIMEx_HallSensor_Start                        build/debug/stm32f1xx_hal_tim_ex.o
HAL_TIMEx_HallSensor_Start_DMA                    build/debug/stm32f1xx_hal_tim_ex.o
HAL_TIMEx_HallSensor_Start_IT                     build/debug/stm32f1xx_hal_tim_ex.o
HAL_TIMEx_HallSensor_Stop                         build/debug/stm32f1xx_hal_tim_ex.o
HAL_TIMEx_HallSensor_Stop_DMA                     build/debug/stm32f1xx_hal_tim_ex.o
HAL_TIMEx_HallSensor_Stop_IT                      build/debug/stm32f1xx_hal_tim_ex.o
HAL_TIMEx_MasterConfigSynchronization             build/debug/stm32f1xx_hal_tim_ex.o
HAL_TIMEx_OCN_Start                               build/debug/stm32f1xx_hal_tim_ex.o
HAL_TIMEx_OCN_Start_DMA                           build/debug/stm32f1xx_hal_tim_ex.o
HAL_TIMEx_OCN_Start_IT                            build/debug/stm32f1xx_hal_tim_ex.o
HAL_TIMEx_OCN_Stop                                build/debug/stm32f1xx_hal_tim_ex.o
HAL_TIMEx_OCN_Stop_DMA                            build/debug/stm32f1xx_hal_tim_ex.o
HAL_TIMEx_OCN_Stop_IT                             build/debug/stm32f1xx_hal_tim_ex.o
HAL_TIMEx_OnePulseN_Start                         build/debug/stm32f1xx_hal_tim_ex.o
HAL_TIMEx_OnePulseN_Start_IT                      build/debug/stm32f1xx_hal_tim_ex.o
HAL_TIMEx_OnePulseN_Stop                          build/debug/stm32f1xx_hal_tim_ex.o
HAL_TIMEx_OnePulseN_Stop_IT                       build/debug/stm32f1xx_hal_tim_ex.o
HAL_TIMEx_PWMN_Start                              build/debug/stm32f1xx_hal_tim_ex.o
HAL_TIMEx_PWMN_Start_DMA                          build/debug/stm32f1xx_hal_tim_ex.o
HAL_TIMEx_PWMN_Start_IT                           build/debug/stm32f1xx_hal_tim_ex.o
HAL_TIMEx_PWMN_Stop                               build/debug/stm32f1xx_hal_tim_ex.o
HAL_TIMEx_PWMN_Stop_DMA                           build/debug/stm32f1xx_hal_tim_ex.o
HAL_TIMEx_PWMN_Stop_IT                            build/debug/stm32f1xx_hal_tim_ex.o
HAL_TIMEx_RemapConfig                             build/debug/stm32f1xx_hal_tim_ex.o
HAL_TIM_Base_DeInit                               build/debug/stm32f1xx_hal_tim.o
HAL_TIM_Base_GetState                             build/debug/stm32f1xx_hal_tim.o
HAL_TIM_Base_Init                                 build/debug/stm32f1xx_hal_tim.o
                                                  build/debug/stm32f1xx_hal_timebase_tim.o
HAL_TIM_Base_MspDeInit                            build/debug/stm32f1xx_hal_tim.o
HAL_TIM_Base_MspInit                              build/debug/stm32f1xx_hal_tim.o
HAL_TIM_Base_Start                                build/debug/stm32f1xx_hal_tim.o
HAL_TIM_Base_Start_DMA                            build/debug/stm32f1xx_hal_tim.o
HAL_TIM_Base_Start_IT                             build/debug/stm32f1xx_hal_tim.o
                                                  build/debug/stm32f1xx_hal_timebase_tim.o
HAL_TIM_Base_Stop                                 build/debug/stm32f1xx_hal_tim.o
HAL_TIM_Base_Stop_DMA                             build/debug/stm32f1xx_hal_tim.o
HAL_TIM_Base_Stop_IT                              build/debug/stm32f1xx_hal_tim.o
HAL_TIM_ConfigClockSource                         build/debug/stm32f1xx_hal_tim.o
HAL_TIM_ConfigOCrefClear                          build/debug/stm32f1xx_hal_tim.o
HAL_TIM_ConfigTI1Input                            build/debug/stm32f1xx_hal_tim.o
HAL_TIM_DMABurstState                             build/debug/stm32f1xx_hal_tim.o
HAL_TIM_DMABurst_MultiReadStart                   build/debug/stm32f1xx_hal_tim.o
HAL_TIM_DMABurst_MultiWriteStart                  build/debug/stm32f1xx_hal_tim.o
HAL_TIM_DMABurst_ReadStart                        build/debug/stm32f1xx_hal_tim.o
HAL_TIM_DMABurst_ReadStop                         build/debug/stm32f1xx_hal_tim.o
HAL_TIM_DMABurst_WriteStart                       build/debug/stm32f1xx_hal_tim.o
HAL_TIM_DMABurst_WriteStop                        build/debug/stm32f1xx_hal_tim.o
HAL_TIM_Encoder_DeInit                            build/debug/stm32f1xx_hal_tim.o
HAL_TIM_Encoder_GetState                          build/debug/stm32f1xx_hal_tim.o
HAL_TIM_Encoder_Init                              build/debug/stm32f1xx_hal_tim.o
HAL_TIM_Encoder_MspDeInit                         build/debug/stm32f1xx_hal_tim.o
HAL_TIM_Encoder_MspInit                           build/debug/stm32f1xx_hal_tim.o
HAL_TIM_Encoder_Start                             build/debug/stm32f1xx_hal_tim.o
HAL_TIM_Encoder_Start_DMA                         build/debug/stm32f1xx_hal_tim.o
HAL_TIM_Encoder_Start_IT                          build/debug/stm32f1xx_hal_tim.o
HAL_TIM_Encoder_Stop                              build/debug/stm32f1xx_hal_tim.o
HAL_TIM_Encoder_Stop_DMA                          build/debug/stm32f1xx_hal_tim.o
HAL_TIM_Encoder_Stop_IT                           build/debug/stm32f1xx_hal_tim.o
HAL_TIM_ErrorCallback                             build/debug/stm32f1xx_hal_tim.o
                                                  build/debug/stm32f1xx_hal_tim_ex.o
HAL_TIM_GenerateEvent                             build/debug/stm32f1xx_hal_tim.o
HAL_TIM_GetActiveChannel                          build/debug/stm32f1xx_hal_tim.o
HAL_TIM_GetChannelState                           build/debug/stm32f1xx_hal_tim.o
HAL_TIM_IC_CaptureCallback                        build/debug/stm32f1xx_hal_tim.o
HAL_TIM_IC_CaptureHalfCpltCallback                build/debug/stm32f1xx_hal_tim.o
HAL_TIM_IC_ConfigChannel                          build/debug/stm32f1xx_hal_tim.o
HAL_TIM_IC_DeInit                                 build/debug/stm32f1xx_hal_tim.o
HAL_TIM_IC_GetState                               build/debug/stm32f1xx_hal_tim.o
HAL_TIM_IC_Init                                   build/debug/stm32f1xx_hal_tim.o
HAL_TIM_IC_MspDeInit                              build/debug/stm32f1xx_hal_tim.o
HAL_TIM_IC_MspInit                                build/debug/stm32f1xx_hal_tim.o
HAL_TIM_IC_Start                                  build/debug/stm32f1xx_hal_tim.o
HAL_TIM_IC_Start_DMA                              build/debug/stm32f1xx_hal_tim.o
HAL_TIM_IC_Start_IT                               build/debug/stm32f1xx_hal_tim.o
HAL_TIM_IC_Stop                                   build/debug/stm32f1xx_hal_tim.o
HAL_TIM_IC_Stop_DMA                               build/debug/stm32f1xx_hal_tim.o
HAL_TIM_IC_Stop_IT                                build/debug/stm32f1xx_hal_tim.o
HAL_TIM_IRQHandler                                build/debug/stm32f1xx_hal_tim.o
                                                  build/debug/stm32f1xx_it.o
HAL_TIM_OC_ConfigChannel                          build/debug/stm32f1xx_hal_tim.o
HAL_TIM_OC_DeInit                                 build/debug/stm32f1xx_hal_tim.o
HAL_TIM_OC_DelayElapsedCallback                   build/debug/stm32f1xx_hal_tim.o
HAL_TIM_OC_GetState                               build/debug/stm32f1xx_hal_tim.o
HAL_TIM_OC_Init                                   build/debug/stm32f1xx_hal_tim.o
HAL_TIM_OC_MspDeInit                              build/debug/stm32f1xx_hal_tim.o
HAL_TIM_OC_MspInit                                build/debug/stm32f1xx_hal_tim.o
HAL_TIM_OC_Start                                  build/debug/stm32f1xx_hal_tim.o
HAL_TIM_OC_Start_DMA                              build/debug/stm32f1xx_hal_tim.o
HAL_TIM_OC_Start_IT                               build/debug/stm32f1xx_hal_tim.o
HAL_TIM_OC_Stop                                   build/debug/stm32f1xx_hal_tim.o
HAL_TIM_OC_Stop_DMA                               build/debug/stm32f1xx_hal_tim.o
HAL_TIM_OC_Stop_IT                                build/debug/stm32f1xx_hal_tim.o
HAL_TIM_OnePulse_ConfigChannel                    build/debug/stm32f1xx_hal_tim.o
HAL_TIM_OnePulse_DeInit                           build/debug/stm32f1xx_hal_tim.o
HAL_TIM_OnePulse_GetState                         build/debug/stm32f1xx_hal_tim.o
HAL_TIM_OnePulse_Init                             build/debug/stm32f1xx_hal_tim.o
HAL_TIM_OnePulse_MspDeInit                        build/debug/stm32f1xx_hal_tim.o
HAL_TIM_OnePulse_MspInit                          build/debug/stm32f1xx_hal_tim.o
HAL_TIM_OnePulse_Start                            build/debug/stm32f1xx_hal_tim.o
HAL_TIM_OnePulse_Start_IT                         build/debug/stm32f1xx_hal_tim.o
HAL_TIM_OnePulse_Stop                             build/debug/stm32f1xx_hal_tim.o
HAL_TIM_OnePulse_Stop_IT                          build/debug/stm32f1xx_hal_tim.o
HAL_TIM_PWM_ConfigChannel                         build/debug/stm32f1xx_hal_tim.o
HAL_TIM_PWM_DeInit                                build/debug/stm32f1xx_hal_tim.o
HAL_TIM_PWM_GetState                              build/debug/stm32f1xx_hal_tim.o
HAL_TIM_PWM_Init                                  build/debug/stm32f1xx_hal_tim.o
HAL_TIM_PWM_MspDeInit                             build/debug/stm32f1xx_hal_tim.o
HAL_TIM_PWM_MspInit                               build/debug/stm32f1xx_hal_tim.o
HAL_TIM_PWM_PulseFinishedCallback                 build/debug/stm32f1xx_hal_tim.o
                                                  build/debug/stm32f1xx_hal_tim_ex.o
HAL_TIM_PWM_PulseFinishedHalfCpltCallback         build/debug/stm32f1xx_hal_tim.o
HAL_TIM_PWM_Start                                 build/debug/stm32f1xx_hal_tim.o
HAL_TIM_PWM_Start_DMA                             build/debug/stm32f1xx_hal_tim.o
HAL_TIM_PWM_Start_IT                              build/debug/stm32f1xx_hal_tim.o
HAL_TIM_PWM_Stop                                  build/debug/stm32f1xx_hal_tim.o
HAL_TIM_PWM_Stop_DMA                              build/debug/stm32f1xx_hal_tim.o
HAL_TIM_PWM_Stop_IT                               build/debug/stm32f1xx_hal_tim.o
HAL_TIM_PeriodElapsedCallback                     build/debug/main.o
HAL_TIM_PeriodElapsedHalfCpltCallback             build/debug/stm32f1xx_hal_tim.o
HAL_TIM_ReadCapturedValue                         build/debug/stm32f1xx_hal_tim.o
HAL_TIM_SlaveConfigSynchro                        build/debug/stm32f1xx_hal_tim.o
HAL_TIM_SlaveConfigSynchro_IT                     build/debug/stm32f1xx_hal_tim.o
HAL_TIM_TriggerCallback                           build/debug/stm32f1xx_hal_tim.o
HAL_TIM_TriggerHalfCpltCallback                   build/debug/stm32f1xx_hal_tim.o
HAL_UARTEx_GetRxEventType                         build/debug/stm32f1xx_hal_uart.o
HAL_UARTEx_ReceiveToIdle                          build/debug/stm32f1xx_hal_uart.o
HAL_UARTEx_ReceiveToIdle_DMA                      build/debug/stm32f1xx_hal_uart.o
HAL_UARTEx_ReceiveToIdle_IT                       build/debug/stm32f1xx_hal_uart.o
HAL_UARTEx_RxEventCallback                        build/debug/stm32f1xx_hal_uart.o
HAL_UART_Abort                                    build/debug/stm32f1xx_hal_uart.o
HAL_UART_AbortCpltCallback                        build/debug/stm32f1xx_hal_uart.o
HAL_UART_AbortReceive                             build/debug/stm32f1xx_hal_uart.o
HAL_UART_AbortReceiveCpltCallback                 build/debug/stm32f1xx_hal_uart.o
HAL_UART_AbortReceive_IT                          build/debug/stm32f1xx_hal_uart.o
HAL_UART_AbortTransmit                            build/debug/stm32f1xx_hal_uart.o
HAL_UART_AbortTransmitCpltCallback                build/debug/stm32f1xx_hal_uart.o
HAL_UART_AbortTransmit_IT                         build/debug/stm32f1xx_hal_uart.o
HAL_UART_Abort_IT                                 build/debug/stm32f1xx_hal_uart.o
HAL_UART_DMAPause                                 build/debug/stm32f1xx_hal_uart.o
HAL_UART_DMAResume                                build/debug/stm32f1xx_hal_uart.o
HAL_UART_DMAStop                                  build/debug/stm32f1xx_hal_uart.o
HAL_UART_DeInit                                   build/debug/stm32f1xx_hal_uart.o
HAL_UART_ErrorCallback                            build/debug/stm32f1xx_hal_uart.o
HAL_UART_GetError                                 build/debug/stm32f1xx_hal_uart.o
HAL_UART_GetState                                 build/debug/stm32f1xx_hal_uart.o
HAL_UART_IRQHandler                               build/debug/stm32f1xx_hal_uart.o
HAL_UART_Init                                     build/debug/stm32f1xx_hal_uart.o
                                                  build/debug/usart.o